Archive member included to satisfy reference by file (symbol)

c:/program files (x86)/gnu tools arm embedded/7 2018-q2-update/bin/../lib/gcc/arm-none-eabi/7.3.1/../../../../arm-none-eabi/lib/thumb/v6-m\libc_nano.a(lib_a-exit.o)
                              c:/program files (x86)/gnu tools arm embedded/7 2018-q2-update/bin/../lib/gcc/arm-none-eabi/7.3.1/../../../../arm-none-eabi/lib/thumb/v6-m/crt0.o (exit)
c:/program files (x86)/gnu tools arm embedded/7 2018-q2-update/bin/../lib/gcc/arm-none-eabi/7.3.1/../../../../arm-none-eabi/lib/thumb/v6-m\libc_nano.a(lib_a-impure.o)
                              c:/program files (x86)/gnu tools arm embedded/7 2018-q2-update/bin/../lib/gcc/arm-none-eabi/7.3.1/../../../../arm-none-eabi/lib/thumb/v6-m\libc_nano.a(lib_a-exit.o) (_global_impure_ptr)
c:/program files (x86)/gnu tools arm embedded/7 2018-q2-update/bin/../lib/gcc/arm-none-eabi/7.3.1/../../../../arm-none-eabi/lib/thumb/v6-m\libc_nano.a(lib_a-init.o)
                              c:/program files (x86)/gnu tools arm embedded/7 2018-q2-update/bin/../lib/gcc/arm-none-eabi/7.3.1/../../../../arm-none-eabi/lib/thumb/v6-m/crt0.o (__libc_init_array)
c:/program files (x86)/gnu tools arm embedded/7 2018-q2-update/bin/../lib/gcc/arm-none-eabi/7.3.1/../../../../arm-none-eabi/lib/thumb/v6-m\libc_nano.a(lib_a-memset.o)
                              c:/program files (x86)/gnu tools arm embedded/7 2018-q2-update/bin/../lib/gcc/arm-none-eabi/7.3.1/../../../../arm-none-eabi/lib/thumb/v6-m/crt0.o (memset)
c:/program files (x86)/gnu tools arm embedded/7 2018-q2-update/bin/../lib/gcc/arm-none-eabi/7.3.1/../../../../arm-none-eabi/lib/thumb/v6-m\libc_nano.a(lib_a-sprintf.o)
                              build/rotaryencoder.o (sprintf)
c:/program files (x86)/gnu tools arm embedded/7 2018-q2-update/bin/../lib/gcc/arm-none-eabi/7.3.1/../../../../arm-none-eabi/lib/thumb/v6-m\libc_nano.a(lib_a-strlen.o)
                              build/usart.o (strlen)
c:/program files (x86)/gnu tools arm embedded/7 2018-q2-update/bin/../lib/gcc/arm-none-eabi/7.3.1/../../../../arm-none-eabi/lib/thumb/v6-m\libc_nano.a(lib_a-nano-svfprintf.o)
                              c:/program files (x86)/gnu tools arm embedded/7 2018-q2-update/bin/../lib/gcc/arm-none-eabi/7.3.1/../../../../arm-none-eabi/lib/thumb/v6-m\libc_nano.a(lib_a-sprintf.o) (_svfprintf_r)
c:/program files (x86)/gnu tools arm embedded/7 2018-q2-update/bin/../lib/gcc/arm-none-eabi/7.3.1/../../../../arm-none-eabi/lib/thumb/v6-m\libc_nano.a(lib_a-nano-vfprintf_i.o)
                              c:/program files (x86)/gnu tools arm embedded/7 2018-q2-update/bin/../lib/gcc/arm-none-eabi/7.3.1/../../../../arm-none-eabi/lib/thumb/v6-m\libc_nano.a(lib_a-nano-svfprintf.o) (_printf_i)
c:/program files (x86)/gnu tools arm embedded/7 2018-q2-update/bin/../lib/gcc/arm-none-eabi/7.3.1/../../../../arm-none-eabi/lib/thumb/v6-m\libc_nano.a(lib_a-memchr-stub.o)
                              c:/program files (x86)/gnu tools arm embedded/7 2018-q2-update/bin/../lib/gcc/arm-none-eabi/7.3.1/../../../../arm-none-eabi/lib/thumb/v6-m\libc_nano.a(lib_a-nano-svfprintf.o) (memchr)
c:/program files (x86)/gnu tools arm embedded/7 2018-q2-update/bin/../lib/gcc/arm-none-eabi/7.3.1/../../../../arm-none-eabi/lib/thumb/v6-m\libc_nano.a(lib_a-memcpy-stub.o)
                              c:/program files (x86)/gnu tools arm embedded/7 2018-q2-update/bin/../lib/gcc/arm-none-eabi/7.3.1/../../../../arm-none-eabi/lib/thumb/v6-m\libc_nano.a(lib_a-nano-svfprintf.o) (memcpy)
c:/program files (x86)/gnu tools arm embedded/7 2018-q2-update/bin/../lib/gcc/arm-none-eabi/7.3.1/../../../../arm-none-eabi/lib/thumb/v6-m\libc_nano.a(lib_a-memmove.o)
                              c:/program files (x86)/gnu tools arm embedded/7 2018-q2-update/bin/../lib/gcc/arm-none-eabi/7.3.1/../../../../arm-none-eabi/lib/thumb/v6-m\libc_nano.a(lib_a-nano-svfprintf.o) (memmove)
c:/program files (x86)/gnu tools arm embedded/7 2018-q2-update/bin/../lib/gcc/arm-none-eabi/7.3.1/../../../../arm-none-eabi/lib/thumb/v6-m\libc_nano.a(lib_a-nano-freer.o)
                              c:/program files (x86)/gnu tools arm embedded/7 2018-q2-update/bin/../lib/gcc/arm-none-eabi/7.3.1/../../../../arm-none-eabi/lib/thumb/v6-m\libc_nano.a(lib_a-nano-svfprintf.o) (_free_r)
c:/program files (x86)/gnu tools arm embedded/7 2018-q2-update/bin/../lib/gcc/arm-none-eabi/7.3.1/../../../../arm-none-eabi/lib/thumb/v6-m\libc_nano.a(lib_a-nano-mallocr.o)
                              c:/program files (x86)/gnu tools arm embedded/7 2018-q2-update/bin/../lib/gcc/arm-none-eabi/7.3.1/../../../../arm-none-eabi/lib/thumb/v6-m\libc_nano.a(lib_a-nano-svfprintf.o) (_malloc_r)
c:/program files (x86)/gnu tools arm embedded/7 2018-q2-update/bin/../lib/gcc/arm-none-eabi/7.3.1/../../../../arm-none-eabi/lib/thumb/v6-m\libc_nano.a(lib_a-nano-reallocr.o)
[...]
Memory Configuration

Name             Origin             Length             Attributes
RAM              0x20000000         0x00008000         xrw
FLASH            0x08000000         0x00040000         xr
*default*        0x00000000         0xffffffff

Linker script and memory map

LOAD c:/program files (x86)/gnu tools arm embedded/7 2018-q2-update/bin/../lib/gcc/arm-none-eabi/7.3.1/thumb/v6-m/crti.o
LOAD c:/program files (x86)/gnu tools arm embedded/7 2018-q2-update/bin/../lib/gcc/arm-none-eabi/7.3.1/thumb/v6-m/crtbegin.o
LOAD c:/program files (x86)/gnu tools arm embedded/7 2018-q2-update/bin/../lib/gcc/arm-none-eabi/7.3.1/../../../../arm-none-eabi/lib/thumb/v6-m/crt0.o
LOAD build/rotaryencoder.o
LOAD build/commandprompt.o
LOAD build/main.o
LOAD build/pca9685.o
LOAD build/gpio.o
LOAD build/i2c.o
LOAD build/rtc.o
LOAD build/usart.o
LOAD build/stm32f0xx_it.o
LOAD build/stm32f0xx_hal_msp.o
LOAD build/stm32f0xx_hal_i2c.o
LOAD build/stm32f0xx_hal_i2c_ex.o
LOAD build/stm32f0xx_hal_rtc.o
LOAD build/stm32f0xx_hal_rtc_ex.o
LOAD build/stm32f0xx_hal_tim.o
LOAD build/stm32f0xx_hal_tim_ex.o
LOAD build/stm32f0xx_hal_uart.o
LOAD build/stm32f0xx_hal_uart_ex.o
LOAD build/stm32f0xx_hal_rcc.o
LOAD build/stm32f0xx_hal_rcc_ex.o
LOAD build/stm32f0xx_hal.o
LOAD build/stm32f0xx_hal_gpio.o
LOAD build/stm32f0xx_hal_dma.o
LOAD build/stm32f0xx_hal_cortex.o
LOAD build/stm32f0xx_hal_pwr.o
LOAD build/stm32f0xx_hal_pwr_ex.o
LOAD build/stm32f0xx_hal_flash.o
LOAD build/stm32f0xx_hal_flash_ex.o
LOAD build/system_stm32f0xx.o
LOAD build/startup_stm32f030xc.o
LOAD c:/program files (x86)/gnu tools arm embedded/7 2018-q2-update/bin/../lib/gcc/arm-none-eabi/7.3.1/../../../../arm-none-eabi/lib/thumb/v6-m\libc_nano.a
LOAD c:/program files (x86)/gnu tools arm embedded/7 2018-q2-update/bin/../lib/gcc/arm-none-eabi/7.3.1/../../../../arm-none-eabi/lib/thumb/v6-m\libm.a
LOAD c:/program files (x86)/gnu tools arm embedded/7 2018-q2-update/bin/../lib/gcc/arm-none-eabi/7.3.1/../../../../arm-none-eabi/lib/thumb/v6-m\libnosys.a
START GROUP
LOAD c:/program files (x86)/gnu tools arm embedded/7 2018-q2-update/bin/../lib/gcc/arm-none-eabi/7.3.1/thumb/v6-m\libgcc.a
LOAD c:/program files (x86)/gnu tools arm embedded/7 2018-q2-update/bin/../lib/gcc/arm-none-eabi/7.3.1/../../../../arm-none-eabi/lib/thumb/v6-m\libc_nano.a
END GROUP
START GROUP
LOAD c:/program files (x86)/gnu tools arm embedded/7 2018-q2-update/bin/../lib/gcc/arm-none-eabi/7.3.1/thumb/v6-m\libgcc.a
LOAD c:/program files (x86)/gnu tools arm embedded/7 2018-q2-update/bin/../lib/gcc/arm-none-eabi/7.3.1/../../../../arm-none-eabi/lib/thumb/v6-m\libc_nano.a
END GROUP
LOAD c:/program files (x86)/gnu tools arm embedded/7 2018-q2-update/bin/../lib/gcc/arm-none-eabi/7.3.1/thumb/v6-m/crtend.o
LOAD c:/program files (x86)/gnu tools arm embedded/7 2018-q2-update/bin/../lib/gcc/arm-none-eabi/7.3.1/thumb/v6-m/crtn.o
                0x20008000                _estack = 0x20008000
                0x00000200                _Min_Heap_Size = 0x200
                0x00000400                _Min_Stack_Size = 0x400

.isr_vector     0x08000000       0xbc
                0x08000000                . = ALIGN (0x4)
 *(.isr_vector)
 .isr_vector    0x08000000       0xbc build/startup_stm32f030xc.o
                0x08000000                g_pfnVectors
                0x080000bc                . = ALIGN (0x4)

.text           0x080000bc     0x1f2c
                0x080000bc                . = ALIGN (0x4)
 *(.text)
 .text          0x080000bc       0x48 c:/program files (x86)/gnu tools arm embedded/7 2018-q2-update/bin/../lib/gcc/arm-none-eabi/7.3.1/thumb/v6-m/crtbegin.o
 .text          0x08000104        0xe c:/program files (x86)/gnu tools arm embedded/7 2018-q2-update/bin/../lib/gcc/arm-none-eabi/7.3.1/../../../../arm-none-eabi/lib/thumb/v6-m\libc_nano.a(lib_a-strlen.o)
                0x08000104                strlen
 *fill*         0x08000112        0x2 
 .text          0x08000114      0x114 c:/program files (x86)/gnu tools arm embedded/7 2018-q2-update/bin/../lib/gcc/arm-none-eabi/7.3.1/thumb/v6-m\libgcc.a(_udivsi3.o)
                0x08000114                __aeabi_uidiv
                0x08000114                __udivsi3
                0x08000220                __aeabi_uidivmod
 .text          0x08000228        0x4 c:/program files (x86)/gnu tools arm embedded/7 2018-q2-update/bin/../lib/gcc/arm-none-eabi/7.3.1/thumb/v6-m\libgcc.a(_dvmd_tls.o)
                0x08000228                __aeabi_idiv0
                0x08000228                __aeabi_ldiv0
 *(.text*)
 .text.setRotAFlag
                0x0800022c        0xc build/rotaryencoder.o
                0x0800022c                setRotAFlag
 .text.setRotBFlag
                0x08000238        0xc build/rotaryencoder.o
                0x08000238                setRotBFlag
 .text.setButton1Flag
                0x08000244        0xc build/rotaryencoder.o
                0x08000244                setButton1Flag
 .text._Error_Handler
                0x08000250        0x2 build/main.o
                0x08000250                _Error_Handler
 *fill*         0x08000252        0x2 
 .text.SystemClock_Config
                0x08000254       0xb4 build/main.o
                0x08000254                SystemClock_Config
 .text.main     0x08000308       0x34 build/main.o
                0x08000308                main
 .text.i2c_write_reg8
                0x0800033c       0x16 build/pca9685.o
 .text.i2c_write_reg8_multiple
                0x08000352       0x26 build/pca9685.o
 .text.pca9685_set_pwm
                0x08000378       0x26 build/pca9685.o
                0x08000378                pca9685_set_pwm
 *fill*         0x0800039e        0x2 
 .text.pca9685_set_pin
                0x080003a0       0x34 build/pca9685.o
                0x080003a0                pca9685_set_pin
 .text.set_OutputEnable_PCA9685
                0x080003d4       0x14 build/pca9685.o
                0x080003d4                set_OutputEnable_PCA9685
 .text.pca9685_init
                0x080003e8       0x2e build/pca9685.o
                0x080003e8                pca9685_init
 *fill*         0x08000416        0x2 
 .text.MX_GPIO_Init
                0x08000418       0x94 build/gpio.o
                0x08000418                MX_GPIO_Init
 .text.MX_I2C2_Init
                0x080004ac       0x70 build/i2c.o
                0x080004ac                MX_I2C2_Init
 .text.HAL_I2C_MspInit
                0x0800051c       0x50 build/i2c.o
                0x0800051c                HAL_I2C_MspInit
 .text.i2c_master_write
                0x0800056c       0x20 build/i2c.o
                0x0800056c                i2c_master_write
 .text.MX_RTC_Init
                0x0800058c       0x88 build/rtc.o
                0x0800058c                MX_RTC_Init
 .text.HAL_RTC_MspInit
                0x08000614       0x20 build/rtc.o
                0x08000614                HAL_RTC_MspInit
 .text.RTC_Set_Hours_Minutes_Seconds
                0x08000634       0x68 build/rtc.o
                0x08000634                RTC_Set_Hours_Minutes_Seconds
 .text.MX_USART2_UART_Init
                0x0800069c       0x44 build/usart.o
                0x0800069c                MX_USART2_UART_Init
 .text.HAL_UART_MspInit
                0x080006e0       0x4c build/usart.o
                0x080006e0                HAL_UART_MspInit
 .text.PrintToUART
                0x0800072c       0x1c build/usart.o
                0x0800072c                PrintToUART
 .text.NMI_Handler
                0x08000748        0x2 build/stm32f0xx_it.o
                0x08000748                NMI_Handler
 .text.HardFault_Handler
                0x0800074a        0x2 build/stm32f0xx_it.o
                0x0800074a                HardFault_Handler
 .text.SVC_Handler
                0x0800074c        0x2 build/stm32f0xx_it.o
                0x0800074c                SVC_Handler
 .text.PendSV_Handler
                0x0800074e        0x2 build/stm32f0xx_it.o
                0x0800074e                PendSV_Handler
 .text.SysTick_Handler
                0x08000750        0xc build/stm32f0xx_it.o
                0x08000750                SysTick_Handler
 .text.EXTI4_15_IRQHandler
                0x0800075c       0x48 build/stm32f0xx_it.o
                0x0800075c                EXTI4_15_IRQHandler
 .text.HAL_MspInit
                0x080007a4       0x54 build/stm32f0xx_hal_msp.o
                0x080007a4                HAL_MspInit
 .text.I2C_Flush_TXDR
                0x080007f8       0x1e build/stm32f0xx_hal_i2c.o
 *fill*         0x08000816        0x2 
 .text.I2C_TransferConfig
                0x08000818       0x28 build/stm32f0xx_hal_i2c.o
 .text.I2C_IsAcknowledgeFailed
                0x08000840       0x78 build/stm32f0xx_hal_i2c.o
 .text.I2C_WaitOnTXISFlagUntilTimeout
                0x080008b8       0x52 build/stm32f0xx_hal_i2c.o
 .text.I2C_WaitOnFlagUntilTimeout
                0x0800090a       0x46 build/stm32f0xx_hal_i2c.o
 .text.I2C_WaitOnSTOPFlagUntilTimeout
                0x08000950       0x4e build/stm32f0xx_hal_i2c.o
 *fill*         0x0800099e        0x2 
 .text.HAL_I2C_Init
                0x080009a0       0xcc build/stm32f0xx_hal_i2c.o
                0x080009a0                HAL_I2C_Init
 .text.HAL_I2C_Master_Transmit
                0x08000a6c      0x180 build/stm32f0xx_hal_i2c.o
                0x08000a6c                HAL_I2C_Master_Transmit
 .text.HAL_I2CEx_ConfigAnalogFilter
                0x08000bec       0x58 build/stm32f0xx_hal_i2c_ex.o
                0x08000bec                HAL_I2CEx_ConfigAnalogFilter
 .text.HAL_I2CEx_ConfigDigitalFilter
                0x08000c44       0x54 build/stm32f0xx_hal_i2c_ex.o
                0x08000c44                HAL_I2CEx_ConfigDigitalFilter
 .text.HAL_RTC_WaitForSynchro
                0x08000c98       0x32 build/stm32f0xx_hal_rtc.o
                0x08000c98                HAL_RTC_WaitForSynchro
 .text.RTC_EnterInitMode
                0x08000cca       0x3a build/stm32f0xx_hal_rtc.o
                0x08000cca                RTC_EnterInitMode
 .text.HAL_RTC_Init
                0x08000d04       0xc4 build/stm32f0xx_hal_rtc.o
                0x08000d04                HAL_RTC_Init
 .text.RTC_ByteToBcd2
                0x08000dc8       0x16 build/stm32f0xx_hal_rtc.o
                0x08000dc8                RTC_ByteToBcd2
 *fill*         0x08000dde        0x2 
 .text.HAL_RTC_SetTime
                0x08000de0       0xfc build/stm32f0xx_hal_rtc.o
                0x08000de0                HAL_RTC_SetTime
 .text.HAL_RTC_SetDate
                0x08000edc       0xd8 build/stm32f0xx_hal_rtc.o
                0x08000edc                HAL_RTC_SetDate
 .text.UART_SetConfig
                0x08000fb4      0x1f0 build/stm32f0xx_hal_uart.o
                0x08000fb4                UART_SetConfig
 .text.UART_AdvFeatureConfig
                0x080011a4       0xe0 build/stm32f0xx_hal_uart.o
                0x080011a4                UART_AdvFeatureConfig
 .text.UART_CheckIdleState
                0x08001284       0x16 build/stm32f0xx_hal_uart.o
                0x08001284                UART_CheckIdleState
 *fill*         0x0800129a        0x2 
 .text.HAL_UART_Init
                0x0800129c       0x70 build/stm32f0xx_hal_uart.o
                0x0800129c                HAL_UART_Init
 .text.UART_WaitOnFlagUntilTimeout
                0x0800130c       0x6c build/stm32f0xx_hal_uart.o
                0x0800130c                UART_WaitOnFlagUntilTimeout
 .text.HAL_UART_Transmit
                0x08001378       0xe2 build/stm32f0xx_hal_uart.o
                0x08001378                HAL_UART_Transmit
 *fill*         0x0800145a        0x2 
 .text.HAL_RCC_OscConfig
                0x0800145c      0x468 build/stm32f0xx_hal_rcc.o
                0x0800145c                HAL_RCC_OscConfig
 .text.HAL_RCC_GetSysClockFreq
                0x080018c4       0x74 build/stm32f0xx_hal_rcc.o
                0x080018c4                HAL_RCC_GetSysClockFreq
 .text.HAL_RCC_ClockConfig
                0x08001938      0x154 build/stm32f0xx_hal_rcc.o
                0x08001938                HAL_RCC_ClockConfig
 .text.HAL_RCC_GetHCLKFreq
                0x08001a8c        0xc build/stm32f0xx_hal_rcc.o
                0x08001a8c                HAL_RCC_GetHCLKFreq
 .text.HAL_RCC_GetPCLK1Freq
                0x08001a98       0x20 build/stm32f0xx_hal_rcc.o
                0x08001a98                HAL_RCC_GetPCLK1Freq
 .text.HAL_RCCEx_PeriphCLKConfig
                0x08001ab8      0x118 build/stm32f0xx_hal_rcc_ex.o
                0x08001ab8                HAL_RCCEx_PeriphCLKConfig
 .text.HAL_InitTick
                0x08001bd0       0x24 build/stm32f0xx_hal.o
                0x08001bd0                HAL_InitTick
 .text.HAL_Init
                0x08001bf4       0x20 build/stm32f0xx_hal.o
                0x08001bf4                HAL_Init
 .text.HAL_IncTick
                0x08001c14       0x10 build/stm32f0xx_hal.o
                0x08001c14                HAL_IncTick
 .text.HAL_GetTick
                0x08001c24        0xc build/stm32f0xx_hal.o
                0x08001c24                HAL_GetTick
 .text.HAL_GPIO_Init
                0x08001c30      0x18c build/stm32f0xx_hal_gpio.o
                0x08001c30                HAL_GPIO_Init
 .text.HAL_GPIO_WritePin
                0x08001dbc        0xc build/stm32f0xx_hal_gpio.o
                0x08001dbc                HAL_GPIO_WritePin
 .text.HAL_GPIO_EXTI_Callback
                0x08001dc8        0x2 build/stm32f0xx_hal_gpio.o
                0x08001dc8                HAL_GPIO_EXTI_Callback
 *fill*         0x08001dca        0x2 
 .text.HAL_GPIO_EXTI_IRQHandler
                0x08001dcc       0x1c build/stm32f0xx_hal_gpio.o
                0x08001dcc                HAL_GPIO_EXTI_IRQHandler
 .text.HAL_NVIC_SetPriority
                0x08001de8       0x60 build/stm32f0xx_hal_cortex.o
                0x08001de8                HAL_NVIC_SetPriority
 .text.HAL_NVIC_EnableIRQ
                0x08001e48       0x14 build/stm32f0xx_hal_cortex.o
                0x08001e48                HAL_NVIC_EnableIRQ
 .text.HAL_SYSTICK_Config
                0x08001e5c       0x38 build/stm32f0xx_hal_cortex.o
                0x08001e5c                HAL_SYSTICK_Config
 .text.HAL_SYSTICK_CLKSourceConfig
                0x08001e94       0x20 build/stm32f0xx_hal_cortex.o
                0x08001e94                HAL_SYSTICK_CLKSourceConfig
 .text.HAL_SYSTICK_Callback
                0x08001eb4        0x2 build/stm32f0xx_hal_cortex.o
                0x08001eb4                HAL_SYSTICK_Callback
 .text.HAL_SYSTICK_IRQHandler
                0x08001eb6        0x8 build/stm32f0xx_hal_cortex.o
                0x08001eb6                HAL_SYSTICK_IRQHandler
 *fill*         0x08001ebe        0x2 
 .text.HAL_PWR_EnableBkUpAccess
                0x08001ec0       0x14 build/stm32f0xx_hal_pwr.o
                0x08001ec0                HAL_PWR_EnableBkUpAccess
 .text.SystemInit
                0x08001ed4       0x60 build/system_stm32f0xx.o
                0x08001ed4                SystemInit
 .text.Reset_Handler
                0x08001f34       0x50 build/startup_stm32f030xc.o
                0x08001f34                Reset_Handler
 .text.Default_Handler
                0x08001f84        0x2 build/startup_stm32f030xc.o
                0x08001f84                TIM1_CC_IRQHandler
                0x08001f84                TIM6_IRQHandler
                0x08001f84                I2C1_IRQHandler
                0x08001f84                SPI1_IRQHandler
                0x08001f84                EXTI2_3_IRQHandler
                0x08001f84                ADC1_IRQHandler
                0x08001f84                I2C2_IRQHandler
                0x08001f84                USART3_6_IRQHandler
                0x08001f84                TIM17_IRQHandler
                0x08001f84                RTC_IRQHandler
                0x08001f84                TIM16_IRQHandler
                0x08001f84                TIM3_IRQHandler
                0x08001f84                RCC_IRQHandler
                0x08001f84                DMA1_Channel1_IRQHandler
                0x08001f84                Default_Handler
                0x08001f84                TIM14_IRQHandler
                0x08001f84                DMA1_Channel4_5_IRQHandler
                0x08001f84                TIM7_IRQHandler
                0x08001f84                TIM15_IRQHandler
                0x08001f84                EXTI0_1_IRQHandler
                0x08001f84                SPI2_IRQHandler
                0x08001f84                WWDG_IRQHandler
                0x08001f84                DMA1_Channel2_3_IRQHandler
                0x08001f84                USART2_IRQHandler
                0x08001f84                FLASH_IRQHandler
                0x08001f84                USART1_IRQHandler
                0x08001f84                TIM1_BRK_UP_TRG_COM_IRQHandler
 *fill*         0x08001f86        0x2 
 .text.__libc_init_array
                0x08001f88       0x48 c:/program files (x86)/gnu tools arm embedded/7 2018-q2-update/bin/../lib/gcc/arm-none-eabi/7.3.1/../../../../arm-none-eabi/lib/thumb/v6-m\libc_nano.a(lib_a-init.o)
                0x08001f88                __libc_init_array
 *(.glue_7)
 .glue_7        0x08001fd0        0x0 linker stubs
 *(.glue_7t)
 .glue_7t       0x08001fd0        0x0 linker stubs
 *(.eh_frame)
 .eh_frame      0x08001fd0        0x0 c:/program files (x86)/gnu tools arm embedded/7 2018-q2-update/bin/../lib/gcc/arm-none-eabi/7.3.1/thumb/v6-m/crtbegin.o
 *(.init)
 .init          0x08001fd0        0x4 c:/program files (x86)/gnu tools arm embedded/7 2018-q2-update/bin/../lib/gcc/arm-none-eabi/7.3.1/thumb/v6-m/crti.o
                0x08001fd0                _init
 .init          0x08001fd4        0x8 c:/program files (x86)/gnu tools arm embedded/7 2018-q2-update/bin/../lib/gcc/arm-none-eabi/7.3.1/thumb/v6-m/crtn.o
 *(.fini)
 .fini          0x08001fdc        0x4 c:/program files (x86)/gnu tools arm embedded/7 2018-q2-update/bin/../lib/gcc/arm-none-eabi/7.3.1/thumb/v6-m/crti.o
                0x08001fdc                _fini
 .fini          0x08001fe0        0x8 c:/program files (x86)/gnu tools arm embedded/7 2018-q2-update/bin/../lib/gcc/arm-none-eabi/7.3.1/thumb/v6-m/crtn.o
                0x08001fe8                . = ALIGN (0x4)
                0x08001fe8                _etext = .

.vfp11_veneer   0x08001fe8        0x0
 .vfp11_veneer  0x08001fe8        0x0 linker stubs

.v4_bx          0x08001fe8        0x0
 .v4_bx         0x08001fe8        0x0 linker stubs

.iplt           0x08001fe8        0x0
 .iplt          0x08001fe8        0x0 c:/program files (x86)/gnu tools arm embedded/7 2018-q2-update/bin/../lib/gcc/arm-none-eabi/7.3.1/thumb/v6-m/crtbegin.o

.rodata         0x08001fe8       0x78
                0x08001fe8                . = ALIGN (0x4)
 *(.rodata)
 .rodata        0x08001fe8       0x20 build/stm32f0xx_hal_rcc.o
 *(.rodata*)
 .rodata.SystemClock_Config.str1.4
                0x08002008        0xb build/main.o
 *fill*         0x08002013        0x1 
 .rodata.main.str1.4
                0x08002014       0x10 build/main.o
 .rodata.MX_I2C2_Init.str1.4
                0x08002024        0xa build/i2c.o
 *fill*         0x0800202e        0x2 
 .rodata.MX_RTC_Init.str1.4
                0x08002030        0xa build/rtc.o
 *fill*         0x0800203a        0x2 
 .rodata.MX_USART2_UART_Init.str1.4
                0x0800203c        0xc build/usart.o
 .rodata.AHBPrescTable
                0x08002048       0x10 build/system_stm32f0xx.o
                0x08002048                AHBPrescTable
 .rodata.APBPrescTable
                0x08002058        0x8 build/system_stm32f0xx.o
                0x08002058                APBPrescTable
                0x08002060                . = ALIGN (0x4)

.rel.dyn        0x08002060        0x0
 .rel.iplt      0x08002060        0x0 c:/program files (x86)/gnu tools arm embedded/7 2018-q2-update/bin/../lib/gcc/arm-none-eabi/7.3.1/thumb/v6-m/crtbegin.o

.ARM.extab
 *(.ARM.extab* .gnu.linkonce.armextab.*)

.ARM            0x08002060        0x0
                0x08002060                __exidx_start = .
 *(.ARM.exidx*)
                0x08002060                __exidx_end = .

.preinit_array  0x08002060        0x0
                0x08002060                PROVIDE (__preinit_array_start = .)
 *(.preinit_array*)
                0x08002060                PROVIDE (__preinit_array_end = .)

.init_array     0x08002060        0x4
                0x08002060                PROVIDE (__init_array_start = .)
 *(SORT_BY_NAME(.init_array.*))
 *(.init_array*)
 .init_array    0x08002060        0x4 c:/program files (x86)/gnu tools arm embedded/7 2018-q2-update/bin/../lib/gcc/arm-none-eabi/7.3.1/thumb/v6-m/crtbegin.o
                0x08002064                PROVIDE (__init_array_end = .)

.fini_array     0x08002064        0x4
                [!provide]                PROVIDE (__fini_array_start = .)
 *(SORT_BY_NAME(.fini_array.*))
 *(.fini_array*)
 .fini_array    0x08002064        0x4 c:/program files (x86)/gnu tools arm embedded/7 2018-q2-update/bin/../lib/gcc/arm-none-eabi/7.3.1/thumb/v6-m/crtbegin.o
                [!provide]                PROVIDE (__fini_array_end = .)
                0x08002068                _sidata = LOADADDR (.data)

.data           0x20000000        0x4 load address 0x08002068
                0x20000000                . = ALIGN (0x4)
                0x20000000                _sdata = .
 *(.data)
 *(.data*)
 .data.SystemCoreClock
                0x20000000        0x4 build/system_stm32f0xx.o
                0x20000000                SystemCoreClock
                0x20000004                . = ALIGN (0x4)
                0x20000004                _edata = .

.igot.plt       0x20000004        0x0 load address 0x0800206c
 .igot.plt      0x20000004        0x0 c:/program files (x86)/gnu tools arm embedded/7 2018-q2-update/bin/../lib/gcc/arm-none-eabi/7.3.1/thumb/v6-m/crtbegin.o
                0x20000004                . = ALIGN (0x4)

.bss            0x20000004      0x100 load address 0x0800206c
                0x20000004                _sbss = .
                0x20000004                __bss_start__ = _sbss
 *(.bss)
 .bss           0x20000004       0x1c c:/program files (x86)/gnu tools arm embedded/7 2018-q2-update/bin/../lib/gcc/arm-none-eabi/7.3.1/thumb/v6-m/crtbegin.o
 *(.bss*)
 .bss.Button1Flag
                0x20000020        0x1 build/rotaryencoder.o
                0x20000020                Button1Flag
 .bss.RotAFlag  0x20000021        0x1 build/rotaryencoder.o
                0x20000021                RotAFlag
 .bss.RotBFlag  0x20000022        0x1 build/rotaryencoder.o
                0x20000022                RotBFlag
 *(COMMON)
 *fill*         0x20000023        0x1 
 COMMON         0x20000024       0x4c build/i2c.o
                0x20000024                hi2c2
 COMMON         0x20000070       0x20 build/rtc.o
                0x20000070                hrtc
 COMMON         0x20000090       0x70 build/usart.o
                0x20000090                huart2
 COMMON         0x20000100        0x4 build/stm32f0xx_hal.o
                0x20000100                uwTick
                0x20000104                . = ALIGN (0x4)
                0x20000104                _ebss = .
                0x20000104                __bss_end__ = _ebss

._user_heap_stack
                0x20000104      0x604 load address 0x0800206c
                0x20000108                . = ALIGN (0x8)
 *fill*         0x20000104        0x4 
                0x20000108                PROVIDE (end = .)
                [!provide]                PROVIDE (_end = .)
                0x20000308                . = (. + _Min_Heap_Size)
 *fill*         0x20000108      0x200 
                0x20000708                . = (. + _Min_Stack_Size)
 *fill*         0x20000308      0x400 
                0x20000708                . = ALIGN (0x8)

/DISCARD/
 libc.a(*)
 libm.a(*)
 libgcc.a(*)

.ARM.attributes
                0x00000000       0x28
 *(.ARM.attributes)
 .ARM.attributes
                0x00000000       0x1e c:/program files (x86)/gnu tools arm embedded/7 2018-q2-update/bin/../lib/gcc/arm-none-eabi/7.3.1/thumb/v6-m/crti.o
 .ARM.attributes
                0x0000001e       0x2c c:/program files (x86)/gnu tools arm embedded/7 2018-q2-update/bin/../lib/gcc/arm-none-eabi/7.3.1/thumb/v6-m/crtbegin.o
 .ARM.attributes
                0x0000004a       0x31 build/rotaryencoder.o
 .ARM.attributes
                0x0000007b       0x31 build/main.o
 .ARM.attributes
                0x000000ac       0x31 build/pca9685.o
 .ARM.attributes
                0x000000dd       0x31 build/gpio.o
 .ARM.attributes
                0x0000010e       0x31 build/i2c.o
 .ARM.attributes
                0x0000013f       0x31 build/rtc.o
 .ARM.attributes
                0x00000170       0x31 build/usart.o
 .ARM.attributes
                0x000001a1       0x31 build/stm32f0xx_it.o
 .ARM.attributes
                0x000001d2       0x31 build/stm32f0xx_hal_msp.o
 .ARM.attributes
                0x00000203       0x31 build/stm32f0xx_hal_i2c.o
 .ARM.attributes
                0x00000234       0x31 build/stm32f0xx_hal_i2c_ex.o
 .ARM.attributes
                0x00000265       0x31 build/stm32f0xx_hal_rtc.o
 .ARM.attributes
                0x00000296       0x31 build/stm32f0xx_hal_uart.o
 .ARM.attributes
                0x000002c7       0x31 build/stm32f0xx_hal_rcc.o
 .ARM.attributes
                0x000002f8       0x31 build/stm32f0xx_hal_rcc_ex.o
 .ARM.attributes
                0x00000329       0x31 build/stm32f0xx_hal.o
 .ARM.attributes
                0x0000035a       0x31 build/stm32f0xx_hal_gpio.o
 .ARM.attributes
                0x0000038b       0x31 build/stm32f0xx_hal_cortex.o
 .ARM.attributes
                0x000003bc       0x31 build/stm32f0xx_hal_pwr.o
 .ARM.attributes
                0x000003ed       0x31 build/system_stm32f0xx.o
 .ARM.attributes
                0x0000041e       0x21 build/startup_stm32f030xc.o
 .ARM.attributes
                0x0000043f       0x2c c:/program files (x86)/gnu tools arm embedded/7 2018-q2-update/bin/../lib/gcc/arm-none-eabi/7.3.1/../../../../arm-none-eabi/lib/thumb/v6-m\libc_nano.a(lib_a-init.o)
 .ARM.attributes
                0x0000046b       0x1c c:/program files (x86)/gnu tools arm embedded/7 2018-q2-update/bin/../lib/gcc/arm-none-eabi/7.3.1/../../../../arm-none-eabi/lib/thumb/v6-m\libc_nano.a(lib_a-strlen.o)
 .ARM.attributes
                0x00000487       0x1e c:/program files (x86)/gnu tools arm embedded/7 2018-q2-update/bin/../lib/gcc/arm-none-eabi/7.3.1/thumb/v6-m\libgcc.a(_udivsi3.o)
 .ARM.attributes
                0x000004a5       0x1e c:/program files (x86)/gnu tools arm embedded/7 2018-q2-update/bin/../lib/gcc/arm-none-eabi/7.3.1/thumb/v6-m\libgcc.a(_dvmd_tls.o)
 .ARM.attributes
                0x000004c3       0x1e c:/program files (x86)/gnu tools arm embedded/7 2018-q2-update/bin/../lib/gcc/arm-none-eabi/7.3.1/thumb/v6-m/crtn.o
OUTPUT(build/IKEA_LED_STM32.elf elf32-littlearm)

.debug_info     0x00000000    0x19b48
 .debug_info    0x00000000     0x1338 build/rotaryencoder.o
 .debug_info    0x00001338     0x1b1c build/main.o
 .debug_info    0x00002e54     0x147f build/pca9685.o
 .debug_info    0x000042d3      0xe34 build/gpio.o
 .debug_info    0x00005107     0x14a1 build/i2c.o
 .debug_info    0x000065a8     0x1712 build/rtc.o
 .debug_info    0x00007cba     0x1414 build/usart.o
 .debug_info    0x000090ce      0xbc2 build/stm32f0xx_it.o
 .debug_info    0x00009c90      0xc6b build/stm32f0xx_hal_msp.o
 .debug_info    0x0000a8fb     0x3c85 build/stm32f0xx_hal_i2c.o
 .debug_info    0x0000e580     0x1202 build/stm32f0xx_hal_i2c_ex.o
 .debug_info    0x0000f782     0x1691 build/stm32f0xx_hal_rtc.o
 .debug_info    0x00010e13     0x22b9 build/stm32f0xx_hal_uart.o
 .debug_info    0x000130cc     0x12da build/stm32f0xx_hal_rcc.o
 .debug_info    0x000143a6      0xd27 build/stm32f0xx_hal_rcc_ex.o
 .debug_info    0x000150cd      0xfe7 build/stm32f0xx_hal.o
 .debug_info    0x000160b4      0xfbb build/stm32f0xx_hal_gpio.o
 .debug_info    0x0001706f     0x1130 build/stm32f0xx_hal_cortex.o
 .debug_info    0x0001819f      0xe08 build/stm32f0xx_hal_pwr.o
 .debug_info    0x00018fa7      0xb7f build/system_stm32f0xx.o
 .debug_info    0x00019b26       0x22 build/startup_stm32f030xc.o

.debug_abbrev   0x00000000     0x327e
 .debug_abbrev  0x00000000      0x266 build/rotaryencoder.o
 .debug_abbrev  0x00000266      0x26d build/main.o
 .debug_abbrev  0x000004d3      0x2c1 build/pca9685.o
 .debug_abbrev  0x00000794      0x228 build/gpio.o
 .debug_abbrev  0x000009bc      0x259 build/i2c.o
 .debug_abbrev  0x00000c15      0x26a build/rtc.o
 .debug_abbrev  0x00000e7f      0x24a build/usart.o
 .debug_abbrev  0x000010c9      0x1f4 build/stm32f0xx_it.o
 .debug_abbrev  0x000012bd      0x216 build/stm32f0xx_hal_msp.o
 .debug_abbrev  0x000014d3      0x329 build/stm32f0xx_hal_i2c.o
 .debug_abbrev  0x000017fc      0x247 build/stm32f0xx_hal_i2c_ex.o
 .debug_abbrev  0x00001a43      0x2cf build/stm32f0xx_hal_rtc.o
 .debug_abbrev  0x00001d12      0x2e1 build/stm32f0xx_hal_uart.o
 .debug_abbrev  0x00001ff3      0x2e6 build/stm32f0xx_hal_rcc.o
 .debug_abbrev  0x000022d9      0x287 build/stm32f0xx_hal_rcc_ex.o
 .debug_abbrev  0x00002560      0x2d9 build/stm32f0xx_hal.o
 .debug_abbrev  0x00002839      0x2be build/stm32f0xx_hal_gpio.o
 .debug_abbrev  0x00002af7      0x32e build/stm32f0xx_hal_cortex.o
 .debug_abbrev  0x00002e25      0x261 build/stm32f0xx_hal_pwr.o
 .debug_abbrev  0x00003086      0x1e6 build/system_stm32f0xx.o
 .debug_abbrev  0x0000326c       0x12 build/startup_stm32f030xc.o

.debug_loc      0x00000000     0x8a71
 .debug_loc     0x00000000       0x5d build/rotaryencoder.o
 .debug_loc     0x0000005d       0x4d build/main.o
 .debug_loc     0x000000aa      0x451 build/pca9685.o
 .debug_loc     0x000004fb       0x2c build/gpio.o
 .debug_loc     0x00000527      0x235 build/i2c.o
 .debug_loc     0x0000075c      0x134 build/rtc.o
 .debug_loc     0x00000890      0x178 build/usart.o
 .debug_loc     0x00000a08       0x40 build/stm32f0xx_it.o
 .debug_loc     0x00000a48       0x2c build/stm32f0xx_hal_msp.o
 .debug_loc     0x00000a74     0x4240 build/stm32f0xx_hal_i2c.o
 .debug_loc     0x00004cb4      0x21f build/stm32f0xx_hal_i2c_ex.o
 .debug_loc     0x00004ed3      0xce1 build/stm32f0xx_hal_rtc.o
 .debug_loc     0x00005bb4     0x1b1b build/stm32f0xx_hal_uart.o
 .debug_loc     0x000076cf      0x558 build/stm32f0xx_hal_rcc.o
 .debug_loc     0x00007c27      0x3a5 build/stm32f0xx_hal_rcc_ex.o
 .debug_loc     0x00007fcc      0x108 build/stm32f0xx_hal.o
 .debug_loc     0x000080d4      0x3a2 build/stm32f0xx_hal_gpio.o
 .debug_loc     0x00008476      0x3d3 build/stm32f0xx_hal_cortex.o
 .debug_loc     0x00008849       0xe8 build/stm32f0xx_hal_pwr.o
 .debug_loc     0x00008931      0x140 build/system_stm32f0xx.o

.debug_aranges  0x00000000      0xa70
 .debug_aranges
                0x00000000       0x78 build/rotaryencoder.o
 .debug_aranges
                0x00000078       0x30 build/main.o
 .debug_aranges
                0x000000a8       0x58 build/pca9685.o
 .debug_aranges
                0x00000100       0x20 build/gpio.o
 .debug_aranges
                0x00000120       0x40 build/i2c.o
 .debug_aranges
                0x00000160       0x40 build/rtc.o
 .debug_aranges
                0x000001a0       0x40 build/usart.o
 .debug_aranges
                0x000001e0       0x48 build/stm32f0xx_it.o
 .debug_aranges
                0x00000228       0x20 build/stm32f0xx_hal_msp.o
 .debug_aranges
                0x00000248      0x260 build/stm32f0xx_hal_i2c.o
 .debug_aranges
                0x000004a8       0x38 build/stm32f0xx_hal_i2c_ex.o
 .debug_aranges
                0x000004e0       0xb8 build/stm32f0xx_hal_rtc.o
 .debug_aranges
                0x00000598      0x1d8 build/stm32f0xx_hal_uart.o
 .debug_aranges
                0x00000770       0x80 build/stm32f0xx_hal_rcc.o
 .debug_aranges
                0x000007f0       0x30 build/stm32f0xx_hal_rcc_ex.o
 .debug_aranges
                0x00000820       0xb8 build/stm32f0xx_hal.o
 .debug_aranges
                0x000008d8       0x58 build/stm32f0xx_hal_gpio.o
 .debug_aranges
                0x00000930       0x78 build/stm32f0xx_hal_cortex.o
 .debug_aranges
                0x000009a8       0x78 build/stm32f0xx_hal_pwr.o
 .debug_aranges
                0x00000a20       0x28 build/system_stm32f0xx.o
 .debug_aranges
                0x00000a48       0x28 build/startup_stm32f030xc.o

.debug_ranges   0x00000000      0x9a0
 .debug_ranges  0x00000000       0x68 build/rotaryencoder.o
 .debug_ranges  0x00000068       0x20 build/main.o
 .debug_ranges  0x00000088       0x48 build/pca9685.o
 .debug_ranges  0x000000d0       0x10 build/gpio.o
 .debug_ranges  0x000000e0       0x30 build/i2c.o
 .debug_ranges  0x00000110       0x30 build/rtc.o
 .debug_ranges  0x00000140       0x30 build/usart.o
 .debug_ranges  0x00000170       0x38 build/stm32f0xx_it.o
 .debug_ranges  0x000001a8       0x10 build/stm32f0xx_hal_msp.o
 .debug_ranges  0x000001b8      0x250 build/stm32f0xx_hal_i2c.o
 .debug_ranges  0x00000408       0x28 build/stm32f0xx_hal_i2c_ex.o
 .debug_ranges  0x00000430       0xa8 build/stm32f0xx_hal_rtc.o
 .debug_ranges  0x000004d8      0x1c8 build/stm32f0xx_hal_uart.o
 .debug_ranges  0x000006a0       0x88 build/stm32f0xx_hal_rcc.o
 .debug_ranges  0x00000728       0x38 build/stm32f0xx_hal_rcc_ex.o
 .debug_ranges  0x00000760       0xa8 build/stm32f0xx_hal.o
 .debug_ranges  0x00000808       0x48 build/stm32f0xx_hal_gpio.o
 .debug_ranges  0x00000850       0xb0 build/stm32f0xx_hal_cortex.o
 .debug_ranges  0x00000900       0x68 build/stm32f0xx_hal_pwr.o
 .debug_ranges  0x00000968       0x18 build/system_stm32f0xx.o
 .debug_ranges  0x00000980       0x20 build/startup_stm32f030xc.o

.debug_line     0x00000000     0x5e82
 .debug_line    0x00000000      0x3cd build/rotaryencoder.o
 .debug_line    0x000003cd      0x37f build/main.o
 .debug_line    0x0000074c      0x335 build/pca9685.o
 .debug_line    0x00000a81      0x255 build/gpio.o
 .debug_line    0x00000cd6      0x304 build/i2c.o
 .debug_line    0x00000fda      0x30b build/rtc.o
 .debug_line    0x000012e5      0x2f6 build/usart.o
 .debug_line    0x000015db      0x2d9 build/stm32f0xx_it.o
 .debug_line    0x000018b4      0x240 build/stm32f0xx_hal_msp.o
 .debug_line    0x00001af4     0x13c8 build/stm32f0xx_hal_i2c.o
 .debug_line    0x00002ebc      0x332 build/stm32f0xx_hal_i2c_ex.o
 .debug_line    0x000031ee      0x5ed build/stm32f0xx_hal_rtc.o
 .debug_line    0x000037db      0xca3 build/stm32f0xx_hal_uart.o
 .debug_line    0x0000447e      0x51a build/stm32f0xx_hal_rcc.o
 .debug_line    0x00004998      0x379 build/stm32f0xx_hal_rcc_ex.o
 .debug_line    0x00004d11      0x40c build/stm32f0xx_hal.o
 .debug_line    0x0000511d      0x3bb build/stm32f0xx_hal_gpio.o
 .debug_line    0x000054d8      0x3ab build/stm32f0xx_hal_cortex.o
 .debug_line    0x00005883      0x34d build/stm32f0xx_hal_pwr.o
 .debug_line    0x00005bd0      0x23a build/system_stm32f0xx.o
 .debug_line    0x00005e0a       0x78 build/startup_stm32f030xc.o

.debug_str      0x00000000     0x303a
 .debug_str     0x00000000      0xa89 build/rotaryencoder.o
                                0xba5 (size before relaxing)
 .debug_str     0x00000a89      0x8a0 build/main.o
                               0x12e2 (size before relaxing)
 .debug_str     0x00001329       0xf6 build/pca9685.o
                                0xba4 (size before relaxing)
 .debug_str     0x0000141f       0x7e build/gpio.o
                                0x874 (size before relaxing)
 .debug_str     0x0000149d       0xd3 build/i2c.o
                                0xc48 (size before relaxing)
 .debug_str     0x00001570      0x19a build/rtc.o
                                0xd95 (size before relaxing)
 .debug_str     0x0000170a       0x85 build/usart.o
                                0xbc1 (size before relaxing)
 .debug_str     0x0000178f       0xc9 build/stm32f0xx_it.o
                                0x688 (size before relaxing)
 .debug_str     0x00001858       0x24 build/stm32f0xx_hal_msp.o
                                0x7b0 (size before relaxing)
 .debug_str     0x0000187c      0x79c build/stm32f0xx_hal_i2c.o
                               0x127b (size before relaxing)
 .debug_str     0x00002018       0xab build/stm32f0xx_hal_i2c_ex.o
                                0xbb2 (size before relaxing)
 .debug_str     0x000020c3      0x1c0 build/stm32f0xx_hal_rtc.o
                                0xa65 (size before relaxing)
 .debug_str     0x00002283      0x5df build/stm32f0xx_hal_uart.o
                               0x1166 (size before relaxing)
 .debug_str     0x00002862      0x18d build/stm32f0xx_hal_rcc.o
                                0x9e1 (size before relaxing)
 .debug_str     0x000029ef       0x8a build/stm32f0xx_hal_rcc_ex.o
                                0x7a8 (size before relaxing)
 .debug_str     0x00002a79      0x19c build/stm32f0xx_hal.o
                                0x9f3 (size before relaxing)
 .debug_str     0x00002c15       0xa2 build/stm32f0xx_hal_gpio.o
                                0x808 (size before relaxing)
 .debug_str     0x00002cb7      0x191 build/stm32f0xx_hal_cortex.o
                                0x9fb (size before relaxing)
 .debug_str     0x00002e48      0x177 build/stm32f0xx_hal_pwr.o
                                0x7ae (size before relaxing)
 .debug_str     0x00002fbf       0x57 build/system_stm32f0xx.o
                                0x62e (size before relaxing)
 .debug_str     0x00003016       0x24 build/startup_stm32f030xc.o
                                 0x4f (size before relaxing)

.comment        0x00000000       0x7f
 .comment       0x00000000       0x7f build/rotaryencoder.o
                                 0x80 (size before relaxing)
 .comment       0x0000007f       0x80 build/main.o
 .comment       0x0000007f       0x80 build/pca9685.o
 .comment       0x0000007f       0x80 build/gpio.o
 .comment       0x0000007f       0x80 build/i2c.o
 .comment       0x0000007f       0x80 build/rtc.o
 .comment       0x0000007f       0x80 build/usart.o
 .comment       0x0000007f       0x80 build/stm32f0xx_it.o
 .comment       0x0000007f       0x80 build/stm32f0xx_hal_msp.o
 .comment       0x0000007f       0x80 build/stm32f0xx_hal_i2c.o
 .comment       0x0000007f       0x80 build/stm32f0xx_hal_i2c_ex.o
 .comment       0x0000007f       0x80 build/stm32f0xx_hal_rtc.o
 .comment       0x0000007f       0x80 build/stm32f0xx_hal_uart.o
 .comment       0x0000007f       0x80 build/stm32f0xx_hal_rcc.o
 .comment       0x0000007f       0x80 build/stm32f0xx_hal_rcc_ex.o
 .comment       0x0000007f       0x80 build/stm32f0xx_hal.o
 .comment       0x0000007f       0x80 build/stm32f0xx_hal_gpio.o
 .comment       0x0000007f       0x80 build/stm32f0xx_hal_cortex.o
 .comment       0x0000007f       0x80 build/stm32f0xx_hal_pwr.o
 .comment       0x0000007f       0x80 build/system_stm32f0xx.o

.debug_frame    0x00000000     0x1c10
 .debug_frame   0x00000000       0xe0 build/rotaryencoder.o
 .debug_frame   0x000000e0       0x58 build/main.o
 .debug_frame   0x00000138       0xf8 build/pca9685.o
 .debug_frame   0x00000230       0x30 build/gpio.o
 .debug_frame   0x00000260       0x9c build/i2c.o
 .debug_frame   0x000002fc       0x90 build/rtc.o
 .debug_frame   0x0000038c       0x9c build/usart.o
 .debug_frame   0x00000428       0x88 build/stm32f0xx_it.o
 .debug_frame   0x000004b0       0x2c build/stm32f0xx_hal_msp.o
 .debug_frame   0x000004dc      0x880 build/stm32f0xx_hal_i2c.o
 .debug_frame   0x00000d5c       0x80 build/stm32f0xx_hal_i2c_ex.o
 .debug_frame   0x00000ddc      0x254 build/stm32f0xx_hal_rtc.o
 .debug_frame   0x00001030      0x584 build/stm32f0xx_hal_uart.o
 .debug_frame   0x000015b4      0x14c build/stm32f0xx_hal_rcc.o
 .debug_frame   0x00001700       0x60 build/stm32f0xx_hal_rcc_ex.o
 .debug_frame   0x00001760      0x184 build/stm32f0xx_hal.o
 .debug_frame   0x000018e4       0xdc build/stm32f0xx_hal_gpio.o
 .debug_frame   0x000019c0       0xec build/stm32f0xx_hal_cortex.o
 .debug_frame   0x00001aac       0xdc build/stm32f0xx_hal_pwr.o
 .debug_frame   0x00001b88       0x3c build/system_stm32f0xx.o
 .debug_frame   0x00001bc4       0x2c c:/program files (x86)/gnu tools arm embedded/7 2018-q2-update/bin/../lib/gcc/arm-none-eabi/7.3.1/../../../../arm-none-eabi/lib/thumb/v6-m\libc_nano.a(lib_a-init.o)
 .debug_frame   0x00001bf0       0x20 c:/program files (x86)/gnu tools arm embedded/7 2018-q2-update/bin/../lib/gcc/arm-none-eabi/7.3.1/thumb/v6-m\libgcc.a(_udivsi3.o)

Cross Reference Table

Symbol                                            File
ADC1_IRQHandler                                   build/startup_stm32f030xc.o
AHBPrescTable                                     build/system_stm32f0xx.o
                                                  build/stm32f0xx_hal_rcc.o
APBPrescTable                                     build/system_stm32f0xx.o
                                                  build/stm32f0xx_hal_rcc.o
Button1Flag                                       build/rotaryencoder.o
DMA1_Channel1_IRQHandler                          build/startup_stm32f030xc.o
DMA1_Channel2_3_IRQHandler                        build/startup_stm32f030xc.o
DMA1_Channel4_5_IRQHandler                        build/startup_stm32f030xc.o
Default_Handler                                   build/startup_stm32f030xc.o
EXTI0_1_IRQHandler                                build/startup_stm32f030xc.o
EXTI2_3_IRQHandler                                build/startup_stm32f030xc.o
EXTI4_15_IRQHandler                               build/stm32f0xx_it.o
FLASH_IRQHandler                                  build/startup_stm32f030xc.o
FLASH_PageErase                                   build/stm32f0xx_hal_flash_ex.o
                                                  build/stm32f0xx_hal_flash.o
FLASH_WaitForLastOperation                        build/stm32f0xx_hal_flash.o
                                                  build/stm32f0xx_hal_flash_ex.o
HAL_DBGMCU_DisableDBGStandbyMode                  build/stm32f0xx_hal.o
HAL_DBGMCU_DisableDBGStopMode                     build/stm32f0xx_hal.o
HAL_DBGMCU_EnableDBGStandbyMode                   build/stm32f0xx_hal.o
HAL_DBGMCU_EnableDBGStopMode                      build/stm32f0xx_hal.o
HAL_DMA_Abort                                     build/stm32f0xx_hal_dma.o
                                                  build/stm32f0xx_hal_uart.o
HAL_DMA_Abort_IT                                  build/stm32f0xx_hal_dma.o
                                                  build/stm32f0xx_hal_uart.o
                                                  build/stm32f0xx_hal_i2c.o
HAL_DMA_DeInit                                    build/stm32f0xx_hal_dma.o
HAL_DMA_GetError                                  build/stm32f0xx_hal_dma.o
HAL_DMA_GetState                                  build/stm32f0xx_hal_dma.o
HAL_DMA_IRQHandler                                build/stm32f0xx_hal_dma.o
HAL_DMA_Init                                      build/stm32f0xx_hal_dma.o
HAL_DMA_PollForTransfer                           build/stm32f0xx_hal_dma.o
HAL_DMA_RegisterCallback                          build/stm32f0xx_hal_dma.o
HAL_DMA_Start                                     build/stm32f0xx_hal_dma.o
HAL_DMA_Start_IT                                  build/stm32f0xx_hal_dma.o
                                                  build/stm32f0xx_hal_uart.o
                                                  build/stm32f0xx_hal_i2c.o
HAL_DMA_UnRegisterCallback                        build/stm32f0xx_hal_dma.o
HAL_DeInit                                        build/stm32f0xx_hal.o
HAL_Delay                                         build/stm32f0xx_hal.o
HAL_FLASHEx_Erase                                 build/stm32f0xx_hal_flash_ex.o
HAL_FLASHEx_Erase_IT                              build/stm32f0xx_hal_flash_ex.o
HAL_FLASHEx_OBErase                               build/stm32f0xx_hal_flash_ex.o
HAL_FLASHEx_OBGetConfig                           build/stm32f0xx_hal_flash_ex.o
HAL_FLASHEx_OBGetUserData                         build/stm32f0xx_hal_flash_ex.o
HAL_FLASHEx_OBProgram                             build/stm32f0xx_hal_flash_ex.o
HAL_FLASH_EndOfOperationCallback                  build/stm32f0xx_hal_flash.o
HAL_FLASH_GetError                                build/stm32f0xx_hal_flash.o
HAL_FLASH_IRQHandler                              build/stm32f0xx_hal_flash.o
HAL_FLASH_Lock                                    build/stm32f0xx_hal_flash.o
HAL_FLASH_OB_Launch                               build/stm32f0xx_hal_flash.o
HAL_FLASH_OB_Lock                                 build/stm32f0xx_hal_flash.o
HAL_FLASH_OB_Unlock                               build/stm32f0xx_hal_flash.o
HAL_FLASH_OperationErrorCallback                  build/stm32f0xx_hal_flash.o
HAL_FLASH_Program                                 build/stm32f0xx_hal_flash.o
HAL_FLASH_Program_IT                              build/stm32f0xx_hal_flash.o
HAL_FLASH_Unlock                                  build/stm32f0xx_hal_flash.o
HAL_GPIO_DeInit                                   build/stm32f0xx_hal_gpio.o
                                                  build/usart.o
                                                  build/i2c.o
HAL_GPIO_EXTI_Callback                            build/stm32f0xx_hal_gpio.o
HAL_GPIO_EXTI_IRQHandler                          build/stm32f0xx_hal_gpio.o
                                                  build/stm32f0xx_it.o
HAL_GPIO_Init                                     build/stm32f0xx_hal_gpio.o
                                                  build/stm32f0xx_hal_rcc.o
                                                  build/usart.o
                                                  build/i2c.o
                                                  build/gpio.o
HAL_GPIO_LockPin                                  build/stm32f0xx_hal_gpio.o
HAL_GPIO_ReadPin                                  build/stm32f0xx_hal_gpio.o
                                                  build/rotaryencoder.o
HAL_GPIO_TogglePin                                build/stm32f0xx_hal_gpio.o
HAL_GPIO_WritePin                                 build/stm32f0xx_hal_gpio.o
                                                  build/gpio.o
                                                  build/pca9685.o
HAL_GetDEVID                                      build/stm32f0xx_hal.o
HAL_GetHalVersion                                 build/stm32f0xx_hal.o
HAL_GetREVID                                      build/stm32f0xx_hal.o
HAL_GetTick                                       build/stm32f0xx_hal.o
                                                  build/stm32f0xx_hal_flash.o
                                                  build/stm32f0xx_hal_dma.o
                                                  build/stm32f0xx_hal_rcc_ex.o
                                                  build/stm32f0xx_hal_rcc.o
                                                  build/stm32f0xx_hal_uart.o
                                                  build/stm32f0xx_hal_rtc_ex.o
                                                  build/stm32f0xx_hal_rtc.o
                                                  build/stm32f0xx_hal_i2c.o
HAL_GetUIDw0                                      build/stm32f0xx_hal.o
HAL_GetUIDw1                                      build/stm32f0xx_hal.o
HAL_GetUIDw2                                      build/stm32f0xx_hal.o
HAL_HalfDuplex_EnableReceiver                     build/stm32f0xx_hal_uart.o
HAL_HalfDuplex_EnableTransmitter                  build/stm32f0xx_hal_uart.o
HAL_HalfDuplex_Init                               build/stm32f0xx_hal_uart.o
HAL_I2CEx_ConfigAnalogFilter                      build/stm32f0xx_hal_i2c_ex.o
                                                  build/i2c.o
HAL_I2CEx_ConfigDigitalFilter                     build/stm32f0xx_hal_i2c_ex.o
                                                  build/i2c.o
HAL_I2CEx_DisableFastModePlus                     build/stm32f0xx_hal_i2c_ex.o
HAL_I2CEx_EnableFastModePlus                      build/stm32f0xx_hal_i2c_ex.o
HAL_I2C_AbortCpltCallback                         build/stm32f0xx_hal_i2c.o
HAL_I2C_AddrCallback                              build/stm32f0xx_hal_i2c.o
HAL_I2C_DeInit                                    build/stm32f0xx_hal_i2c.o
HAL_I2C_DisableListen_IT                          build/stm32f0xx_hal_i2c.o
HAL_I2C_ER_IRQHandler                             build/stm32f0xx_hal_i2c.o
HAL_I2C_EV_IRQHandler                             build/stm32f0xx_hal_i2c.o
HAL_I2C_EnableListen_IT                           build/stm32f0xx_hal_i2c.o
HAL_I2C_ErrorCallback                             build/stm32f0xx_hal_i2c.o
HAL_I2C_GetError                                  build/stm32f0xx_hal_i2c.o
HAL_I2C_GetMode                                   build/stm32f0xx_hal_i2c.o
HAL_I2C_GetState                                  build/stm32f0xx_hal_i2c.o
HAL_I2C_Init                                      build/stm32f0xx_hal_i2c.o
                                                  build/i2c.o
HAL_I2C_IsDeviceReady                             build/stm32f0xx_hal_i2c.o
HAL_I2C_ListenCpltCallback                        build/stm32f0xx_hal_i2c.o
HAL_I2C_MasterRxCpltCallback                      build/stm32f0xx_hal_i2c.o
HAL_I2C_MasterTxCpltCallback                      build/stm32f0xx_hal_i2c.o
HAL_I2C_Master_Abort_IT                           build/stm32f0xx_hal_i2c.o
HAL_I2C_Master_Receive                            build/stm32f0xx_hal_i2c.o
HAL_I2C_Master_Receive_DMA                        build/stm32f0xx_hal_i2c.o
HAL_I2C_Master_Receive_IT                         build/stm32f0xx_hal_i2c.o
HAL_I2C_Master_Sequential_Receive_IT              build/stm32f0xx_hal_i2c.o
HAL_I2C_Master_Sequential_Transmit_IT             build/stm32f0xx_hal_i2c.o
HAL_I2C_Master_Transmit                           build/stm32f0xx_hal_i2c.o
                                                  build/i2c.o
HAL_I2C_Master_Transmit_DMA                       build/stm32f0xx_hal_i2c.o
HAL_I2C_Master_Transmit_IT                        build/stm32f0xx_hal_i2c.o
HAL_I2C_MemRxCpltCallback                         build/stm32f0xx_hal_i2c.o
HAL_I2C_MemTxCpltCallback                         build/stm32f0xx_hal_i2c.o
HAL_I2C_Mem_Read                                  build/stm32f0xx_hal_i2c.o
                                                  build/i2c.o
HAL_I2C_Mem_Read_DMA                              build/stm32f0xx_hal_i2c.o
HAL_I2C_Mem_Read_IT                               build/stm32f0xx_hal_i2c.o
HAL_I2C_Mem_Write                                 build/stm32f0xx_hal_i2c.o
HAL_I2C_Mem_Write_DMA                             build/stm32f0xx_hal_i2c.o
HAL_I2C_Mem_Write_IT                              build/stm32f0xx_hal_i2c.o
HAL_I2C_MspDeInit                                 build/i2c.o
HAL_I2C_MspInit                                   build/i2c.o
HAL_I2C_SlaveRxCpltCallback                       build/stm32f0xx_hal_i2c.o
HAL_I2C_SlaveTxCpltCallback                       build/stm32f0xx_hal_i2c.o
HAL_I2C_Slave_Receive                             build/stm32f0xx_hal_i2c.o
HAL_I2C_Slave_Receive_DMA                         build/stm32f0xx_hal_i2c.o
HAL_I2C_Slave_Receive_IT                          build/stm32f0xx_hal_i2c.o
HAL_I2C_Slave_Sequential_Receive_IT               build/stm32f0xx_hal_i2c.o
HAL_I2C_Slave_Sequential_Transmit_IT              build/stm32f0xx_hal_i2c.o
HAL_I2C_Slave_Transmit                            build/stm32f0xx_hal_i2c.o
HAL_I2C_Slave_Transmit_DMA                        build/stm32f0xx_hal_i2c.o
HAL_I2C_Slave_Transmit_IT                         build/stm32f0xx_hal_i2c.o
HAL_IncTick                                       build/stm32f0xx_hal.o
                                                  build/stm32f0xx_it.o
HAL_Init                                          build/stm32f0xx_hal.o
                                                  build/main.o
HAL_InitTick                                      build/stm32f0xx_hal.o
                                                  build/stm32f0xx_hal_rcc.o
HAL_MspDeInit                                     build/stm32f0xx_hal.o
HAL_MspInit                                       build/stm32f0xx_hal_msp.o
HAL_MultiProcessorEx_AddressLength_Set            build/stm32f0xx_hal_uart_ex.o
HAL_MultiProcessor_DisableMuteMode                build/stm32f0xx_hal_uart.o
HAL_MultiProcessor_EnableMuteMode                 build/stm32f0xx_hal_uart.o
HAL_MultiProcessor_EnterMuteMode                  build/stm32f0xx_hal_uart.o
HAL_MultiProcessor_Init                           build/stm32f0xx_hal_uart.o
HAL_NVIC_ClearPendingIRQ                          build/stm32f0xx_hal_cortex.o
HAL_NVIC_DisableIRQ                               build/stm32f0xx_hal_cortex.o
HAL_NVIC_EnableIRQ                                build/stm32f0xx_hal_cortex.o
                                                  build/gpio.o
HAL_NVIC_GetPendingIRQ                            build/stm32f0xx_hal_cortex.o
HAL_NVIC_GetPriority                              build/stm32f0xx_hal_cortex.o
HAL_NVIC_SetPendingIRQ                            build/stm32f0xx_hal_cortex.o
HAL_NVIC_SetPriority                              build/stm32f0xx_hal_cortex.o
                                                  build/stm32f0xx_hal.o
                                                  build/stm32f0xx_hal_msp.o
                                                  build/gpio.o
                                                  build/main.o
HAL_NVIC_SystemReset                              build/stm32f0xx_hal_cortex.o
HAL_PWR_DeInit                                    build/stm32f0xx_hal_pwr.o
HAL_PWR_DisableBkUpAccess                         build/stm32f0xx_hal_pwr.o
HAL_PWR_DisableSEVOnPend                          build/stm32f0xx_hal_pwr.o
HAL_PWR_DisableSleepOnExit                        build/stm32f0xx_hal_pwr.o
HAL_PWR_DisableWakeUpPin                          build/stm32f0xx_hal_pwr.o
HAL_PWR_EnableBkUpAccess                          build/stm32f0xx_hal_pwr.o
                                                  build/main.o
HAL_PWR_EnableSEVOnPend                           build/stm32f0xx_hal_pwr.o
HAL_PWR_EnableSleepOnExit                         build/stm32f0xx_hal_pwr.o
HAL_PWR_EnableWakeUpPin                           build/stm32f0xx_hal_pwr.o
HAL_PWR_EnterSLEEPMode                            build/stm32f0xx_hal_pwr.o
HAL_PWR_EnterSTANDBYMode                          build/stm32f0xx_hal_pwr.o
HAL_PWR_EnterSTOPMode                             build/stm32f0xx_hal_pwr.o
HAL_RCCEx_GetPeriphCLKConfig                      build/stm32f0xx_hal_rcc_ex.o
HAL_RCCEx_GetPeriphCLKFreq                        build/stm32f0xx_hal_rcc_ex.o
HAL_RCCEx_PeriphCLKConfig                         build/stm32f0xx_hal_rcc_ex.o
                                                  build/main.o
HAL_RCC_CSSCallback                               build/stm32f0xx_hal_rcc.o
HAL_RCC_ClockConfig                               build/stm32f0xx_hal_rcc.o
                                                  build/main.o
HAL_RCC_DeInit                                    build/stm32f0xx_hal_rcc.o
HAL_RCC_DisableCSS                                build/stm32f0xx_hal_rcc.o
HAL_RCC_EnableCSS                                 build/stm32f0xx_hal_rcc.o
HAL_RCC_GetClockConfig                            build/stm32f0xx_hal_rcc.o
HAL_RCC_GetHCLKFreq                               build/stm32f0xx_hal_rcc.o
                                                  build/stm32f0xx_hal.o
                                                  build/main.o
HAL_RCC_GetOscConfig                              build/stm32f0xx_hal_rcc.o
HAL_RCC_GetPCLK1Freq                              build/stm32f0xx_hal_rcc.o
                                                  build/stm32f0xx_hal_rcc_ex.o
                                                  build/stm32f0xx_hal_uart.o
HAL_RCC_GetSysClockFreq                           build/stm32f0xx_hal_rcc.o
                                                  build/stm32f0xx_hal_rcc_ex.o
                                                  build/stm32f0xx_hal_uart.o
HAL_RCC_MCOConfig                                 build/stm32f0xx_hal_rcc.o
HAL_RCC_NMI_IRQHandler                            build/stm32f0xx_hal_rcc.o
HAL_RCC_OscConfig                                 build/stm32f0xx_hal_rcc.o
                                                  build/main.o
HAL_RS485Ex_Init                                  build/stm32f0xx_hal_uart_ex.o
HAL_RTCEx_DeactivateCalibrationOutPut             build/stm32f0xx_hal_rtc_ex.o
HAL_RTCEx_DeactivateRefClock                      build/stm32f0xx_hal_rtc_ex.o
HAL_RTCEx_DeactivateTamper                        build/stm32f0xx_hal_rtc_ex.o
HAL_RTCEx_DeactivateTimeStamp                     build/stm32f0xx_hal_rtc_ex.o
HAL_RTCEx_DeactivateWakeUpTimer                   build/stm32f0xx_hal_rtc_ex.o
HAL_RTCEx_DisableBypassShadow                     build/stm32f0xx_hal_rtc_ex.o
HAL_RTCEx_EnableBypassShadow                      build/stm32f0xx_hal_rtc_ex.o
HAL_RTCEx_GetTimeStamp                            build/stm32f0xx_hal_rtc_ex.o
HAL_RTCEx_GetWakeUpTimer                          build/stm32f0xx_hal_rtc_ex.o
HAL_RTCEx_PollForTamper1Event                     build/stm32f0xx_hal_rtc_ex.o
HAL_RTCEx_PollForTamper2Event                     build/stm32f0xx_hal_rtc_ex.o
HAL_RTCEx_PollForTimeStampEvent                   build/stm32f0xx_hal_rtc_ex.o
HAL_RTCEx_PollForWakeUpTimerEvent                 build/stm32f0xx_hal_rtc_ex.o
HAL_RTCEx_SetCalibrationOutPut                    build/stm32f0xx_hal_rtc_ex.o
HAL_RTCEx_SetRefClock                             build/stm32f0xx_hal_rtc_ex.o
HAL_RTCEx_SetSmoothCalib                          build/stm32f0xx_hal_rtc_ex.o
HAL_RTCEx_SetSynchroShift                         build/stm32f0xx_hal_rtc_ex.o
HAL_RTCEx_SetTamper                               build/stm32f0xx_hal_rtc_ex.o
HAL_RTCEx_SetTamper_IT                            build/stm32f0xx_hal_rtc_ex.o
HAL_RTCEx_SetTimeStamp                            build/stm32f0xx_hal_rtc_ex.o
HAL_RTCEx_SetTimeStamp_IT                         build/stm32f0xx_hal_rtc_ex.o
HAL_RTCEx_SetWakeUpTimer                          build/stm32f0xx_hal_rtc_ex.o
HAL_RTCEx_SetWakeUpTimer_IT                       build/stm32f0xx_hal_rtc_ex.o
HAL_RTCEx_Tamper1EventCallback                    build/stm32f0xx_hal_rtc_ex.o
HAL_RTCEx_Tamper2EventCallback                    build/stm32f0xx_hal_rtc_ex.o
HAL_RTCEx_TamperTimeStampIRQHandler               build/stm32f0xx_hal_rtc_ex.o
HAL_RTCEx_TimeStampEventCallback                  build/stm32f0xx_hal_rtc_ex.o
HAL_RTCEx_WakeUpTimerEventCallback                build/stm32f0xx_hal_rtc_ex.o
HAL_RTCEx_WakeUpTimerIRQHandler                   build/stm32f0xx_hal_rtc_ex.o
HAL_RTC_AlarmAEventCallback                       build/stm32f0xx_hal_rtc.o
HAL_RTC_AlarmIRQHandler                           build/stm32f0xx_hal_rtc.o
HAL_RTC_DeInit                                    build/stm32f0xx_hal_rtc.o
HAL_RTC_DeactivateAlarm                           build/stm32f0xx_hal_rtc.o
HAL_RTC_GetAlarm                                  build/stm32f0xx_hal_rtc.o
HAL_RTC_GetDate                                   build/stm32f0xx_hal_rtc.o
                                                  build/rtc.o
HAL_RTC_GetState                                  build/stm32f0xx_hal_rtc.o
HAL_RTC_GetTime                                   build/stm32f0xx_hal_rtc.o
                                                  build/rtc.o
HAL_RTC_Init                                      build/stm32f0xx_hal_rtc.o
                                                  build/rtc.o
HAL_RTC_MspDeInit                                 build/rtc.o
HAL_RTC_MspInit                                   build/rtc.o
HAL_RTC_PollForAlarmAEvent                        build/stm32f0xx_hal_rtc.o
HAL_RTC_SetAlarm                                  build/stm32f0xx_hal_rtc.o
HAL_RTC_SetAlarm_IT                               build/stm32f0xx_hal_rtc.o
HAL_RTC_SetDate                                   build/stm32f0xx_hal_rtc.o
                                                  build/rtc.o
HAL_RTC_SetTime                                   build/stm32f0xx_hal_rtc.o
                                                  build/rtc.o
HAL_RTC_WaitForSynchro                            build/stm32f0xx_hal_rtc.o
                                                  build/stm32f0xx_hal_rtc_ex.o
HAL_ResumeTick                                    build/stm32f0xx_hal.o
HAL_SYSTICK_CLKSourceConfig                       build/stm32f0xx_hal_cortex.o
                                                  build/main.o
HAL_SYSTICK_Callback                              build/stm32f0xx_hal_cortex.o
HAL_SYSTICK_Config                                build/stm32f0xx_hal_cortex.o
                                                  build/stm32f0xx_hal.o
                                                  build/main.o
HAL_SYSTICK_IRQHandler                            build/stm32f0xx_hal_cortex.o
                                                  build/stm32f0xx_it.o
HAL_SuspendTick                                   build/stm32f0xx_hal.o
HAL_UART_Abort                                    build/stm32f0xx_hal_uart.o
HAL_UART_AbortCpltCallback                        build/stm32f0xx_hal_uart.o
HAL_UART_AbortReceive                             build/stm32f0xx_hal_uart.o
HAL_UART_AbortReceiveCpltCallback                 build/stm32f0xx_hal_uart.o
HAL_UART_AbortReceive_IT                          build/stm32f0xx_hal_uart.o
HAL_UART_AbortTransmit                            build/stm32f0xx_hal_uart.o
HAL_UART_AbortTransmitCpltCallback                build/stm32f0xx_hal_uart.o
HAL_UART_AbortTransmit_IT                         build/stm32f0xx_hal_uart.o
HAL_UART_Abort_IT                                 build/stm32f0xx_hal_uart.o
HAL_UART_DMAPause                                 build/stm32f0xx_hal_uart.o
HAL_UART_DMAResume                                build/stm32f0xx_hal_uart.o
HAL_UART_DMAStop                                  build/stm32f0xx_hal_uart.o
HAL_UART_DeInit                                   build/stm32f0xx_hal_uart.o
HAL_UART_ErrorCallback                            build/stm32f0xx_hal_uart.o
HAL_UART_GetError                                 build/stm32f0xx_hal_uart.o
HAL_UART_GetState                                 build/stm32f0xx_hal_uart.o
HAL_UART_IRQHandler                               build/stm32f0xx_hal_uart.o
HAL_UART_Init                                     build/stm32f0xx_hal_uart.o
                                                  build/usart.o
HAL_UART_MspDeInit                                build/usart.o
HAL_UART_MspInit                                  build/usart.o
                                                  build/stm32f0xx_hal_uart_ex.o
HAL_UART_Receive                                  build/stm32f0xx_hal_uart.o
                                                  build/usart.o
HAL_UART_Receive_DMA                              build/stm32f0xx_hal_uart.o
HAL_UART_Receive_IT                               build/stm32f0xx_hal_uart.o
HAL_UART_RxCpltCallback                           build/stm32f0xx_hal_uart.o
HAL_UART_RxHalfCpltCallback                       build/stm32f0xx_hal_uart.o
HAL_UART_Transmit                                 build/stm32f0xx_hal_uart.o
                                                  build/usart.o
HAL_UART_Transmit_DMA                             build/stm32f0xx_hal_uart.o
HAL_UART_Transmit_IT                              build/stm32f0xx_hal_uart.o
HAL_UART_TxCpltCallback                           build/stm32f0xx_hal_uart.o
HAL_UART_TxHalfCpltCallback                       build/stm32f0xx_hal_uart.o
HardFault_Handler                                 build/stm32f0xx_it.o
I2C1_IRQHandler                                   build/startup_stm32f030xc.o
I2C2_IRQHandler                                   build/startup_stm32f030xc.o
Last_Rot_A_State                                  build/rotaryencoder.o
Last_Rot_B_State                                  build/rotaryencoder.o
MX_GPIO_Init                                      build/gpio.o
                                                  build/main.o
MX_I2C2_Init                                      build/i2c.o
                                                  build/main.o
MX_RTC_Init                                       build/rtc.o
                                                  build/main.o
MX_USART2_UART_Init                               build/usart.o
                                                  build/main.o
Mainmenu                                          build/commandprompt.o
NMI_Handler                                       build/stm32f0xx_it.o
PendSV_Handler                                    build/stm32f0xx_it.o
PrintToUART                                       build/usart.o
                                                  build/main.o
                                                  build/commandprompt.o
                                                  build/rotaryencoder.o
RCC_IRQHandler                                    build/startup_stm32f030xc.o
RTC_Bcd2ToByte                                    build/stm32f0xx_hal_rtc.o
                                                  build/stm32f0xx_hal_rtc_ex.o
RTC_ByteToBcd2                                    build/stm32f0xx_hal_rtc.o
RTC_CalendarShow                                  build/rtc.o
RTC_EnterInitMode                                 build/stm32f0xx_hal_rtc.o
                                                  build/stm32f0xx_hal_rtc_ex.o
RTC_IRQHandler                                    build/startup_stm32f030xc.o
RTC_Set_Hours_Minutes_Seconds                     build/rtc.o
                                                  build/main.o
ReadFromUART                                      build/usart.o
                                                  build/commandprompt.o
Reset_Handler                                     build/startup_stm32f030xc.o
RotAFlag                                          build/rotaryencoder.o
RotBFlag                                          build/rotaryencoder.o
Rot_A_State                                       build/rotaryencoder.o
Rot_B_State                                       build/rotaryencoder.o
RotaryEncoderLeft                                 build/rotaryencoder.o
RotaryEncoderRight                                build/rotaryencoder.o
SPI1_IRQHandler                                   build/startup_stm32f030xc.o
SPI2_IRQHandler                                   build/startup_stm32f030xc.o
SVC_Handler                                       build/stm32f0xx_it.o
SysTick_Handler                                   build/stm32f0xx_it.o
SystemClock_Config                                build/main.o
SystemCoreClock                                   build/system_stm32f0xx.o
                                                  build/stm32f0xx_hal_rcc.o
SystemCoreClockUpdate                             build/system_stm32f0xx.o
SystemInit                                        build/system_stm32f0xx.o
                                                  build/startup_stm32f030xc.o
TIM14_IRQHandler                                  build/startup_stm32f030xc.o
TIM15_IRQHandler                                  build/startup_stm32f030xc.o
TIM16_IRQHandler                                  build/startup_stm32f030xc.o
TIM17_IRQHandler                                  build/startup_stm32f030xc.o
TIM1_BRK_UP_TRG_COM_IRQHandler                    build/startup_stm32f030xc.o
TIM1_CC_IRQHandler                                build/startup_stm32f030xc.o
TIM3_IRQHandler                                   build/startup_stm32f030xc.o
TIM6_IRQHandler                                   build/startup_stm32f030xc.o
TIM7_IRQHandler                                   build/startup_stm32f030xc.o
UART_AdvFeatureConfig                             build/stm32f0xx_hal_uart.o
                                                  build/stm32f0xx_hal_uart_ex.o
UART_CheckIdleState                               build/stm32f0xx_hal_uart.o
                                                  build/stm32f0xx_hal_uart_ex.o
UART_EndTransmit_IT                               build/stm32f0xx_hal_uart.o
UART_Receive_IT                                   build/stm32f0xx_hal_uart.o
UART_SetConfig                                    build/stm32f0xx_hal_uart.o
                                                  build/stm32f0xx_hal_uart_ex.o
UART_Transmit_IT                                  build/stm32f0xx_hal_uart.o
UART_WaitOnFlagUntilTimeout                       build/stm32f0xx_hal_uart.o
USART1_IRQHandler                                 build/startup_stm32f030xc.o
USART2_IRQHandler                                 build/startup_stm32f030xc.o
USART3_6_IRQHandler                               build/startup_stm32f030xc.o
WWDG_IRQHandler                                   build/startup_stm32f030xc.o
_Error_Handler                                    build/main.o
                                                  build/usart.o
                                                  build/rtc.o
                                                  build/i2c.o
__aeabi_cdcmpeq                                   c:/program files (x86)/gnu tools arm embedded/7 2018-q2-update/bin/../lib/gcc/arm-none-eabi/7.3.1/thumb/v6-m\libgcc.a(_arm_cmpdf2.o)
__aeabi_cdcmple                                   c:/program files (x86)/gnu tools arm embedded/7 2018-q2-update/bin/../lib/gcc/arm-none-eabi/7.3.1/thumb/v6-m\libgcc.a(_arm_cmpdf2.o)
__aeabi_cdrcmple                                  c:/program files (x86)/gnu tools arm embedded/7 2018-q2-update/bin/../lib/gcc/arm-none-eabi/7.3.1/thumb/v6-m\libgcc.a(_arm_cmpdf2.o)
__aeabi_d2iz                                      c:/program files (x86)/gnu tools arm embedded/7 2018-q2-update/bin/../lib/gcc/arm-none-eabi/7.3.1/thumb/v6-m\libgcc.a(fixdfsi.o)
                                                  c:/program files (x86)/gnu tools arm embedded/7 2018-q2-update/bin/../lib/gcc/arm-none-eabi/7.3.1/thumb/v6-m\libgcc.a(_fixunsdfsi.o)
__aeabi_d2uiz                                     c:/program files (x86)/gnu tools arm embedded/7 2018-q2-update/bin/../lib/gcc/arm-none-eabi/7.3.1/thumb/v6-m\libgcc.a(_fixunsdfsi.o)
                                                  build/pca9685.o
__aeabi_dadd                                      c:/program files (x86)/gnu tools arm embedded/7 2018-q2-update/bin/../lib/gcc/arm-none-eabi/7.3.1/thumb/v6-m\libgcc.a(adddf3.o)
                                                  build/pca9685.o
__aeabi_dcmpeq                                    c:/program files (x86)/gnu tools arm embedded/7 2018-q2-update/bin/../lib/gcc/arm-none-eabi/7.3.1/thumb/v6-m\libgcc.a(_arm_cmpdf2.o)
__aeabi_dcmpge                                    c:/program files (x86)/gnu tools arm embedded/7 2018-q2-update/bin/../lib/gcc/arm-none-eabi/7.3.1/thumb/v6-m\libgcc.a(_arm_cmpdf2.o)
                                                  c:/program files (x86)/gnu tools arm embedded/7 2018-q2-update/bin/../lib/gcc/arm-none-eabi/7.3.1/thumb/v6-m\libgcc.a(_fixunsdfsi.o)
__aeabi_dcmpgt                                    c:/program files (x86)/gnu tools arm embedded/7 2018-q2-update/bin/../lib/gcc/arm-none-eabi/7.3.1/thumb/v6-m\libgcc.a(_arm_cmpdf2.o)
__aeabi_dcmple                                    c:/program files (x86)/gnu tools arm embedded/7 2018-q2-update/bin/../lib/gcc/arm-none-eabi/7.3.1/thumb/v6-m\libgcc.a(_arm_cmpdf2.o)
__aeabi_dcmplt                                    c:/program files (x86)/gnu tools arm embedded/7 2018-q2-update/bin/../lib/gcc/arm-none-eabi/7.3.1/thumb/v6-m\libgcc.a(_arm_cmpdf2.o)
__aeabi_ddiv                                      c:/program files (x86)/gnu tools arm embedded/7 2018-q2-update/bin/../lib/gcc/arm-none-eabi/7.3.1/thumb/v6-m\libgcc.a(divdf3.o)
                                                  build/pca9685.o
__aeabi_dsub                                      c:/program files (x86)/gnu tools arm embedded/7 2018-q2-update/bin/../lib/gcc/arm-none-eabi/7.3.1/thumb/v6-m\libgcc.a(subdf3.o)
                                                  c:/program files (x86)/gnu tools arm embedded/7 2018-q2-update/bin/../lib/gcc/arm-none-eabi/7.3.1/thumb/v6-m\libgcc.a(_fixunsdfsi.o)
__aeabi_idiv0                                     c:/program files (x86)/gnu tools arm embedded/7 2018-q2-update/bin/../lib/gcc/arm-none-eabi/7.3.1/thumb/v6-m\libgcc.a(_dvmd_tls.o)
                                                  c:/program files (x86)/gnu tools arm embedded/7 2018-q2-update/bin/../lib/gcc/arm-none-eabi/7.3.1/thumb/v6-m\libgcc.a(_udivsi3.o)
__aeabi_ldiv0                                     c:/program files (x86)/gnu tools arm embedded/7 2018-q2-update/bin/../lib/gcc/arm-none-eabi/7.3.1/thumb/v6-m\libgcc.a(_dvmd_tls.o)
__aeabi_ui2d                                      c:/program files (x86)/gnu tools arm embedded/7 2018-q2-update/bin/../lib/gcc/arm-none-eabi/7.3.1/thumb/v6-m\libgcc.a(floatunsidf.o)
                                                  build/pca9685.o
__aeabi_uidiv                                     c:/program files (x86)/gnu tools arm embedded/7 2018-q2-update/bin/../lib/gcc/arm-none-eabi/7.3.1/thumb/v6-m\libgcc.a(_udivsi3.o)
                                                  build/system_stm32f0xx.o
                                                  build/stm32f0xx_hal_dma.o
                                                  build/stm32f0xx_hal.o
                                                  build/stm32f0xx_hal_rcc.o
                                                  build/stm32f0xx_hal_uart.o
                                                  build/main.o
__aeabi_uidivmod                                  c:/program files (x86)/gnu tools arm embedded/7 2018-q2-update/bin/../lib/gcc/arm-none-eabi/7.3.1/thumb/v6-m\libgcc.a(_udivsi3.o)
                                                  c:/program files (x86)/gnu tools arm embedded/7 2018-q2-update/bin/../lib/gcc/arm-none-eabi/7.3.1/thumb/v6-m\libgcc.a(divdf3.o)
                                                  c:/program files (x86)/gnu tools arm embedded/7 2018-q2-update/bin/../lib/gcc/arm-none-eabi/7.3.1/../../../../arm-none-eabi/lib/thumb/v6-m\libc_nano.a(lib_a-nano-vfprintf_i.o)
__bss_end__                                       c:/program files (x86)/gnu tools arm embedded/7 2018-q2-update/bin/../lib/gcc/arm-none-eabi/7.3.1/../../../../arm-none-eabi/lib/thumb/v6-m/crt0.o
__bss_start__                                     c:/program files (x86)/gnu tools arm embedded/7 2018-q2-update/bin/../lib/gcc/arm-none-eabi/7.3.1/../../../../arm-none-eabi/lib/thumb/v6-m/crt0.o
__call_exitprocs                                  c:/program files (x86)/gnu tools arm embedded/7 2018-q2-update/bin/../lib/gcc/arm-none-eabi/7.3.1/../../../../arm-none-eabi/lib/thumb/v6-m\libc_nano.a(lib_a-exit.o)
__clzsi2                                          c:/program files (x86)/gnu tools arm embedded/7 2018-q2-update/bin/../lib/gcc/arm-none-eabi/7.3.1/thumb/v6-m\libgcc.a(_clzsi2.o)
                                                  c:/program files (x86)/gnu tools arm embedded/7 2018-q2-update/bin/../lib/gcc/arm-none-eabi/7.3.1/thumb/v6-m\libgcc.a(floatunsidf.o)
                                                  c:/program files (x86)/gnu tools arm embedded/7 2018-q2-update/bin/../lib/gcc/arm-none-eabi/7.3.1/thumb/v6-m\libgcc.a(subdf3.o)
                                                  c:/program files (x86)/gnu tools arm embedded/7 2018-q2-update/bin/../lib/gcc/arm-none-eabi/7.3.1/thumb/v6-m\libgcc.a(divdf3.o)
                                                  c:/program files (x86)/gnu tools arm embedded/7 2018-q2-update/bin/../lib/gcc/arm-none-eabi/7.3.1/thumb/v6-m\libgcc.a(adddf3.o)
__deregister_frame_info                           c:/program files (x86)/gnu tools arm embedded/7 2018-q2-update/bin/../lib/gcc/arm-none-eabi/7.3.1/thumb/v6-m/crtbegin.o
__dso_handle                                      c:/program files (x86)/gnu tools arm embedded/7 2018-q2-update/bin/../lib/gcc/arm-none-eabi/7.3.1/thumb/v6-m/crtbegin.o
__eqdf2                                           c:/program files (x86)/gnu tools arm embedded/7 2018-q2-update/bin/../lib/gcc/arm-none-eabi/7.3.1/thumb/v6-m\libgcc.a(eqdf2.o)
                                                  c:/program files (x86)/gnu tools arm embedded/7 2018-q2-update/bin/../lib/gcc/arm-none-eabi/7.3.1/thumb/v6-m\libgcc.a(_arm_cmpdf2.o)
__fixunsdfsi                                      c:/program files (x86)/gnu tools arm embedded/7 2018-q2-update/bin/../lib/gcc/arm-none-eabi/7.3.1/thumb/v6-m\libgcc.a(_fixunsdfsi.o)
__gedf2                                           c:/program files (x86)/gnu tools arm embedded/7 2018-q2-update/bin/../lib/gcc/arm-none-eabi/7.3.1/thumb/v6-m\libgcc.a(gedf2.o)
                                                  c:/program files (x86)/gnu tools arm embedded/7 2018-q2-update/bin/../lib/gcc/arm-none-eabi/7.3.1/thumb/v6-m\libgcc.a(_arm_cmpdf2.o)
__gtdf2                                           c:/program files (x86)/gnu tools arm embedded/7 2018-q2-update/bin/../lib/gcc/arm-none-eabi/7.3.1/thumb/v6-m\libgcc.a(gedf2.o)
__init_array_end                                  c:/program files (x86)/gnu tools arm embedded/7 2018-q2-update/bin/../lib/gcc/arm-none-eabi/7.3.1/../../../../arm-none-eabi/lib/thumb/v6-m\libc_nano.a(lib_a-init.o)
__init_array_start                                c:/program files (x86)/gnu tools arm embedded/7 2018-q2-update/bin/../lib/gcc/arm-none-eabi/7.3.1/../../../../arm-none-eabi/lib/thumb/v6-m\libc_nano.a(lib_a-init.o)
__ledf2                                           c:/program files (x86)/gnu tools arm embedded/7 2018-q2-update/bin/../lib/gcc/arm-none-eabi/7.3.1/thumb/v6-m\libgcc.a(ledf2.o)
                                                  c:/program files (x86)/gnu tools arm embedded/7 2018-q2-update/bin/../lib/gcc/arm-none-eabi/7.3.1/thumb/v6-m\libgcc.a(_arm_cmpdf2.o)
__libc_fini_array                                 c:/program files (x86)/gnu tools arm embedded/7 2018-q2-update/bin/../lib/gcc/arm-none-eabi/7.3.1/../../../../arm-none-eabi/lib/thumb/v6-m/crt0.o
__libc_init_array                                 c:/program files (x86)/gnu tools arm embedded/7 2018-q2-update/bin/../lib/gcc/arm-none-eabi/7.3.1/../../../../arm-none-eabi/lib/thumb/v6-m\libc_nano.a(lib_a-init.o)
                                                  build/startup_stm32f030xc.o
                                                  c:/program files (x86)/gnu tools arm embedded/7 2018-q2-update/bin/../lib/gcc/arm-none-eabi/7.3.1/../../../../arm-none-eabi/lib/thumb/v6-m/crt0.o
__ltdf2                                           c:/program files (x86)/gnu tools arm embedded/7 2018-q2-update/bin/../lib/gcc/arm-none-eabi/7.3.1/thumb/v6-m\libgcc.a(ledf2.o)
__malloc_free_list                                c:/program files (x86)/gnu tools arm embedded/7 2018-q2-update/bin/../lib/gcc/arm-none-eabi/7.3.1/../../../../arm-none-eabi/lib/thumb/v6-m\libc_nano.a(lib_a-nano-mallocr.o)
                                                  c:/program files (x86)/gnu tools arm embedded/7 2018-q2-update/bin/../lib/gcc/arm-none-eabi/7.3.1/../../../../arm-none-eabi/lib/thumb/v6-m\libc_nano.a(lib_a-nano-freer.o)
__malloc_lock                                     c:/program files (x86)/gnu tools arm embedded/7 2018-q2-update/bin/../lib/gcc/arm-none-eabi/7.3.1/../../../../arm-none-eabi/lib/thumb/v6-m\libc_nano.a(lib_a-mlock.o)
                                                  c:/program files (x86)/gnu tools arm embedded/7 2018-q2-update/bin/../lib/gcc/arm-none-eabi/7.3.1/../../../../arm-none-eabi/lib/thumb/v6-m\libc_nano.a(lib_a-nano-mallocr.o)
                                                  c:/program files (x86)/gnu tools arm embedded/7 2018-q2-update/bin/../lib/gcc/arm-none-eabi/7.3.1/../../../../arm-none-eabi/lib/thumb/v6-m\libc_nano.a(lib_a-nano-freer.o)
__malloc_sbrk_start                               c:/program files (x86)/gnu tools arm embedded/7 2018-q2-update/bin/../lib/gcc/arm-none-eabi/7.3.1/../../../../arm-none-eabi/lib/thumb/v6-m\libc_nano.a(lib_a-nano-mallocr.o)
__malloc_unlock                                   c:/program files (x86)/gnu tools arm embedded/7 2018-q2-update/bin/../lib/gcc/arm-none-eabi/7.3.1/../../../../arm-none-eabi/lib/thumb/v6-m\libc_nano.a(lib_a-mlock.o)
                                                  c:/program files (x86)/gnu tools arm embedded/7 2018-q2-update/bin/../lib/gcc/arm-none-eabi/7.3.1/../../../../arm-none-eabi/lib/thumb/v6-m\libc_nano.a(lib_a-nano-mallocr.o)
                                                  c:/program files (x86)/gnu tools arm embedded/7 2018-q2-update/bin/../lib/gcc/arm-none-eabi/7.3.1/../../../../arm-none-eabi/lib/thumb/v6-m\libc_nano.a(lib_a-nano-freer.o)
__nedf2                                           c:/program files (x86)/gnu tools arm embedded/7 2018-q2-update/bin/../lib/gcc/arm-none-eabi/7.3.1/thumb/v6-m\libgcc.a(eqdf2.o)
__preinit_array_end                               c:/program files (x86)/gnu tools arm embedded/7 2018-q2-update/bin/../lib/gcc/arm-none-eabi/7.3.1/../../../../arm-none-eabi/lib/thumb/v6-m\libc_nano.a(lib_a-init.o)
__preinit_array_start                             c:/program files (x86)/gnu tools arm embedded/7 2018-q2-update/bin/../lib/gcc/arm-none-eabi/7.3.1/../../../../arm-none-eabi/lib/thumb/v6-m\libc_nano.a(lib_a-init.o)
__register_frame_info                             c:/program files (x86)/gnu tools arm embedded/7 2018-q2-update/bin/../lib/gcc/arm-none-eabi/7.3.1/thumb/v6-m/crtbegin.o
__sf_fake_stderr                                  c:/program files (x86)/gnu tools arm embedded/7 2018-q2-update/bin/../lib/gcc/arm-none-eabi/7.3.1/../../../../arm-none-eabi/lib/thumb/v6-m\libc_nano.a(lib_a-impure.o)
__sf_fake_stdin                                   c:/program files (x86)/gnu tools arm embedded/7 2018-q2-update/bin/../lib/gcc/arm-none-eabi/7.3.1/../../../../arm-none-eabi/lib/thumb/v6-m\libc_nano.a(lib_a-impure.o)
__sf_fake_stdout                                  c:/program files (x86)/gnu tools arm embedded/7 2018-q2-update/bin/../lib/gcc/arm-none-eabi/7.3.1/../../../../arm-none-eabi/lib/thumb/v6-m\libc_nano.a(lib_a-impure.o)
__ssprint_r                                       c:/program files (x86)/gnu tools arm embedded/7 2018-q2-update/bin/../lib/gcc/arm-none-eabi/7.3.1/../../../../arm-none-eabi/lib/thumb/v6-m\libc_nano.a(lib_a-nano-svfprintf.o)
__ssputs_r                                        c:/program files (x86)/gnu tools arm embedded/7 2018-q2-update/bin/../lib/gcc/arm-none-eabi/7.3.1/../../../../arm-none-eabi/lib/thumb/v6-m\libc_nano.a(lib_a-nano-svfprintf.o)
__stack                                           c:/program files (x86)/gnu tools arm embedded/7 2018-q2-update/bin/../lib/gcc/arm-none-eabi/7.3.1/../../../../arm-none-eabi/lib/thumb/v6-m/crt0.o
__udivsi3                                         c:/program files (x86)/gnu tools arm embedded/7 2018-q2-update/bin/../lib/gcc/arm-none-eabi/7.3.1/thumb/v6-m\libgcc.a(_udivsi3.o)
_ebss                                             build/startup_stm32f030xc.o
_edata                                            build/startup_stm32f030xc.o
_estack                                           build/startup_stm32f030xc.o
_exit                                             c:/program files (x86)/gnu tools arm embedded/7 2018-q2-update/bin/../lib/gcc/arm-none-eabi/7.3.1/../../../../arm-none-eabi/lib/thumb/v6-m\libnosys.a(_exit.o)
                                                  c:/program files (x86)/gnu tools arm embedded/7 2018-q2-update/bin/../lib/gcc/arm-none-eabi/7.3.1/../../../../arm-none-eabi/lib/thumb/v6-m\libc_nano.a(lib_a-exit.o)
_fini                                             c:/program files (x86)/gnu tools arm embedded/7 2018-q2-update/bin/../lib/gcc/arm-none-eabi/7.3.1/thumb/v6-m/crti.o
_free_r                                           c:/program files (x86)/gnu tools arm embedded/7 2018-q2-update/bin/../lib/gcc/arm-none-eabi/7.3.1/../../../../arm-none-eabi/lib/thumb/v6-m\libc_nano.a(lib_a-nano-freer.o)
                                                  c:/program files (x86)/gnu tools arm embedded/7 2018-q2-update/bin/../lib/gcc/arm-none-eabi/7.3.1/../../../../arm-none-eabi/lib/thumb/v6-m\libc_nano.a(lib_a-reent.o)
                                                  c:/program files (x86)/gnu tools arm embedded/7 2018-q2-update/bin/../lib/gcc/arm-none-eabi/7.3.1/../../../../arm-none-eabi/lib/thumb/v6-m\libc_nano.a(lib_a-nano-reallocr.o)
                                                  c:/program files (x86)/gnu tools arm embedded/7 2018-q2-update/bin/../lib/gcc/arm-none-eabi/7.3.1/../../../../arm-none-eabi/lib/thumb/v6-m\libc_nano.a(lib_a-nano-svfprintf.o)
_global_impure_ptr                                c:/program files (x86)/gnu tools arm embedded/7 2018-q2-update/bin/../lib/gcc/arm-none-eabi/7.3.1/../../../../arm-none-eabi/lib/thumb/v6-m\libc_nano.a(lib_a-impure.o)
                                                  c:/program files (x86)/gnu tools arm embedded/7 2018-q2-update/bin/../lib/gcc/arm-none-eabi/7.3.1/../../../../arm-none-eabi/lib/thumb/v6-m\libc_nano.a(lib_a-exit.o)
_impure_ptr                                       c:/program files (x86)/gnu tools arm embedded/7 2018-q2-update/bin/../lib/gcc/arm-none-eabi/7.3.1/../../../../arm-none-eabi/lib/thumb/v6-m\libc_nano.a(lib_a-impure.o)
                                                  c:/program files (x86)/gnu tools arm embedded/7 2018-q2-update/bin/../lib/gcc/arm-none-eabi/7.3.1/../../../../arm-none-eabi/lib/thumb/v6-m\libc_nano.a(lib_a-reent.o)
                                                  c:/program files (x86)/gnu tools arm embedded/7 2018-q2-update/bin/../lib/gcc/arm-none-eabi/7.3.1/../../../../arm-none-eabi/lib/thumb/v6-m\libc_nano.a(lib_a-sprintf.o)
_init                                             c:/program files (x86)/gnu tools arm embedded/7 2018-q2-update/bin/../lib/gcc/arm-none-eabi/7.3.1/thumb/v6-m/crti.o
                                                  c:/program files (x86)/gnu tools arm embedded/7 2018-q2-update/bin/../lib/gcc/arm-none-eabi/7.3.1/../../../../arm-none-eabi/lib/thumb/v6-m\libc_nano.a(lib_a-init.o)
_mainCRTStartup                                   c:/program files (x86)/gnu tools arm embedded/7 2018-q2-update/bin/../lib/gcc/arm-none-eabi/7.3.1/../../../../arm-none-eabi/lib/thumb/v6-m/crt0.o
_malloc_r                                         c:/program files (x86)/gnu tools arm embedded/7 2018-q2-update/bin/../lib/gcc/arm-none-eabi/7.3.1/../../../../arm-none-eabi/lib/thumb/v6-m\libc_nano.a(lib_a-nano-mallocr.o)
                                                  c:/program files (x86)/gnu tools arm embedded/7 2018-q2-update/bin/../lib/gcc/arm-none-eabi/7.3.1/../../../../arm-none-eabi/lib/thumb/v6-m\libc_nano.a(lib_a-nano-reallocr.o)
                                                  c:/program files (x86)/gnu tools arm embedded/7 2018-q2-update/bin/../lib/gcc/arm-none-eabi/7.3.1/../../../../arm-none-eabi/lib/thumb/v6-m\libc_nano.a(lib_a-nano-svfprintf.o)
_malloc_usable_size_r                             c:/program files (x86)/gnu tools arm embedded/7 2018-q2-update/bin/../lib/gcc/arm-none-eabi/7.3.1/../../../../arm-none-eabi/lib/thumb/v6-m\libc_nano.a(lib_a-nano-msizer.o)
                                                  c:/program files (x86)/gnu tools arm embedded/7 2018-q2-update/bin/../lib/gcc/arm-none-eabi/7.3.1/../../../../arm-none-eabi/lib/thumb/v6-m\libc_nano.a(lib_a-nano-reallocr.o)
_printf_common                                    c:/program files (x86)/gnu tools arm embedded/7 2018-q2-update/bin/../lib/gcc/arm-none-eabi/7.3.1/../../../../arm-none-eabi/lib/thumb/v6-m\libc_nano.a(lib_a-nano-vfprintf_i.o)
_printf_float                                     c:/program files (x86)/gnu tools arm embedded/7 2018-q2-update/bin/../lib/gcc/arm-none-eabi/7.3.1/../../../../arm-none-eabi/lib/thumb/v6-m\libc_nano.a(lib_a-nano-svfprintf.o)
_printf_i                                         c:/program files (x86)/gnu tools arm embedded/7 2018-q2-update/bin/../lib/gcc/arm-none-eabi/7.3.1/../../../../arm-none-eabi/lib/thumb/v6-m\libc_nano.a(lib_a-nano-vfprintf_i.o)
                                                  c:/program files (x86)/gnu tools arm embedded/7 2018-q2-update/bin/../lib/gcc/arm-none-eabi/7.3.1/../../../../arm-none-eabi/lib/thumb/v6-m\libc_nano.a(lib_a-nano-svfprintf.o)
_realloc_r                                        c:/program files (x86)/gnu tools arm embedded/7 2018-q2-update/bin/../lib/gcc/arm-none-eabi/7.3.1/../../../../arm-none-eabi/lib/thumb/v6-m\libc_nano.a(lib_a-nano-reallocr.o)
                                                  c:/program files (x86)/gnu tools arm embedded/7 2018-q2-update/bin/../lib/gcc/arm-none-eabi/7.3.1/../../../../arm-none-eabi/lib/thumb/v6-m\libc_nano.a(lib_a-nano-svfprintf.o)
_reclaim_reent                                    c:/program files (x86)/gnu tools arm embedded/7 2018-q2-update/bin/../lib/gcc/arm-none-eabi/7.3.1/../../../../arm-none-eabi/lib/thumb/v6-m\libc_nano.a(lib_a-reent.o)
_sbrk                                             c:/program files (x86)/gnu tools arm embedded/7 2018-q2-update/bin/../lib/gcc/arm-none-eabi/7.3.1/../../../../arm-none-eabi/lib/thumb/v6-m\libnosys.a(sbrk.o)
                                                  c:/program files (x86)/gnu tools arm embedded/7 2018-q2-update/bin/../lib/gcc/arm-none-eabi/7.3.1/../../../../arm-none-eabi/lib/thumb/v6-m\libc_nano.a(lib_a-sbrkr.o)
_sbrk_r                                           c:/program files (x86)/gnu tools arm embedded/7 2018-q2-update/bin/../lib/gcc/arm-none-eabi/7.3.1/../../../../arm-none-eabi/lib/thumb/v6-m\libc_nano.a(lib_a-sbrkr.o)
                                                  c:/program files (x86)/gnu tools arm embedded/7 2018-q2-update/bin/../lib/gcc/arm-none-eabi/7.3.1/../../../../arm-none-eabi/lib/thumb/v6-m\libc_nano.a(lib_a-nano-mallocr.o)
_sbss                                             build/startup_stm32f030xc.o
_sdata                                            build/startup_stm32f030xc.o
_sidata                                           build/startup_stm32f030xc.o
_siprintf_r                                       c:/program files (x86)/gnu tools arm embedded/7 2018-q2-update/bin/../lib/gcc/arm-none-eabi/7.3.1/../../../../arm-none-eabi/lib/thumb/v6-m\libc_nano.a(lib_a-sprintf.o)
_sprintf_r                                        c:/program files (x86)/gnu tools arm embedded/7 2018-q2-update/bin/../lib/gcc/arm-none-eabi/7.3.1/../../../../arm-none-eabi/lib/thumb/v6-m\libc_nano.a(lib_a-sprintf.o)
_start                                            c:/program files (x86)/gnu tools arm embedded/7 2018-q2-update/bin/../lib/gcc/arm-none-eabi/7.3.1/../../../../arm-none-eabi/lib/thumb/v6-m/crt0.o
_svfiprintf_r                                     c:/program files (x86)/gnu tools arm embedded/7 2018-q2-update/bin/../lib/gcc/arm-none-eabi/7.3.1/../../../../arm-none-eabi/lib/thumb/v6-m\libc_nano.a(lib_a-nano-svfprintf.o)
_svfprintf_r                                      c:/program files (x86)/gnu tools arm embedded/7 2018-q2-update/bin/../lib/gcc/arm-none-eabi/7.3.1/../../../../arm-none-eabi/lib/thumb/v6-m\libc_nano.a(lib_a-nano-svfprintf.o)
                                                  c:/program files (x86)/gnu tools arm embedded/7 2018-q2-update/bin/../lib/gcc/arm-none-eabi/7.3.1/../../../../arm-none-eabi/lib/thumb/v6-m\libc_nano.a(lib_a-sprintf.o)
aShowDate                                         build/rtc.o
aShowTime                                         build/rtc.o
atexit                                            c:/program files (x86)/gnu tools arm embedded/7 2018-q2-update/bin/../lib/gcc/arm-none-eabi/7.3.1/../../../../arm-none-eabi/lib/thumb/v6-m/crt0.o
checkRotationDirection                            build/rotaryencoder.o
cleanup_glue                                      c:/program files (x86)/gnu tools arm embedded/7 2018-q2-update/bin/../lib/gcc/arm-none-eabi/7.3.1/../../../../arm-none-eabi/lib/thumb/v6-m\libc_nano.a(lib_a-reent.o)
end                                               c:/program files (x86)/gnu tools arm embedded/7 2018-q2-update/bin/../lib/gcc/arm-none-eabi/7.3.1/../../../../arm-none-eabi/lib/thumb/v6-m\libnosys.a(sbrk.o)
errno                                             c:/program files (x86)/gnu tools arm embedded/7 2018-q2-update/bin/../lib/gcc/arm-none-eabi/7.3.1/../../../../arm-none-eabi/lib/thumb/v6-m\libc_nano.a(lib_a-reent.o)
                                                  c:/program files (x86)/gnu tools arm embedded/7 2018-q2-update/bin/../lib/gcc/arm-none-eabi/7.3.1/../../../../arm-none-eabi/lib/thumb/v6-m\libc_nano.a(lib_a-sbrkr.o)
exit                                              c:/program files (x86)/gnu tools arm embedded/7 2018-q2-update/bin/../lib/gcc/arm-none-eabi/7.3.1/../../../../arm-none-eabi/lib/thumb/v6-m\libc_nano.a(lib_a-exit.o)
                                                  c:/program files (x86)/gnu tools arm embedded/7 2018-q2-update/bin/../lib/gcc/arm-none-eabi/7.3.1/../../../../arm-none-eabi/lib/thumb/v6-m/crt0.o
g_pfnVectors                                      build/startup_stm32f030xc.o
getButton1Flag                                    build/rotaryencoder.o
getCommand                                        build/commandprompt.o
getRotAFlag                                       build/rotaryencoder.o
getRotBFlag                                       build/rotaryencoder.o
hardware_init_hook                                c:/program files (x86)/gnu tools arm embedded/7 2018-q2-update/bin/../lib/gcc/arm-none-eabi/7.3.1/../../../../arm-none-eabi/lib/thumb/v6-m/crt0.o
hi2c2                                             build/i2c.o
hrtc                                              build/rtc.o
huart2                                            build/usart.o
i2c_master_read                                   build/i2c.o
                                                  build/pca9685.o
i2c_master_write                                  build/i2c.o
                                                  build/pca9685.o
main                                              build/main.o
                                                  build/startup_stm32f030xc.o
                                                  c:/program files (x86)/gnu tools arm embedded/7 2018-q2-update/bin/../lib/gcc/arm-none-eabi/7.3.1/../../../../arm-none-eabi/lib/thumb/v6-m/crt0.o