Archive member included to satisfy reference by file (symbol)

c:/program files (x86)/gnu tools arm embedded/7 2018-q2-update/bin/../lib/gcc/arm-none-eabi/7.3.1/../../../../arm-none-eabi/lib/thumb/v6-m\libc_nano.a(lib_a-exit.o)
                              c:/program files (x86)/gnu tools arm embedded/7 2018-q2-update/bin/../lib/gcc/arm-none-eabi/7.3.1/../../../../arm-none-eabi/lib/thumb/v6-m/crt0.o (exit)
c:/program files (x86)/gnu tools arm embedded/7 2018-q2-update/bin/../lib/gcc/arm-none-eabi/7.3.1/../../../../arm-none-eabi/lib/thumb/v6-m\libc_nano.a(lib_a-impure.o)
                              c:/program files (x86)/gnu tools arm embedded/7 2018-q2-update/bin/../lib/gcc/arm-none-eabi/7.3.1/../../../../arm-none-eabi/lib/thumb/v6-m\libc_nano.a(lib_a-exit.o) (_global_impure_ptr)
c:/program files (x86)/gnu tools arm embedded/7 2018-q2-update/bin/../lib/gcc/arm-none-eabi/7.3.1/../../../../arm-none-eabi/lib/thumb/v6-m\libc_nano.a(lib_a-init.o)
                              c:/program files (x86)/gnu tools arm embedded/7 2018-q2-update/bin/../lib/gcc/arm-none-eabi/7.3.1/../../../../arm-none-eabi/lib/thumb/v6-m/crt0.o (__libc_init_array)
c:/program files (x86)/gnu tools arm embedded/7 2018-q2-update/bin/../lib/gcc/arm-none-eabi/7.3.1/../../../../arm-none-eabi/lib/thumb/v6-m\libc_nano.a(lib_a-memset.o)
                              c:/program files (x86)/gnu tools arm embedded/7 2018-q2-update/bin/../lib/gcc/arm-none-eabi/7.3.1/../../../../arm-none-eabi/lib/thumb/v6-m/crt0.o (memset)
c:/program files (x86)/gnu tools arm embedded/7 2018-q2-update/bin/../lib/gcc/arm-none-eabi/7.3.1/../../../../arm-none-eabi/lib/thumb/v6-m\libc_nano.a(lib_a-strlen.o)
                              build/usart.o (strlen)
c:/program files (x86)/gnu tools arm embedded/7 2018-q2-update/bin/../lib/gcc/arm-none-eabi/7.3.1/../../../../arm-none-eabi/lib/thumb/v6-m\libnosys.a(_exit.o)
                              c:/program files (x86)/gnu tools arm embedded/7 2018-q2-update/bin/../lib/gcc/arm-none-eabi/7.3.1/../../../../arm-none-eabi/lib/thumb/v6-m\libc_nano.a(lib_a-exit.o) (_exit)
c:/program files (x86)/gnu tools arm embedded/7 2018-q2-update/bin/../lib/gcc/arm-none-eabi/7.3.1/thumb/v6-m\libgcc.a(_udivsi3.o)
                              build/main.o (__aeabi_uidiv)
c:/program files (x86)/gnu tools arm embedded/7 2018-q2-update/bin/../lib/gcc/arm-none-eabi/7.3.1/thumb/v6-m\libgcc.a(_dvmd_tls.o)
                              c:/program files (x86)/gnu tools arm embedded/7 2018-q2-update/bin/../lib/gcc/arm-none-eabi/7.3.1/thumb/v6-m\libgcc.a(_udivsi3.o) (__aeabi_idiv0)
c:/program files (x86)/gnu tools arm embedded/7 2018-q2-update/bin/../lib/gcc/arm-none-eabi/7.3.1/thumb/v6-m\libgcc.a(_fixunsdfsi.o)
                              build/pca9685.o (__aeabi_d2uiz)
c:/program files (x86)/gnu tools arm embedded/7 2018-q2-update/bin/../lib/gcc/arm-none-eabi/7.3.1/thumb/v6-m\libgcc.a(adddf3.o)
                              build/pca9685.o (__aeabi_dadd)
c:/program files (x86)/gnu tools arm embedded/7 2018-q2-update/bin/../lib/gcc/arm-none-eabi/7.3.1/thumb/v6-m\libgcc.a(divdf3.o)
                              build/pca9685.o (__aeabi_ddiv)
c:/program files (x86)/gnu tools arm embedded/7 2018-q2-update/bin/../lib/gcc/arm-none-eabi/7.3.1/thumb/v6-m\libgcc.a(subdf3.o)
                              c:/program files (x86)/gnu tools arm embedded/7 2018-q2-update/bin/../lib/gcc/arm-none-eabi/7.3.1/thumb/v6-m\libgcc.a(_fixunsdfsi.o) (__aeabi_dsub)
c:/program files (x86)/gnu tools arm embedded/7 2018-q2-update/bin/../lib/gcc/arm-none-eabi/7.3.1/thumb/v6-m\libgcc.a(fixdfsi.o)
                              c:/program files (x86)/gnu tools arm embedded/7 2018-q2-update/bin/../lib/gcc/arm-none-eabi/7.3.1/thumb/v6-m\libgcc.a(_fixunsdfsi.o) (__aeabi_d2iz)
c:/program files (x86)/gnu tools arm embedded/7 2018-q2-update/bin/../lib/gcc/arm-none-eabi/7.3.1/thumb/v6-m\libgcc.a(floatunsidf.o)
                              build/pca9685.o (__aeabi_ui2d)
c:/program files (x86)/gnu tools arm embedded/7 2018-q2-update/bin/../lib/gcc/arm-none-eabi/7.3.1/thumb/v6-m\libgcc.a(_arm_cmpdf2.o)
                              c:/program files (x86)/gnu tools arm embedded/7 2018-q2-update/bin/../lib/gcc/arm-none-eabi/7.3.1/thumb/v6-m\libgcc.a(_fixunsdfsi.o) (__aeabi_dcmpge)
c:/program files (x86)/gnu tools arm embedded/7 2018-q2-update/bin/../lib/gcc/arm-none-eabi/7.3.1/thumb/v6-m\libgcc.a(_clzsi2.o)
                              c:/program files (x86)/gnu tools arm embedded/7 2018-q2-update/bin/../lib/gcc/arm-none-eabi/7.3.1/thumb/v6-m\libgcc.a(adddf3.o) (__clzsi2)
c:/program files (x86)/gnu tools arm embedded/7 2018-q2-update/bin/../lib/gcc/arm-none-eabi/7.3.1/thumb/v6-m\libgcc.a(eqdf2.o)
                              c:/program files (x86)/gnu tools arm embedded/7 2018-q2-update/bin/../lib/gcc/arm-none-eabi/7.3.1/thumb/v6-m\libgcc.a(_arm_cmpdf2.o) (__eqdf2)
[...]
Memory Configuration

Name             Origin             Length             Attributes
RAM              0x20000000         0x00008000         xrw
FLASH            0x08000000         0x00040000         xr
*default*        0x00000000         0xffffffff

Linker script and memory map

LOAD c:/program files (x86)/gnu tools arm embedded/7 2018-q2-update/bin/../lib/gcc/arm-none-eabi/7.3.1/thumb/v6-m/crti.o
LOAD c:/program files (x86)/gnu tools arm embedded/7 2018-q2-update/bin/../lib/gcc/arm-none-eabi/7.3.1/thumb/v6-m/crtbegin.o
LOAD c:/program files (x86)/gnu tools arm embedded/7 2018-q2-update/bin/../lib/gcc/arm-none-eabi/7.3.1/../../../../arm-none-eabi/lib/thumb/v6-m/crt0.o
LOAD build/main.o
LOAD build/pca9685.o
LOAD build/gpio.o
LOAD build/i2c.o
LOAD build/rtc.o
LOAD build/usart.o
LOAD build/stm32f0xx_it.o
LOAD build/stm32f0xx_hal_msp.o
LOAD build/stm32f0xx_hal_i2c.o
LOAD build/stm32f0xx_hal_i2c_ex.o
LOAD build/stm32f0xx_hal_rtc.o
LOAD build/stm32f0xx_hal_rtc_ex.o
LOAD build/stm32f0xx_hal_tim.o
LOAD build/stm32f0xx_hal_tim_ex.o
LOAD build/stm32f0xx_hal_uart.o
LOAD build/stm32f0xx_hal_uart_ex.o
LOAD build/stm32f0xx_hal_rcc.o
LOAD build/stm32f0xx_hal_rcc_ex.o
LOAD build/stm32f0xx_hal.o
LOAD build/stm32f0xx_hal_gpio.o
LOAD build/stm32f0xx_hal_dma.o
LOAD build/stm32f0xx_hal_cortex.o
LOAD build/stm32f0xx_hal_pwr.o
LOAD build/stm32f0xx_hal_pwr_ex.o
LOAD build/stm32f0xx_hal_flash.o
LOAD build/stm32f0xx_hal_flash_ex.o
LOAD build/system_stm32f0xx.o
LOAD build/startup_stm32f030xc.o
LOAD c:/program files (x86)/gnu tools arm embedded/7 2018-q2-update/bin/../lib/gcc/arm-none-eabi/7.3.1/../../../../arm-none-eabi/lib/thumb/v6-m\libc_nano.a
LOAD c:/program files (x86)/gnu tools arm embedded/7 2018-q2-update/bin/../lib/gcc/arm-none-eabi/7.3.1/../../../../arm-none-eabi/lib/thumb/v6-m\libm.a
LOAD c:/program files (x86)/gnu tools arm embedded/7 2018-q2-update/bin/../lib/gcc/arm-none-eabi/7.3.1/../../../../arm-none-eabi/lib/thumb/v6-m\libnosys.a
START GROUP
LOAD c:/program files (x86)/gnu tools arm embedded/7 2018-q2-update/bin/../lib/gcc/arm-none-eabi/7.3.1/thumb/v6-m\libgcc.a
LOAD c:/program files (x86)/gnu tools arm embedded/7 2018-q2-update/bin/../lib/gcc/arm-none-eabi/7.3.1/../../../../arm-none-eabi/lib/thumb/v6-m\libc_nano.a
END GROUP
START GROUP
LOAD c:/program files (x86)/gnu tools arm embedded/7 2018-q2-update/bin/../lib/gcc/arm-none-eabi/7.3.1/thumb/v6-m\libgcc.a
LOAD c:/program files (x86)/gnu tools arm embedded/7 2018-q2-update/bin/../lib/gcc/arm-none-eabi/7.3.1/../../../../arm-none-eabi/lib/thumb/v6-m\libc_nano.a
END GROUP
LOAD c:/program files (x86)/gnu tools arm embedded/7 2018-q2-update/bin/../lib/gcc/arm-none-eabi/7.3.1/thumb/v6-m/crtend.o
LOAD c:/program files (x86)/gnu tools arm embedded/7 2018-q2-update/bin/../lib/gcc/arm-none-eabi/7.3.1/thumb/v6-m/crtn.o
                0x20008000                _estack = 0x20008000
                0x00000200                _Min_Heap_Size = 0x200
                0x00000400                _Min_Stack_Size = 0x400

.isr_vector     0x08000000       0xbc
                0x08000000                . = ALIGN (0x4)
 *(.isr_vector)
 .isr_vector    0x08000000       0xbc build/startup_stm32f030xc.o
                0x08000000                g_pfnVectors
                0x080000bc                . = ALIGN (0x4)

.text           0x080000bc     0x1c98
                0x080000bc                . = ALIGN (0x4)
 *(.text)
 .text          0x080000bc       0x48 c:/program files (x86)/gnu tools arm embedded/7 2018-q2-update/bin/../lib/gcc/arm-none-eabi/7.3.1/thumb/v6-m/crtbegin.o
 .text          0x08000104      0x114 c:/program files (x86)/gnu tools arm embedded/7 2018-q2-update/bin/../lib/gcc/arm-none-eabi/7.3.1/thumb/v6-m\libgcc.a(_udivsi3.o)
                0x08000104                __aeabi_uidiv
                0x08000104                __udivsi3
                0x08000210                __aeabi_uidivmod
 .text          0x08000218        0x4 c:/program files (x86)/gnu tools arm embedded/7 2018-q2-update/bin/../lib/gcc/arm-none-eabi/7.3.1/thumb/v6-m\libgcc.a(_dvmd_tls.o)
                0x08000218                __aeabi_idiv0
                0x08000218                __aeabi_ldiv0
 *(.text*)
 .text._Error_Handler
                0x0800021c        0x2 build/main.o
                0x0800021c                _Error_Handler
 *fill*         0x0800021e        0x2 
 .text.SystemClock_Config
                0x08000220       0xa4 build/main.o
                0x08000220                SystemClock_Config
 .text.main     0x080002c4       0x48 build/main.o
                0x080002c4                main
 .text.i2c_write_reg8
                0x0800030c       0x16 build/pca9685.o
 .text.i2c_write_reg8_multiple
                0x08000322       0x26 build/pca9685.o
 .text.pca9685_set_pwm
                0x08000348       0x26 build/pca9685.o
                0x08000348                pca9685_set_pwm
 *fill*         0x0800036e        0x2 
 .text.pca9685_set_pin
                0x08000370       0x34 build/pca9685.o
                0x08000370                pca9685_set_pin
 .text.pca9685_init
                0x080003a4       0x2e build/pca9685.o
                0x080003a4                pca9685_init
 *fill*         0x080003d2        0x2 
 .text.MX_GPIO_Init
                0x080003d4       0x80 build/gpio.o
                0x080003d4                MX_GPIO_Init
 .text.set_OutputEnable_PCA9685
                0x08000454       0x14 build/gpio.o
                0x08000454                set_OutputEnable_PCA9685
 .text.MX_I2C2_Init
                0x08000468       0x70 build/i2c.o
                0x08000468                MX_I2C2_Init
 .text.HAL_I2C_MspInit
                0x080004d8       0x50 build/i2c.o
                0x080004d8                HAL_I2C_MspInit
 .text.i2c_master_write
                0x08000528       0x20 build/i2c.o
                0x08000528                i2c_master_write
 .text.MX_RTC_Init
                0x08000548       0x88 build/rtc.o
                0x08000548                MX_RTC_Init
 .text.HAL_RTC_MspInit
                0x080005d0       0x20 build/rtc.o
                0x080005d0                HAL_RTC_MspInit
 .text.MX_USART2_UART_Init
                0x080005f0       0x44 build/usart.o
                0x080005f0                MX_USART2_UART_Init
 .text.HAL_UART_MspInit
                0x08000634       0x4c build/usart.o
                0x08000634                HAL_UART_MspInit
 .text.NMI_Handler
                0x08000680        0x2 build/stm32f0xx_it.o
                0x08000680                NMI_Handler
 .text.HardFault_Handler
                0x08000682        0x2 build/stm32f0xx_it.o
                0x08000682                HardFault_Handler
 .text.SVC_Handler
                0x08000684        0x2 build/stm32f0xx_it.o
                0x08000684                SVC_Handler
 .text.PendSV_Handler
                0x08000686        0x2 build/stm32f0xx_it.o
                0x08000686                PendSV_Handler
 .text.SysTick_Handler
                0x08000688        0xc build/stm32f0xx_it.o
                0x08000688                SysTick_Handler
 .text.HAL_MspInit
                0x08000694       0x54 build/stm32f0xx_hal_msp.o
                0x08000694                HAL_MspInit
 .text.I2C_Flush_TXDR
                0x080006e8       0x1e build/stm32f0xx_hal_i2c.o
 *fill*         0x08000706        0x2 
 .text.I2C_TransferConfig
                0x08000708       0x28 build/stm32f0xx_hal_i2c.o
 .text.I2C_IsAcknowledgeFailed
                0x08000730       0x78 build/stm32f0xx_hal_i2c.o
 .text.I2C_WaitOnTXISFlagUntilTimeout
                0x080007a8       0x52 build/stm32f0xx_hal_i2c.o
 .text.I2C_WaitOnFlagUntilTimeout
                0x080007fa       0x46 build/stm32f0xx_hal_i2c.o
 .text.I2C_WaitOnSTOPFlagUntilTimeout
                0x08000840       0x4e build/stm32f0xx_hal_i2c.o
 *fill*         0x0800088e        0x2 
 .text.HAL_I2C_Init
                0x08000890       0xcc build/stm32f0xx_hal_i2c.o
                0x08000890                HAL_I2C_Init
 .text.HAL_I2C_Master_Transmit
                0x0800095c      0x180 build/stm32f0xx_hal_i2c.o
                0x0800095c                HAL_I2C_Master_Transmit
 .text.HAL_I2CEx_ConfigAnalogFilter
                0x08000adc       0x58 build/stm32f0xx_hal_i2c_ex.o
                0x08000adc                HAL_I2CEx_ConfigAnalogFilter
 .text.HAL_I2CEx_ConfigDigitalFilter
                0x08000b34       0x54 build/stm32f0xx_hal_i2c_ex.o
                0x08000b34                HAL_I2CEx_ConfigDigitalFilter
 .text.HAL_RTC_WaitForSynchro
                0x08000b88       0x32 build/stm32f0xx_hal_rtc.o
                0x08000b88                HAL_RTC_WaitForSynchro
 .text.RTC_EnterInitMode
                0x08000bba       0x3a build/stm32f0xx_hal_rtc.o
                0x08000bba                RTC_EnterInitMode
 .text.HAL_RTC_Init
                0x08000bf4       0xc4 build/stm32f0xx_hal_rtc.o
                0x08000bf4                HAL_RTC_Init
 .text.RTC_ByteToBcd2
                0x08000cb8       0x16 build/stm32f0xx_hal_rtc.o
                0x08000cb8                RTC_ByteToBcd2
 *fill*         0x08000cce        0x2 
 .text.HAL_RTC_SetTime
                0x08000cd0       0xfc build/stm32f0xx_hal_rtc.o
                0x08000cd0                HAL_RTC_SetTime
 .text.HAL_RTC_SetDate
                0x08000dcc       0xd8 build/stm32f0xx_hal_rtc.o
                0x08000dcc                HAL_RTC_SetDate
 .text.UART_SetConfig
                0x08000ea4      0x1f0 build/stm32f0xx_hal_uart.o
                0x08000ea4                UART_SetConfig
 .text.UART_AdvFeatureConfig
                0x08001094       0xe0 build/stm32f0xx_hal_uart.o
                0x08001094                UART_AdvFeatureConfig
 .text.UART_CheckIdleState
                0x08001174       0x16 build/stm32f0xx_hal_uart.o
                0x08001174                UART_CheckIdleState
 *fill*         0x0800118a        0x2 
 .text.HAL_UART_Init
                0x0800118c       0x70 build/stm32f0xx_hal_uart.o
                0x0800118c                HAL_UART_Init
 .text.HAL_RCC_OscConfig
                0x080011fc      0x468 build/stm32f0xx_hal_rcc.o
                0x080011fc                HAL_RCC_OscConfig
 .text.HAL_RCC_GetSysClockFreq
                0x08001664       0x74 build/stm32f0xx_hal_rcc.o
                0x08001664                HAL_RCC_GetSysClockFreq
 .text.HAL_RCC_ClockConfig
                0x080016d8      0x154 build/stm32f0xx_hal_rcc.o
                0x080016d8                HAL_RCC_ClockConfig
 .text.HAL_RCC_GetHCLKFreq
                0x0800182c        0xc build/stm32f0xx_hal_rcc.o
                0x0800182c                HAL_RCC_GetHCLKFreq
 .text.HAL_RCC_GetPCLK1Freq
                0x08001838       0x20 build/stm32f0xx_hal_rcc.o
                0x08001838                HAL_RCC_GetPCLK1Freq
 .text.HAL_RCCEx_PeriphCLKConfig
                0x08001858      0x118 build/stm32f0xx_hal_rcc_ex.o
                0x08001858                HAL_RCCEx_PeriphCLKConfig
 .text.HAL_InitTick
                0x08001970       0x24 build/stm32f0xx_hal.o
                0x08001970                HAL_InitTick
 .text.HAL_Init
                0x08001994       0x20 build/stm32f0xx_hal.o
                0x08001994                HAL_Init
 .text.HAL_IncTick
                0x080019b4       0x10 build/stm32f0xx_hal.o
                0x080019b4                HAL_IncTick
 .text.HAL_GetTick
                0x080019c4        0xc build/stm32f0xx_hal.o
                0x080019c4                HAL_GetTick
 .text.HAL_GPIO_Init
                0x080019d0      0x18c build/stm32f0xx_hal_gpio.o
                0x080019d0                HAL_GPIO_Init
 .text.HAL_GPIO_WritePin
                0x08001b5c        0xc build/stm32f0xx_hal_gpio.o
                0x08001b5c                HAL_GPIO_WritePin
 .text.HAL_NVIC_SetPriority
                0x08001b68       0x60 build/stm32f0xx_hal_cortex.o
                0x08001b68                HAL_NVIC_SetPriority
 .text.HAL_SYSTICK_Config
                0x08001bc8       0x38 build/stm32f0xx_hal_cortex.o
                0x08001bc8                HAL_SYSTICK_Config
 .text.HAL_SYSTICK_CLKSourceConfig
                0x08001c00       0x20 build/stm32f0xx_hal_cortex.o
                0x08001c00                HAL_SYSTICK_CLKSourceConfig
 .text.HAL_SYSTICK_Callback
                0x08001c20        0x2 build/stm32f0xx_hal_cortex.o
                0x08001c20                HAL_SYSTICK_Callback
 .text.HAL_SYSTICK_IRQHandler
                0x08001c22        0x8 build/stm32f0xx_hal_cortex.o
                0x08001c22                HAL_SYSTICK_IRQHandler
 *fill*         0x08001c2a        0x2 
 .text.HAL_PWR_EnableBkUpAccess
                0x08001c2c       0x14 build/stm32f0xx_hal_pwr.o
                0x08001c2c                HAL_PWR_EnableBkUpAccess
 .text.SystemInit
                0x08001c40       0x60 build/system_stm32f0xx.o
                0x08001c40                SystemInit
 .text.Reset_Handler
                0x08001ca0       0x50 build/startup_stm32f030xc.o
                0x08001ca0                Reset_Handler
 .text.Default_Handler
                0x08001cf0        0x2 build/startup_stm32f030xc.o
                0x08001cf0                TIM1_CC_IRQHandler
                0x08001cf0                TIM6_IRQHandler
                0x08001cf0                I2C1_IRQHandler
                0x08001cf0                SPI1_IRQHandler
                0x08001cf0                EXTI2_3_IRQHandler
                0x08001cf0                ADC1_IRQHandler
                0x08001cf0                I2C2_IRQHandler
                0x08001cf0                USART3_6_IRQHandler
                0x08001cf0                TIM17_IRQHandler
                0x08001cf0                RTC_IRQHandler
                0x08001cf0                TIM16_IRQHandler
                0x08001cf0                TIM3_IRQHandler
                0x08001cf0                EXTI4_15_IRQHandler
                0x08001cf0                RCC_IRQHandler
                0x08001cf0                DMA1_Channel1_IRQHandler
                0x08001cf0                Default_Handler
                0x08001cf0                TIM14_IRQHandler
                0x08001cf0                DMA1_Channel4_5_IRQHandler
                0x08001cf0                TIM7_IRQHandler
                0x08001cf0                TIM15_IRQHandler
                0x08001cf0                EXTI0_1_IRQHandler
                0x08001cf0                SPI2_IRQHandler
                0x08001cf0                WWDG_IRQHandler
                0x08001cf0                DMA1_Channel2_3_IRQHandler
                0x08001cf0                USART2_IRQHandler
                0x08001cf0                FLASH_IRQHandler
                0x08001cf0                USART1_IRQHandler
                0x08001cf0                TIM1_BRK_UP_TRG_COM_IRQHandler
 *fill*         0x08001cf2        0x2 
 .text.__libc_init_array
                0x08001cf4       0x48 c:/program files (x86)/gnu tools arm embedded/7 2018-q2-update/bin/../lib/gcc/arm-none-eabi/7.3.1/../../../../arm-none-eabi/lib/thumb/v6-m\libc_nano.a(lib_a-init.o)
                0x08001cf4                __libc_init_array
 *(.glue_7)
 .glue_7        0x08001d3c        0x0 linker stubs
 *(.glue_7t)
 .glue_7t       0x08001d3c        0x0 linker stubs
 *(.eh_frame)
 .eh_frame      0x08001d3c        0x0 c:/program files (x86)/gnu tools arm embedded/7 2018-q2-update/bin/../lib/gcc/arm-none-eabi/7.3.1/thumb/v6-m/crtbegin.o
 *(.init)
 .init          0x08001d3c        0x4 c:/program files (x86)/gnu tools arm embedded/7 2018-q2-update/bin/../lib/gcc/arm-none-eabi/7.3.1/thumb/v6-m/crti.o
                0x08001d3c                _init
 .init          0x08001d40        0x8 c:/program files (x86)/gnu tools arm embedded/7 2018-q2-update/bin/../lib/gcc/arm-none-eabi/7.3.1/thumb/v6-m/crtn.o
 *(.fini)
 .fini          0x08001d48        0x4 c:/program files (x86)/gnu tools arm embedded/7 2018-q2-update/bin/../lib/gcc/arm-none-eabi/7.3.1/thumb/v6-m/crti.o
                0x08001d48                _fini
 .fini          0x08001d4c        0x8 c:/program files (x86)/gnu tools arm embedded/7 2018-q2-update/bin/../lib/gcc/arm-none-eabi/7.3.1/thumb/v6-m/crtn.o
                0x08001d54                . = ALIGN (0x4)
                0x08001d54                _etext = .

.vfp11_veneer   0x08001d54        0x0
 .vfp11_veneer  0x08001d54        0x0 linker stubs

.v4_bx          0x08001d54        0x0
 .v4_bx         0x08001d54        0x0 linker stubs

.iplt           0x08001d54        0x0
 .iplt          0x08001d54        0x0 c:/program files (x86)/gnu tools arm embedded/7 2018-q2-update/bin/../lib/gcc/arm-none-eabi/7.3.1/thumb/v6-m/crtbegin.o

.rodata         0x08001d54       0x68
                0x08001d54                . = ALIGN (0x4)
 *(.rodata)
 .rodata        0x08001d54       0x20 build/stm32f0xx_hal_rcc.o
 *(.rodata*)
 .rodata.SystemClock_Config.str1.4
                0x08001d74        0xb build/main.o
 *fill*         0x08001d7f        0x1 
 .rodata.MX_I2C2_Init.str1.4
                0x08001d80        0xa build/i2c.o
 *fill*         0x08001d8a        0x2 
 .rodata.MX_RTC_Init.str1.4
                0x08001d8c        0xa build/rtc.o
 *fill*         0x08001d96        0x2 
 .rodata.MX_USART2_UART_Init.str1.4
                0x08001d98        0xc build/usart.o
 .rodata.AHBPrescTable
                0x08001da4       0x10 build/system_stm32f0xx.o
                0x08001da4                AHBPrescTable
 .rodata.APBPrescTable
                0x08001db4        0x8 build/system_stm32f0xx.o
                0x08001db4                APBPrescTable
                0x08001dbc                . = ALIGN (0x4)

.rel.dyn        0x08001dbc        0x0
 .rel.iplt      0x08001dbc        0x0 c:/program files (x86)/gnu tools arm embedded/7 2018-q2-update/bin/../lib/gcc/arm-none-eabi/7.3.1/thumb/v6-m/crtbegin.o

.ARM.extab
 *(.ARM.extab* .gnu.linkonce.armextab.*)

.ARM            0x08001dbc        0x0
                0x08001dbc                __exidx_start = .
 *(.ARM.exidx*)
                0x08001dbc                __exidx_end = .

.preinit_array  0x08001dbc        0x0
                0x08001dbc                PROVIDE (__preinit_array_start = .)
 *(.preinit_array*)
                0x08001dbc                PROVIDE (__preinit_array_end = .)

.init_array     0x08001dbc        0x4
                0x08001dbc                PROVIDE (__init_array_start = .)
 *(SORT_BY_NAME(.init_array.*))
 *(.init_array*)
 .init_array    0x08001dbc        0x4 c:/program files (x86)/gnu tools arm embedded/7 2018-q2-update/bin/../lib/gcc/arm-none-eabi/7.3.1/thumb/v6-m/crtbegin.o
                0x08001dc0                PROVIDE (__init_array_end = .)

.fini_array     0x08001dc0        0x4
                [!provide]                PROVIDE (__fini_array_start = .)
 *(SORT_BY_NAME(.fini_array.*))
 *(.fini_array*)
 .fini_array    0x08001dc0        0x4 c:/program files (x86)/gnu tools arm embedded/7 2018-q2-update/bin/../lib/gcc/arm-none-eabi/7.3.1/thumb/v6-m/crtbegin.o
                [!provide]                PROVIDE (__fini_array_end = .)
                0x08001dc4                _sidata = LOADADDR (.data)

.data           0x20000000        0x4 load address 0x08001dc4
                0x20000000                . = ALIGN (0x4)
                0x20000000                _sdata = .
 *(.data)
 *(.data*)
 .data.SystemCoreClock
                0x20000000        0x4 build/system_stm32f0xx.o
                0x20000000                SystemCoreClock
                0x20000004                . = ALIGN (0x4)
                0x20000004                _edata = .

.igot.plt       0x20000004        0x0 load address 0x08001dc8
 .igot.plt      0x20000004        0x0 c:/program files (x86)/gnu tools arm embedded/7 2018-q2-update/bin/../lib/gcc/arm-none-eabi/7.3.1/thumb/v6-m/crtbegin.o
                0x20000004                . = ALIGN (0x4)

.bss            0x20000004       0xfc load address 0x08001dc8
                0x20000004                _sbss = .
                0x20000004                __bss_start__ = _sbss
 *(.bss)
 .bss           0x20000004       0x1c c:/program files (x86)/gnu tools arm embedded/7 2018-q2-update/bin/../lib/gcc/arm-none-eabi/7.3.1/thumb/v6-m/crtbegin.o
 *(.bss*)
 *(COMMON)
 COMMON         0x20000020       0x4c build/i2c.o
                0x20000020                hi2c2
 COMMON         0x2000006c       0x20 build/rtc.o
                0x2000006c                hrtc
 COMMON         0x2000008c       0x70 build/usart.o
                0x2000008c                huart2
 COMMON         0x200000fc        0x4 build/stm32f0xx_hal.o
                0x200000fc                uwTick
                0x20000100                . = ALIGN (0x4)
                0x20000100                _ebss = .
                0x20000100                __bss_end__ = _ebss

._user_heap_stack
                0x20000100      0x600 load address 0x08001dc8
                0x20000100                . = ALIGN (0x8)
                [!provide]                PROVIDE (end = .)
                [!provide]                PROVIDE (_end = .)
                0x20000300                . = (. + _Min_Heap_Size)
 *fill*         0x20000100      0x200 
                0x20000700                . = (. + _Min_Stack_Size)
 *fill*         0x20000300      0x400 
                0x20000700                . = ALIGN (0x8)

/DISCARD/
 libc.a(*)
 libm.a(*)
 libgcc.a(*)

.ARM.attributes
                0x00000000       0x28
 *(.ARM.attributes)
 .ARM.attributes
                0x00000000       0x1e c:/program files (x86)/gnu tools arm embedded/7 2018-q2-update/bin/../lib/gcc/arm-none-eabi/7.3.1/thumb/v6-m/crti.o
 .ARM.attributes
                0x0000001e       0x2c c:/program files (x86)/gnu tools arm embedded/7 2018-q2-update/bin/../lib/gcc/arm-none-eabi/7.3.1/thumb/v6-m/crtbegin.o
 .ARM.attributes
                0x0000004a       0x31 build/main.o
 .ARM.attributes
                0x0000007b       0x31 build/pca9685.o
 .ARM.attributes
                0x000000ac       0x31 build/gpio.o
 .ARM.attributes
                0x000000dd       0x31 build/i2c.o
 .ARM.attributes
                0x0000010e       0x31 build/rtc.o
 .ARM.attributes
                0x0000013f       0x31 build/usart.o
 .ARM.attributes
                0x00000170       0x31 build/stm32f0xx_it.o
 .ARM.attributes
                0x000001a1       0x31 build/stm32f0xx_hal_msp.o
 .ARM.attributes
                0x000001d2       0x31 build/stm32f0xx_hal_i2c.o
 .ARM.attributes
                0x00000203       0x31 build/stm32f0xx_hal_i2c_ex.o
 .ARM.attributes
                0x00000234       0x31 build/stm32f0xx_hal_rtc.o
 .ARM.attributes
                0x00000265       0x31 build/stm32f0xx_hal_uart.o
 .ARM.attributes
                0x00000296       0x31 build/stm32f0xx_hal_rcc.o
 .ARM.attributes
                0x000002c7       0x31 build/stm32f0xx_hal_rcc_ex.o
 .ARM.attributes
                0x000002f8       0x31 build/stm32f0xx_hal.o
 .ARM.attributes
                0x00000329       0x31 build/stm32f0xx_hal_gpio.o
 .ARM.attributes
                0x0000035a       0x31 build/stm32f0xx_hal_cortex.o
 .ARM.attributes
                0x0000038b       0x31 build/stm32f0xx_hal_pwr.o
 .ARM.attributes
                0x000003bc       0x31 build/system_stm32f0xx.o
 .ARM.attributes
                0x000003ed       0x21 build/startup_stm32f030xc.o
 .ARM.attributes
                0x0000040e       0x2c c:/program files (x86)/gnu tools arm embedded/7 2018-q2-update/bin/../lib/gcc/arm-none-eabi/7.3.1/../../../../arm-none-eabi/lib/thumb/v6-m\libc_nano.a(lib_a-init.o)
 .ARM.attributes
                0x0000043a       0x1e c:/program files (x86)/gnu tools arm embedded/7 2018-q2-update/bin/../lib/gcc/arm-none-eabi/7.3.1/thumb/v6-m\libgcc.a(_udivsi3.o)
 .ARM.attributes
                0x00000458       0x1e c:/program files (x86)/gnu tools arm embedded/7 2018-q2-update/bin/../lib/gcc/arm-none-eabi/7.3.1/thumb/v6-m\libgcc.a(_dvmd_tls.o)
 .ARM.attributes
                0x00000476       0x1e c:/program files (x86)/gnu tools arm embedded/7 2018-q2-update/bin/../lib/gcc/arm-none-eabi/7.3.1/thumb/v6-m/crtn.o
OUTPUT(build/IKEA_LED_STM32.elf elf32-littlearm)

.debug_info     0x00000000    0x180e7
 .debug_info    0x00000000     0x1c0a build/main.o
 .debug_info    0x00001c0a     0x13bd build/pca9685.o
 .debug_info    0x00002fc7      0xd54 build/gpio.o
 .debug_info    0x00003d1b     0x14a1 build/i2c.o
 .debug_info    0x000051bc     0x11c8 build/rtc.o
 .debug_info    0x00006384     0x1414 build/usart.o
 .debug_info    0x00007798      0xa97 build/stm32f0xx_it.o
 .debug_info    0x0000822f      0xc6b build/stm32f0xx_hal_msp.o
 .debug_info    0x00008e9a     0x3c85 build/stm32f0xx_hal_i2c.o
 .debug_info    0x0000cb1f     0x1202 build/stm32f0xx_hal_i2c_ex.o
 .debug_info    0x0000dd21     0x1691 build/stm32f0xx_hal_rtc.o
 .debug_info    0x0000f3b2     0x22b9 build/stm32f0xx_hal_uart.o
 .debug_info    0x0001166b     0x12da build/stm32f0xx_hal_rcc.o
 .debug_info    0x00012945      0xd27 build/stm32f0xx_hal_rcc_ex.o
 .debug_info    0x0001366c      0xfe7 build/stm32f0xx_hal.o
 .debug_info    0x00014653      0xfbb build/stm32f0xx_hal_gpio.o
 .debug_info    0x0001560e     0x1130 build/stm32f0xx_hal_cortex.o
 .debug_info    0x0001673e      0xe08 build/stm32f0xx_hal_pwr.o
 .debug_info    0x00017546      0xb7f build/system_stm32f0xx.o
 .debug_info    0x000180c5       0x22 build/startup_stm32f030xc.o

.debug_abbrev   0x00000000     0x3024
 .debug_abbrev  0x00000000      0x26d build/main.o
 .debug_abbrev  0x0000026d      0x2f0 build/pca9685.o
 .debug_abbrev  0x0000055d      0x20d build/gpio.o
 .debug_abbrev  0x0000076a      0x259 build/i2c.o
 .debug_abbrev  0x000009c3      0x282 build/rtc.o
 .debug_abbrev  0x00000c45      0x24a build/usart.o
 .debug_abbrev  0x00000e8f      0x1d4 build/stm32f0xx_it.o
 .debug_abbrev  0x00001063      0x216 build/stm32f0xx_hal_msp.o
 .debug_abbrev  0x00001279      0x329 build/stm32f0xx_hal_i2c.o
 .debug_abbrev  0x000015a2      0x247 build/stm32f0xx_hal_i2c_ex.o
 .debug_abbrev  0x000017e9      0x2cf build/stm32f0xx_hal_rtc.o
 .debug_abbrev  0x00001ab8      0x2e1 build/stm32f0xx_hal_uart.o
 .debug_abbrev  0x00001d99      0x2e6 build/stm32f0xx_hal_rcc.o
 .debug_abbrev  0x0000207f      0x287 build/stm32f0xx_hal_rcc_ex.o
 .debug_abbrev  0x00002306      0x2d9 build/stm32f0xx_hal.o
 .debug_abbrev  0x000025df      0x2be build/stm32f0xx_hal_gpio.o
 .debug_abbrev  0x0000289d      0x32e build/stm32f0xx_hal_cortex.o
 .debug_abbrev  0x00002bcb      0x261 build/stm32f0xx_hal_pwr.o
 .debug_abbrev  0x00002e2c      0x1e6 build/system_stm32f0xx.o
 .debug_abbrev  0x00003012       0x12 build/startup_stm32f030xc.o

.debug_loc      0x00000000     0x89d2
 .debug_loc     0x00000000       0x4d build/main.o
 .debug_loc     0x0000004d      0x431 build/pca9685.o
 .debug_loc     0x0000047e       0x4c build/gpio.o
 .debug_loc     0x000004ca      0x235 build/i2c.o
 .debug_loc     0x000006ff      0x112 build/rtc.o
 .debug_loc     0x00000811      0x178 build/usart.o
 .debug_loc     0x00000989       0x20 build/stm32f0xx_it.o
 .debug_loc     0x000009a9       0x2c build/stm32f0xx_hal_msp.o
 .debug_loc     0x000009d5     0x4240 build/stm32f0xx_hal_i2c.o
 .debug_loc     0x00004c15      0x21f build/stm32f0xx_hal_i2c_ex.o
 .debug_loc     0x00004e34      0xce1 build/stm32f0xx_hal_rtc.o
 .debug_loc     0x00005b15     0x1b1b build/stm32f0xx_hal_uart.o
 .debug_loc     0x00007630      0x558 build/stm32f0xx_hal_rcc.o
 .debug_loc     0x00007b88      0x3a5 build/stm32f0xx_hal_rcc_ex.o
 .debug_loc     0x00007f2d      0x108 build/stm32f0xx_hal.o
 .debug_loc     0x00008035      0x3a2 build/stm32f0xx_hal_gpio.o
 .debug_loc     0x000083d7      0x3d3 build/stm32f0xx_hal_cortex.o
 .debug_loc     0x000087aa       0xe8 build/stm32f0xx_hal_pwr.o
 .debug_loc     0x00008892      0x140 build/system_stm32f0xx.o

.debug_aranges  0x00000000      0x9f8
 .debug_aranges
                0x00000000       0x30 build/main.o
 .debug_aranges
                0x00000030       0x58 build/pca9685.o
 .debug_aranges
                0x00000088       0x28 build/gpio.o
 .debug_aranges
                0x000000b0       0x40 build/i2c.o
 .debug_aranges
                0x000000f0       0x40 build/rtc.o
 .debug_aranges
                0x00000130       0x40 build/usart.o
 .debug_aranges
                0x00000170       0x40 build/stm32f0xx_it.o
 .debug_aranges
                0x000001b0       0x20 build/stm32f0xx_hal_msp.o
 .debug_aranges
                0x000001d0      0x260 build/stm32f0xx_hal_i2c.o
 .debug_aranges
                0x00000430       0x38 build/stm32f0xx_hal_i2c_ex.o
 .debug_aranges
                0x00000468       0xb8 build/stm32f0xx_hal_rtc.o
 .debug_aranges
                0x00000520      0x1d8 build/stm32f0xx_hal_uart.o
 .debug_aranges
                0x000006f8       0x80 build/stm32f0xx_hal_rcc.o
 .debug_aranges
                0x00000778       0x30 build/stm32f0xx_hal_rcc_ex.o
 .debug_aranges
                0x000007a8       0xb8 build/stm32f0xx_hal.o
 .debug_aranges
                0x00000860       0x58 build/stm32f0xx_hal_gpio.o
 .debug_aranges
                0x000008b8       0x78 build/stm32f0xx_hal_cortex.o
 .debug_aranges
                0x00000930       0x78 build/stm32f0xx_hal_pwr.o
 .debug_aranges
                0x000009a8       0x28 build/system_stm32f0xx.o
 .debug_aranges
                0x000009d0       0x28 build/startup_stm32f030xc.o

.debug_ranges   0x00000000      0x938
 .debug_ranges  0x00000000       0x20 build/main.o
 .debug_ranges  0x00000020       0x48 build/pca9685.o
 .debug_ranges  0x00000068       0x18 build/gpio.o
 .debug_ranges  0x00000080       0x30 build/i2c.o
 .debug_ranges  0x000000b0       0x30 build/rtc.o
 .debug_ranges  0x000000e0       0x30 build/usart.o
 .debug_ranges  0x00000110       0x30 build/stm32f0xx_it.o
 .debug_ranges  0x00000140       0x10 build/stm32f0xx_hal_msp.o
 .debug_ranges  0x00000150      0x250 build/stm32f0xx_hal_i2c.o
 .debug_ranges  0x000003a0       0x28 build/stm32f0xx_hal_i2c_ex.o
 .debug_ranges  0x000003c8       0xa8 build/stm32f0xx_hal_rtc.o
 .debug_ranges  0x00000470      0x1c8 build/stm32f0xx_hal_uart.o
 .debug_ranges  0x00000638       0x88 build/stm32f0xx_hal_rcc.o
 .debug_ranges  0x000006c0       0x38 build/stm32f0xx_hal_rcc_ex.o
 .debug_ranges  0x000006f8       0xa8 build/stm32f0xx_hal.o
 .debug_ranges  0x000007a0       0x48 build/stm32f0xx_hal_gpio.o
 .debug_ranges  0x000007e8       0xb0 build/stm32f0xx_hal_cortex.o
 .debug_ranges  0x00000898       0x68 build/stm32f0xx_hal_pwr.o
 .debug_ranges  0x00000900       0x18 build/system_stm32f0xx.o
 .debug_ranges  0x00000918       0x20 build/startup_stm32f030xc.o

.debug_line     0x00000000     0x5a14
 .debug_line    0x00000000      0x397 build/main.o
 .debug_line    0x00000397      0x31b build/pca9685.o
 .debug_line    0x000006b2      0x24b build/gpio.o
 .debug_line    0x000008fd      0x304 build/i2c.o
 .debug_line    0x00000c01      0x2d2 build/rtc.o
 .debug_line    0x00000ed3      0x2f6 build/usart.o
 .debug_line    0x000011c9      0x27d build/stm32f0xx_it.o
 .debug_line    0x00001446      0x240 build/stm32f0xx_hal_msp.o
 .debug_line    0x00001686     0x13c8 build/stm32f0xx_hal_i2c.o
 .debug_line    0x00002a4e      0x332 build/stm32f0xx_hal_i2c_ex.o
 .debug_line    0x00002d80      0x5ed build/stm32f0xx_hal_rtc.o
 .debug_line    0x0000336d      0xca3 build/stm32f0xx_hal_uart.o
 .debug_line    0x00004010      0x51a build/stm32f0xx_hal_rcc.o
 .debug_line    0x0000452a      0x379 build/stm32f0xx_hal_rcc_ex.o
 .debug_line    0x000048a3      0x40c build/stm32f0xx_hal.o
 .debug_line    0x00004caf      0x3bb build/stm32f0xx_hal_gpio.o
 .debug_line    0x0000506a      0x3ab build/stm32f0xx_hal_cortex.o
 .debug_line    0x00005415      0x34d build/stm32f0xx_hal_pwr.o
 .debug_line    0x00005762      0x23a build/system_stm32f0xx.o
 .debug_line    0x0000599c       0x78 build/startup_stm32f030xc.o

.debug_str      0x00000000     0x2f87
 .debug_str     0x00000000     0x121e build/main.o
                               0x130c (size before relaxing)
 .debug_str     0x0000121e       0xf6 build/pca9685.o
                                0xb82 (size before relaxing)
 .debug_str     0x00001314       0xa5 build/gpio.o
                                0x6db (size before relaxing)
 .debug_str     0x000013b9       0xd3 build/i2c.o
                                0xc57 (size before relaxing)
 .debug_str     0x0000148c      0x1a1 build/rtc.o
                                0x97b (size before relaxing)
 .debug_str     0x0000162d       0x91 build/usart.o
                                0xbc1 (size before relaxing)
 .debug_str     0x000016be       0x7f build/stm32f0xx_it.o
                                0x612 (size before relaxing)
 .debug_str     0x0000173d       0x24 build/stm32f0xx_hal_msp.o
                                0x7bf (size before relaxing)
 .debug_str     0x00001761      0x7a1 build/stm32f0xx_hal_i2c.o
                               0x128a (size before relaxing)
 .debug_str     0x00001f02       0xab build/stm32f0xx_hal_i2c_ex.o
                                0xbc1 (size before relaxing)
 .debug_str     0x00001fad      0x1dd build/stm32f0xx_hal_rtc.o
                                0xa74 (size before relaxing)
 .debug_str     0x0000218a      0x5df build/stm32f0xx_hal_uart.o
                               0x1175 (size before relaxing)
 .debug_str     0x00002769      0x18d build/stm32f0xx_hal_rcc.o
                                0x9f0 (size before relaxing)
 .debug_str     0x000028f6       0x8a build/stm32f0xx_hal_rcc_ex.o
                                0x7b7 (size before relaxing)
 .debug_str     0x00002980      0x19c build/stm32f0xx_hal.o
                                0xa02 (size before relaxing)
 .debug_str     0x00002b1c       0xd5 build/stm32f0xx_hal_gpio.o
                                0x817 (size before relaxing)
 .debug_str     0x00002bf1      0x1a4 build/stm32f0xx_hal_cortex.o
                                0xa0a (size before relaxing)
 .debug_str     0x00002d95      0x177 build/stm32f0xx_hal_pwr.o
                                0x7bd (size before relaxing)
 .debug_str     0x00002f0c       0x57 build/system_stm32f0xx.o
                                0x63d (size before relaxing)
 .debug_str     0x00002f63       0x24 build/startup_stm32f030xc.o
                                 0x5e (size before relaxing)

.comment        0x00000000       0x7f
 .comment       0x00000000       0x7f build/main.o
                                 0x80 (size before relaxing)
 .comment       0x0000007f       0x80 build/pca9685.o
 .comment       0x0000007f       0x80 build/gpio.o
 .comment       0x0000007f       0x80 build/i2c.o
 .comment       0x0000007f       0x80 build/rtc.o
 .comment       0x0000007f       0x80 build/usart.o
 .comment       0x0000007f       0x80 build/stm32f0xx_it.o
 .comment       0x0000007f       0x80 build/stm32f0xx_hal_msp.o
 .comment       0x0000007f       0x80 build/stm32f0xx_hal_i2c.o
 .comment       0x0000007f       0x80 build/stm32f0xx_hal_i2c_ex.o
 .comment       0x0000007f       0x80 build/stm32f0xx_hal_rtc.o
 .comment       0x0000007f       0x80 build/stm32f0xx_hal_uart.o
 .comment       0x0000007f       0x80 build/stm32f0xx_hal_rcc.o
 .comment       0x0000007f       0x80 build/stm32f0xx_hal_rcc_ex.o
 .comment       0x0000007f       0x80 build/stm32f0xx_hal.o
 .comment       0x0000007f       0x80 build/stm32f0xx_hal_gpio.o
 .comment       0x0000007f       0x80 build/stm32f0xx_hal_cortex.o
 .comment       0x0000007f       0x80 build/stm32f0xx_hal_pwr.o
 .comment       0x0000007f       0x80 build/system_stm32f0xx.o

.debug_frame    0x00000000     0x1b28
 .debug_frame   0x00000000       0x58 build/main.o
 .debug_frame   0x00000058       0xec build/pca9685.o
 .debug_frame   0x00000144       0x4c build/gpio.o
 .debug_frame   0x00000190       0x9c build/i2c.o
 .debug_frame   0x0000022c       0x94 build/rtc.o
 .debug_frame   0x000002c0       0x9c build/usart.o
 .debug_frame   0x0000035c       0x6c build/stm32f0xx_it.o
 .debug_frame   0x000003c8       0x2c build/stm32f0xx_hal_msp.o
 .debug_frame   0x000003f4      0x880 build/stm32f0xx_hal_i2c.o
 .debug_frame   0x00000c74       0x80 build/stm32f0xx_hal_i2c_ex.o
 .debug_frame   0x00000cf4      0x254 build/stm32f0xx_hal_rtc.o
 .debug_frame   0x00000f48      0x584 build/stm32f0xx_hal_uart.o
 .debug_frame   0x000014cc      0x14c build/stm32f0xx_hal_rcc.o
 .debug_frame   0x00001618       0x60 build/stm32f0xx_hal_rcc_ex.o
 .debug_frame   0x00001678      0x184 build/stm32f0xx_hal.o
 .debug_frame   0x000017fc       0xdc build/stm32f0xx_hal_gpio.o
 .debug_frame   0x000018d8       0xec build/stm32f0xx_hal_cortex.o
 .debug_frame   0x000019c4       0xdc build/stm32f0xx_hal_pwr.o
 .debug_frame   0x00001aa0       0x3c build/system_stm32f0xx.o
 .debug_frame   0x00001adc       0x2c c:/program files (x86)/gnu tools arm embedded/7 2018-q2-update/bin/../lib/gcc/arm-none-eabi/7.3.1/../../../../arm-none-eabi/lib/thumb/v6-m\libc_nano.a(lib_a-init.o)
 .debug_frame   0x00001b08       0x20 c:/program files (x86)/gnu tools arm embedded/7 2018-q2-update/bin/../lib/gcc/arm-none-eabi/7.3.1/thumb/v6-m\libgcc.a(_udivsi3.o)

Cross Reference Table

Symbol                                            File
ADC1_IRQHandler                                   build/startup_stm32f030xc.o
AHBPrescTable                                     build/system_stm32f0xx.o
                                                  build/stm32f0xx_hal_rcc.o
APBPrescTable                                     build/system_stm32f0xx.o
                                                  build/stm32f0xx_hal_rcc.o
DMA1_Channel1_IRQHandler                          build/startup_stm32f030xc.o
DMA1_Channel2_3_IRQHandler                        build/startup_stm32f030xc.o
DMA1_Channel4_5_IRQHandler                        build/startup_stm32f030xc.o
Default_Handler                                   build/startup_stm32f030xc.o
EXTI0_1_IRQHandler                                build/startup_stm32f030xc.o
EXTI2_3_IRQHandler                                build/startup_stm32f030xc.o
EXTI4_15_IRQHandler                               build/startup_stm32f030xc.o
FLASH_IRQHandler                                  build/startup_stm32f030xc.o
FLASH_PageErase                                   build/stm32f0xx_hal_flash_ex.o
                                                  build/stm32f0xx_hal_flash.o
FLASH_WaitForLastOperation                        build/stm32f0xx_hal_flash.o
                                                  build/stm32f0xx_hal_flash_ex.o
HAL_DBGMCU_DisableDBGStandbyMode                  build/stm32f0xx_hal.o
HAL_DBGMCU_DisableDBGStopMode                     build/stm32f0xx_hal.o
HAL_DBGMCU_EnableDBGStandbyMode                   build/stm32f0xx_hal.o
HAL_DBGMCU_EnableDBGStopMode                      build/stm32f0xx_hal.o
HAL_DMA_Abort                                     build/stm32f0xx_hal_dma.o
                                                  build/stm32f0xx_hal_uart.o
HAL_DMA_Abort_IT                                  build/stm32f0xx_hal_dma.o
                                                  build/stm32f0xx_hal_uart.o
                                                  build/stm32f0xx_hal_i2c.o
HAL_DMA_DeInit                                    build/stm32f0xx_hal_dma.o
HAL_DMA_GetError                                  build/stm32f0xx_hal_dma.o
HAL_DMA_GetState                                  build/stm32f0xx_hal_dma.o
HAL_DMA_IRQHandler                                build/stm32f0xx_hal_dma.o
HAL_DMA_Init                                      build/stm32f0xx_hal_dma.o
HAL_DMA_PollForTransfer                           build/stm32f0xx_hal_dma.o
HAL_DMA_RegisterCallback                          build/stm32f0xx_hal_dma.o
HAL_DMA_Start                                     build/stm32f0xx_hal_dma.o
HAL_DMA_Start_IT                                  build/stm32f0xx_hal_dma.o
                                                  build/stm32f0xx_hal_uart.o
                                                  build/stm32f0xx_hal_i2c.o
HAL_DMA_UnRegisterCallback                        build/stm32f0xx_hal_dma.o
HAL_DeInit                                        build/stm32f0xx_hal.o
HAL_Delay                                         build/stm32f0xx_hal.o
HAL_FLASHEx_Erase                                 build/stm32f0xx_hal_flash_ex.o
HAL_FLASHEx_Erase_IT                              build/stm32f0xx_hal_flash_ex.o
HAL_FLASHEx_OBErase                               build/stm32f0xx_hal_flash_ex.o
HAL_FLASHEx_OBGetConfig                           build/stm32f0xx_hal_flash_ex.o
HAL_FLASHEx_OBGetUserData                         build/stm32f0xx_hal_flash_ex.o
HAL_FLASHEx_OBProgram                             build/stm32f0xx_hal_flash_ex.o
HAL_FLASH_EndOfOperationCallback                  build/stm32f0xx_hal_flash.o
HAL_FLASH_GetError                                build/stm32f0xx_hal_flash.o
HAL_FLASH_IRQHandler                              build/stm32f0xx_hal_flash.o
HAL_FLASH_Lock                                    build/stm32f0xx_hal_flash.o
HAL_FLASH_OB_Launch                               build/stm32f0xx_hal_flash.o
HAL_FLASH_OB_Lock                                 build/stm32f0xx_hal_flash.o
HAL_FLASH_OB_Unlock                               build/stm32f0xx_hal_flash.o
HAL_FLASH_OperationErrorCallback                  build/stm32f0xx_hal_flash.o
HAL_FLASH_Program                                 build/stm32f0xx_hal_flash.o
HAL_FLASH_Program_IT                              build/stm32f0xx_hal_flash.o
HAL_FLASH_Unlock                                  build/stm32f0xx_hal_flash.o
HAL_GPIO_DeInit                                   build/stm32f0xx_hal_gpio.o
                                                  build/usart.o
                                                  build/i2c.o
HAL_GPIO_EXTI_Callback                            build/stm32f0xx_hal_gpio.o
HAL_GPIO_EXTI_IRQHandler                          build/stm32f0xx_hal_gpio.o
HAL_GPIO_Init                                     build/stm32f0xx_hal_gpio.o
                                                  build/stm32f0xx_hal_rcc.o
                                                  build/usart.o
                                                  build/i2c.o
                                                  build/gpio.o
HAL_GPIO_LockPin                                  build/stm32f0xx_hal_gpio.o
HAL_GPIO_ReadPin                                  build/stm32f0xx_hal_gpio.o
HAL_GPIO_TogglePin                                build/stm32f0xx_hal_gpio.o
HAL_GPIO_WritePin                                 build/stm32f0xx_hal_gpio.o
                                                  build/gpio.o
                                                  build/main.o
HAL_GetDEVID                                      build/stm32f0xx_hal.o
HAL_GetHalVersion                                 build/stm32f0xx_hal.o
HAL_GetREVID                                      build/stm32f0xx_hal.o
HAL_GetTick                                       build/stm32f0xx_hal.o
                                                  build/stm32f0xx_hal_flash.o
                                                  build/stm32f0xx_hal_dma.o
                                                  build/stm32f0xx_hal_rcc_ex.o
                                                  build/stm32f0xx_hal_rcc.o
                                                  build/stm32f0xx_hal_uart.o
                                                  build/stm32f0xx_hal_rtc_ex.o
                                                  build/stm32f0xx_hal_rtc.o
                                                  build/stm32f0xx_hal_i2c.o
HAL_GetUIDw0                                      build/stm32f0xx_hal.o
HAL_GetUIDw1                                      build/stm32f0xx_hal.o
HAL_GetUIDw2                                      build/stm32f0xx_hal.o
HAL_HalfDuplex_EnableReceiver                     build/stm32f0xx_hal_uart.o
HAL_HalfDuplex_EnableTransmitter                  build/stm32f0xx_hal_uart.o
HAL_HalfDuplex_Init                               build/stm32f0xx_hal_uart.o
HAL_I2CEx_ConfigAnalogFilter                      build/stm32f0xx_hal_i2c_ex.o
                                                  build/i2c.o
HAL_I2CEx_ConfigDigitalFilter                     build/stm32f0xx_hal_i2c_ex.o
                                                  build/i2c.o
HAL_I2CEx_DisableFastModePlus                     build/stm32f0xx_hal_i2c_ex.o
HAL_I2CEx_EnableFastModePlus                      build/stm32f0xx_hal_i2c_ex.o
HAL_I2C_AbortCpltCallback                         build/stm32f0xx_hal_i2c.o
HAL_I2C_AddrCallback                              build/stm32f0xx_hal_i2c.o
HAL_I2C_DeInit                                    build/stm32f0xx_hal_i2c.o
HAL_I2C_DisableListen_IT                          build/stm32f0xx_hal_i2c.o
HAL_I2C_ER_IRQHandler                             build/stm32f0xx_hal_i2c.o
HAL_I2C_EV_IRQHandler                             build/stm32f0xx_hal_i2c.o
HAL_I2C_EnableListen_IT                           build/stm32f0xx_hal_i2c.o
HAL_I2C_ErrorCallback                             build/stm32f0xx_hal_i2c.o
HAL_I2C_GetError                                  build/stm32f0xx_hal_i2c.o
HAL_I2C_GetMode                                   build/stm32f0xx_hal_i2c.o
HAL_I2C_GetState                                  build/stm32f0xx_hal_i2c.o
HAL_I2C_Init                                      build/stm32f0xx_hal_i2c.o
                                                  build/i2c.o
HAL_I2C_IsDeviceReady                             build/stm32f0xx_hal_i2c.o
HAL_I2C_ListenCpltCallback                        build/stm32f0xx_hal_i2c.o
HAL_I2C_MasterRxCpltCallback                      build/stm32f0xx_hal_i2c.o
HAL_I2C_MasterTxCpltCallback                      build/stm32f0xx_hal_i2c.o
HAL_I2C_Master_Abort_IT                           build/stm32f0xx_hal_i2c.o
HAL_I2C_Master_Receive                            build/stm32f0xx_hal_i2c.o
HAL_I2C_Master_Receive_DMA                        build/stm32f0xx_hal_i2c.o
HAL_I2C_Master_Receive_IT                         build/stm32f0xx_hal_i2c.o
HAL_I2C_Master_Sequential_Receive_IT              build/stm32f0xx_hal_i2c.o
HAL_I2C_Master_Sequential_Transmit_IT             build/stm32f0xx_hal_i2c.o
HAL_I2C_Master_Transmit                           build/stm32f0xx_hal_i2c.o
                                                  build/i2c.o
HAL_I2C_Master_Transmit_DMA                       build/stm32f0xx_hal_i2c.o
HAL_I2C_Master_Transmit_IT                        build/stm32f0xx_hal_i2c.o
HAL_I2C_MemRxCpltCallback                         build/stm32f0xx_hal_i2c.o
HAL_I2C_MemTxCpltCallback                         build/stm32f0xx_hal_i2c.o
HAL_I2C_Mem_Read                                  build/stm32f0xx_hal_i2c.o
                                                  build/i2c.o
HAL_I2C_Mem_Read_DMA                              build/stm32f0xx_hal_i2c.o
HAL_I2C_Mem_Read_IT                               build/stm32f0xx_hal_i2c.o
HAL_I2C_Mem_Write                                 build/stm32f0xx_hal_i2c.o
HAL_I2C_Mem_Write_DMA                             build/stm32f0xx_hal_i2c.o
HAL_I2C_Mem_Write_IT                              build/stm32f0xx_hal_i2c.o
HAL_I2C_MspDeInit                                 build/i2c.o
HAL_I2C_MspInit                                   build/i2c.o
HAL_I2C_SlaveRxCpltCallback                       build/stm32f0xx_hal_i2c.o
HAL_I2C_SlaveTxCpltCallback                       build/stm32f0xx_hal_i2c.o
HAL_I2C_Slave_Receive                             build/stm32f0xx_hal_i2c.o
HAL_I2C_Slave_Receive_DMA                         build/stm32f0xx_hal_i2c.o
HAL_I2C_Slave_Receive_IT                          build/stm32f0xx_hal_i2c.o
HAL_I2C_Slave_Sequential_Receive_IT               build/stm32f0xx_hal_i2c.o
HAL_I2C_Slave_Sequential_Transmit_IT              build/stm32f0xx_hal_i2c.o
HAL_I2C_Slave_Transmit                            build/stm32f0xx_hal_i2c.o
HAL_I2C_Slave_Transmit_DMA                        build/stm32f0xx_hal_i2c.o
HAL_I2C_Slave_Transmit_IT                         build/stm32f0xx_hal_i2c.o
HAL_IncTick                                       build/stm32f0xx_hal.o
                                                  build/stm32f0xx_it.o
HAL_Init                                          build/stm32f0xx_hal.o
                                                  build/main.o
HAL_InitTick                                      build/stm32f0xx_hal.o
                                                  build/stm32f0xx_hal_rcc.o
HAL_MspDeInit                                     build/stm32f0xx_hal.o
HAL_MspInit                                       build/stm32f0xx_hal_msp.o
HAL_MultiProcessorEx_AddressLength_Set            build/stm32f0xx_hal_uart_ex.o
HAL_MultiProcessor_DisableMuteMode                build/stm32f0xx_hal_uart.o
HAL_MultiProcessor_EnableMuteMode                 build/stm32f0xx_hal_uart.o
HAL_MultiProcessor_EnterMuteMode                  build/stm32f0xx_hal_uart.o
HAL_MultiProcessor_Init                           build/stm32f0xx_hal_uart.o
HAL_NVIC_ClearPendingIRQ                          build/stm32f0xx_hal_cortex.o
HAL_NVIC_DisableIRQ                               build/stm32f0xx_hal_cortex.o
HAL_NVIC_EnableIRQ                                build/stm32f0xx_hal_cortex.o
HAL_NVIC_GetPendingIRQ                            build/stm32f0xx_hal_cortex.o
HAL_NVIC_GetPriority                              build/stm32f0xx_hal_cortex.o
HAL_NVIC_SetPendingIRQ                            build/stm32f0xx_hal_cortex.o
HAL_NVIC_SetPriority                              build/stm32f0xx_hal_cortex.o
                                                  build/stm32f0xx_hal.o
                                                  build/stm32f0xx_hal_msp.o
                                                  build/main.o
HAL_NVIC_SystemReset                              build/stm32f0xx_hal_cortex.o
HAL_PWR_DeInit                                    build/stm32f0xx_hal_pwr.o
HAL_PWR_DisableBkUpAccess                         build/stm32f0xx_hal_pwr.o
HAL_PWR_DisableSEVOnPend                          build/stm32f0xx_hal_pwr.o
HAL_PWR_DisableSleepOnExit                        build/stm32f0xx_hal_pwr.o
HAL_PWR_DisableWakeUpPin                          build/stm32f0xx_hal_pwr.o
HAL_PWR_EnableBkUpAccess                          build/stm32f0xx_hal_pwr.o
                                                  build/main.o
HAL_PWR_EnableSEVOnPend                           build/stm32f0xx_hal_pwr.o
HAL_PWR_EnableSleepOnExit                         build/stm32f0xx_hal_pwr.o
HAL_PWR_EnableWakeUpPin                           build/stm32f0xx_hal_pwr.o
HAL_PWR_EnterSLEEPMode                            build/stm32f0xx_hal_pwr.o
HAL_PWR_EnterSTANDBYMode                          build/stm32f0xx_hal_pwr.o
HAL_PWR_EnterSTOPMode                             build/stm32f0xx_hal_pwr.o
HAL_RCCEx_GetPeriphCLKConfig                      build/stm32f0xx_hal_rcc_ex.o
HAL_RCCEx_GetPeriphCLKFreq                        build/stm32f0xx_hal_rcc_ex.o
HAL_RCCEx_PeriphCLKConfig                         build/stm32f0xx_hal_rcc_ex.o
                                                  build/main.o
HAL_RCC_CSSCallback                               build/stm32f0xx_hal_rcc.o
HAL_RCC_ClockConfig                               build/stm32f0xx_hal_rcc.o
                                                  build/main.o
HAL_RCC_DeInit                                    build/stm32f0xx_hal_rcc.o
HAL_RCC_DisableCSS                                build/stm32f0xx_hal_rcc.o
HAL_RCC_EnableCSS                                 build/stm32f0xx_hal_rcc.o
HAL_RCC_GetClockConfig                            build/stm32f0xx_hal_rcc.o
HAL_RCC_GetHCLKFreq                               build/stm32f0xx_hal_rcc.o
                                                  build/stm32f0xx_hal.o
                                                  build/main.o
HAL_RCC_GetOscConfig                              build/stm32f0xx_hal_rcc.o
HAL_RCC_GetPCLK1Freq                              build/stm32f0xx_hal_rcc.o
                                                  build/stm32f0xx_hal_rcc_ex.o
                                                  build/stm32f0xx_hal_uart.o
HAL_RCC_GetSysClockFreq                           build/stm32f0xx_hal_rcc.o
                                                  build/stm32f0xx_hal_rcc_ex.o
                                                  build/stm32f0xx_hal_uart.o
HAL_RCC_MCOConfig                                 build/stm32f0xx_hal_rcc.o
HAL_RCC_NMI_IRQHandler                            build/stm32f0xx_hal_rcc.o
HAL_RCC_OscConfig                                 build/stm32f0xx_hal_rcc.o
                                                  build/main.o
HAL_RS485Ex_Init                                  build/stm32f0xx_hal_uart_ex.o
HAL_RTCEx_DeactivateCalibrationOutPut             build/stm32f0xx_hal_rtc_ex.o
HAL_RTCEx_DeactivateRefClock                      build/stm32f0xx_hal_rtc_ex.o
HAL_RTCEx_DeactivateTamper                        build/stm32f0xx_hal_rtc_ex.o
HAL_RTCEx_DeactivateTimeStamp                     build/stm32f0xx_hal_rtc_ex.o
HAL_RTCEx_DeactivateWakeUpTimer                   build/stm32f0xx_hal_rtc_ex.o
HAL_RTCEx_DisableBypassShadow                     build/stm32f0xx_hal_rtc_ex.o
HAL_RTCEx_EnableBypassShadow                      build/stm32f0xx_hal_rtc_ex.o
HAL_RTCEx_GetTimeStamp                            build/stm32f0xx_hal_rtc_ex.o
HAL_RTCEx_GetWakeUpTimer                          build/stm32f0xx_hal_rtc_ex.o
HAL_RTCEx_PollForTamper1Event                     build/stm32f0xx_hal_rtc_ex.o
HAL_RTCEx_PollForTamper2Event                     build/stm32f0xx_hal_rtc_ex.o
HAL_RTCEx_PollForTimeStampEvent                   build/stm32f0xx_hal_rtc_ex.o
HAL_RTCEx_PollForWakeUpTimerEvent                 build/stm32f0xx_hal_rtc_ex.o
HAL_RTCEx_SetCalibrationOutPut                    build/stm32f0xx_hal_rtc_ex.o
HAL_RTCEx_SetRefClock                             build/stm32f0xx_hal_rtc_ex.o
HAL_RTCEx_SetSmoothCalib                          build/stm32f0xx_hal_rtc_ex.o
HAL_RTCEx_SetSynchroShift                         build/stm32f0xx_hal_rtc_ex.o
HAL_RTCEx_SetTamper                               build/stm32f0xx_hal_rtc_ex.o
HAL_RTCEx_SetTamper_IT                            build/stm32f0xx_hal_rtc_ex.o
HAL_RTCEx_SetTimeStamp                            build/stm32f0xx_hal_rtc_ex.o
HAL_RTCEx_SetTimeStamp_IT                         build/stm32f0xx_hal_rtc_ex.o
HAL_RTCEx_SetWakeUpTimer                          build/stm32f0xx_hal_rtc_ex.o
HAL_RTCEx_SetWakeUpTimer_IT                       build/stm32f0xx_hal_rtc_ex.o
HAL_RTCEx_Tamper1EventCallback                    build/stm32f0xx_hal_rtc_ex.o
HAL_RTCEx_Tamper2EventCallback                    build/stm32f0xx_hal_rtc_ex.o
HAL_RTCEx_TamperTimeStampIRQHandler               build/stm32f0xx_hal_rtc_ex.o
HAL_RTCEx_TimeStampEventCallback                  build/stm32f0xx_hal_rtc_ex.o
HAL_RTCEx_WakeUpTimerEventCallback                build/stm32f0xx_hal_rtc_ex.o
HAL_RTCEx_WakeUpTimerIRQHandler                   build/stm32f0xx_hal_rtc_ex.o
HAL_RTC_AlarmAEventCallback                       build/stm32f0xx_hal_rtc.o
HAL_RTC_AlarmIRQHandler                           build/stm32f0xx_hal_rtc.o
HAL_RTC_DeInit                                    build/stm32f0xx_hal_rtc.o
HAL_RTC_DeactivateAlarm                           build/stm32f0xx_hal_rtc.o
HAL_RTC_GetAlarm                                  build/stm32f0xx_hal_rtc.o
HAL_RTC_GetDate                                   build/stm32f0xx_hal_rtc.o
                                                  build/rtc.o
HAL_RTC_GetState                                  build/stm32f0xx_hal_rtc.o
HAL_RTC_GetTime                                   build/stm32f0xx_hal_rtc.o
                                                  build/rtc.o
HAL_RTC_Init                                      build/stm32f0xx_hal_rtc.o
                                                  build/rtc.o
HAL_RTC_MspDeInit                                 build/rtc.o
HAL_RTC_MspInit                                   build/rtc.o
HAL_RTC_PollForAlarmAEvent                        build/stm32f0xx_hal_rtc.o
HAL_RTC_SetAlarm                                  build/stm32f0xx_hal_rtc.o
HAL_RTC_SetAlarm_IT                               build/stm32f0xx_hal_rtc.o
HAL_RTC_SetDate                                   build/stm32f0xx_hal_rtc.o
                                                  build/rtc.o
HAL_RTC_SetTime                                   build/stm32f0xx_hal_rtc.o
                                                  build/rtc.o
HAL_RTC_WaitForSynchro                            build/stm32f0xx_hal_rtc.o
                                                  build/stm32f0xx_hal_rtc_ex.o
HAL_ResumeTick                                    build/stm32f0xx_hal.o
HAL_SYSTICK_CLKSourceConfig                       build/stm32f0xx_hal_cortex.o
                                                  build/main.o
HAL_SYSTICK_Callback                              build/stm32f0xx_hal_cortex.o
HAL_SYSTICK_Config                                build/stm32f0xx_hal_cortex.o
                                                  build/stm32f0xx_hal.o
                                                  build/main.o
HAL_SYSTICK_IRQHandler                            build/stm32f0xx_hal_cortex.o
                                                  build/stm32f0xx_it.o
HAL_SuspendTick                                   build/stm32f0xx_hal.o
HAL_UART_Abort                                    build/stm32f0xx_hal_uart.o
HAL_UART_AbortCpltCallback                        build/stm32f0xx_hal_uart.o
HAL_UART_AbortReceive                             build/stm32f0xx_hal_uart.o
HAL_UART_AbortReceiveCpltCallback                 build/stm32f0xx_hal_uart.o
HAL_UART_AbortReceive_IT                          build/stm32f0xx_hal_uart.o
HAL_UART_AbortTransmit                            build/stm32f0xx_hal_uart.o
HAL_UART_AbortTransmitCpltCallback                build/stm32f0xx_hal_uart.o
HAL_UART_AbortTransmit_IT                         build/stm32f0xx_hal_uart.o
HAL_UART_Abort_IT                                 build/stm32f0xx_hal_uart.o
HAL_UART_DMAPause                                 build/stm32f0xx_hal_uart.o
HAL_UART_DMAResume                                build/stm32f0xx_hal_uart.o
HAL_UART_DMAStop                                  build/stm32f0xx_hal_uart.o
HAL_UART_DeInit                                   build/stm32f0xx_hal_uart.o
HAL_UART_ErrorCallback                            build/stm32f0xx_hal_uart.o
HAL_UART_GetError                                 build/stm32f0xx_hal_uart.o
HAL_UART_GetState                                 build/stm32f0xx_hal_uart.o
HAL_UART_IRQHandler                               build/stm32f0xx_hal_uart.o
HAL_UART_Init                                     build/stm32f0xx_hal_uart.o
                                                  build/usart.o
HAL_UART_MspDeInit                                build/usart.o
HAL_UART_MspInit                                  build/usart.o
                                                  build/stm32f0xx_hal_uart_ex.o
HAL_UART_Receive                                  build/stm32f0xx_hal_uart.o
                                                  build/usart.o
HAL_UART_Receive_DMA                              build/stm32f0xx_hal_uart.o
HAL_UART_Receive_IT                               build/stm32f0xx_hal_uart.o
HAL_UART_RxCpltCallback                           build/stm32f0xx_hal_uart.o
HAL_UART_RxHalfCpltCallback                       build/stm32f0xx_hal_uart.o
HAL_UART_Transmit                                 build/stm32f0xx_hal_uart.o
                                                  build/usart.o
HAL_UART_Transmit_DMA                             build/stm32f0xx_hal_uart.o
HAL_UART_Transmit_IT                              build/stm32f0xx_hal_uart.o
HAL_UART_TxCpltCallback                           build/stm32f0xx_hal_uart.o
HAL_UART_TxHalfCpltCallback                       build/stm32f0xx_hal_uart.o
HardFault_Handler                                 build/stm32f0xx_it.o
I2C1_IRQHandler                                   build/startup_stm32f030xc.o
I2C2_IRQHandler                                   build/startup_stm32f030xc.o
MX_GPIO_Init                                      build/gpio.o
                                                  build/main.o
MX_I2C2_Init                                      build/i2c.o
                                                  build/main.o
MX_RTC_Init                                       build/rtc.o
                                                  build/main.o
MX_USART2_UART_Init                               build/usart.o
                                                  build/main.o
NMI_Handler                                       build/stm32f0xx_it.o
PendSV_Handler                                    build/stm32f0xx_it.o
PrintToUART                                       build/usart.o
RCC_IRQHandler                                    build/startup_stm32f030xc.o
RTC_Bcd2ToByte                                    build/stm32f0xx_hal_rtc.o
                                                  build/stm32f0xx_hal_rtc_ex.o
RTC_ByteToBcd2                                    build/stm32f0xx_hal_rtc.o
RTC_CalendarShow                                  build/rtc.o
RTC_EnterInitMode                                 build/stm32f0xx_hal_rtc.o
                                                  build/stm32f0xx_hal_rtc_ex.o
RTC_IRQHandler                                    build/startup_stm32f030xc.o
RTC_Set_Hours_Minutes                             build/rtc.o
ReadFromUART                                      build/usart.o
Reset_Handler                                     build/startup_stm32f030xc.o
SPI1_IRQHandler                                   build/startup_stm32f030xc.o
SPI2_IRQHandler                                   build/startup_stm32f030xc.o
SVC_Handler                                       build/stm32f0xx_it.o
SysTick_Handler                                   build/stm32f0xx_it.o
SystemClock_Config                                build/main.o
SystemCoreClock                                   build/system_stm32f0xx.o
                                                  build/stm32f0xx_hal_rcc.o
SystemCoreClockUpdate                             build/system_stm32f0xx.o
SystemInit                                        build/system_stm32f0xx.o
                                                  build/startup_stm32f030xc.o
TIM14_IRQHandler                                  build/startup_stm32f030xc.o
TIM15_IRQHandler                                  build/startup_stm32f030xc.o
TIM16_IRQHandler                                  build/startup_stm32f030xc.o
TIM17_IRQHandler                                  build/startup_stm32f030xc.o
TIM1_BRK_UP_TRG_COM_IRQHandler                    build/startup_stm32f030xc.o
TIM1_CC_IRQHandler                                build/startup_stm32f030xc.o
TIM3_IRQHandler                                   build/startup_stm32f030xc.o
TIM6_IRQHandler                                   build/startup_stm32f030xc.o
TIM7_IRQHandler                                   build/startup_stm32f030xc.o
UART_AdvFeatureConfig                             build/stm32f0xx_hal_uart.o
                                                  build/stm32f0xx_hal_uart_ex.o
UART_CheckIdleState                               build/stm32f0xx_hal_uart.o
                                                  build/stm32f0xx_hal_uart_ex.o
UART_EndTransmit_IT                               build/stm32f0xx_hal_uart.o
UART_Receive_IT                                   build/stm32f0xx_hal_uart.o
UART_SetConfig                                    build/stm32f0xx_hal_uart.o
                                                  build/stm32f0xx_hal_uart_ex.o
UART_Transmit_IT                                  build/stm32f0xx_hal_uart.o
UART_WaitOnFlagUntilTimeout                       build/stm32f0xx_hal_uart.o
USART1_IRQHandler                                 build/startup_stm32f030xc.o
USART2_IRQHandler                                 build/startup_stm32f030xc.o
USART3_6_IRQHandler                               build/startup_stm32f030xc.o
WWDG_IRQHandler                                   build/startup_stm32f030xc.o
_Error_Handler                                    build/main.o
                                                  build/usart.o
                                                  build/rtc.o
                                                  build/i2c.o
__aeabi_cdcmpeq                                   c:/program files (x86)/gnu tools arm embedded/7 2018-q2-update/bin/../lib/gcc/arm-none-eabi/7.3.1/thumb/v6-m\libgcc.a(_arm_cmpdf2.o)
__aeabi_cdcmple                                   c:/program files (x86)/gnu tools arm embedded/7 2018-q2-update/bin/../lib/gcc/arm-none-eabi/7.3.1/thumb/v6-m\libgcc.a(_arm_cmpdf2.o)
__aeabi_cdrcmple                                  c:/program files (x86)/gnu tools arm embedded/7 2018-q2-update/bin/../lib/gcc/arm-none-eabi/7.3.1/thumb/v6-m\libgcc.a(_arm_cmpdf2.o)
__aeabi_d2iz                                      c:/program files (x86)/gnu tools arm embedded/7 2018-q2-update/bin/../lib/gcc/arm-none-eabi/7.3.1/thumb/v6-m\libgcc.a(fixdfsi.o)
                                                  c:/program files (x86)/gnu tools arm embedded/7 2018-q2-update/bin/../lib/gcc/arm-none-eabi/7.3.1/thumb/v6-m\libgcc.a(_fixunsdfsi.o)
__aeabi_d2uiz                                     c:/program files (x86)/gnu tools arm embedded/7 2018-q2-update/bin/../lib/gcc/arm-none-eabi/7.3.1/thumb/v6-m\libgcc.a(_fixunsdfsi.o)
                                                  build/pca9685.o
__aeabi_dadd                                      c:/program files (x86)/gnu tools arm embedded/7 2018-q2-update/bin/../lib/gcc/arm-none-eabi/7.3.1/thumb/v6-m\libgcc.a(adddf3.o)
                                                  build/pca9685.o
__aeabi_dcmpeq                                    c:/program files (x86)/gnu tools arm embedded/7 2018-q2-update/bin/../lib/gcc/arm-none-eabi/7.3.1/thumb/v6-m\libgcc.a(_arm_cmpdf2.o)
__aeabi_dcmpge                                    c:/program files (x86)/gnu tools arm embedded/7 2018-q2-update/bin/../lib/gcc/arm-none-eabi/7.3.1/thumb/v6-m\libgcc.a(_arm_cmpdf2.o)
                                                  c:/program files (x86)/gnu tools arm embedded/7 2018-q2-update/bin/../lib/gcc/arm-none-eabi/7.3.1/thumb/v6-m\libgcc.a(_fixunsdfsi.o)
__aeabi_dcmpgt                                    c:/program files (x86)/gnu tools arm embedded/7 2018-q2-update/bin/../lib/gcc/arm-none-eabi/7.3.1/thumb/v6-m\libgcc.a(_arm_cmpdf2.o)
__aeabi_dcmple                                    c:/program files (x86)/gnu tools arm embedded/7 2018-q2-update/bin/../lib/gcc/arm-none-eabi/7.3.1/thumb/v6-m\libgcc.a(_arm_cmpdf2.o)
__aeabi_dcmplt                                    c:/program files (x86)/gnu tools arm embedded/7 2018-q2-update/bin/../lib/gcc/arm-none-eabi/7.3.1/thumb/v6-m\libgcc.a(_arm_cmpdf2.o)
__aeabi_ddiv                                      c:/program files (x86)/gnu tools arm embedded/7 2018-q2-update/bin/../lib/gcc/arm-none-eabi/7.3.1/thumb/v6-m\libgcc.a(divdf3.o)
                                                  build/pca9685.o
__aeabi_dsub                                      c:/program files (x86)/gnu tools arm embedded/7 2018-q2-update/bin/../lib/gcc/arm-none-eabi/7.3.1/thumb/v6-m\libgcc.a(subdf3.o)
                                                  c:/program files (x86)/gnu tools arm embedded/7 2018-q2-update/bin/../lib/gcc/arm-none-eabi/7.3.1/thumb/v6-m\libgcc.a(_fixunsdfsi.o)
__aeabi_idiv0                                     c:/program files (x86)/gnu tools arm embedded/7 2018-q2-update/bin/../lib/gcc/arm-none-eabi/7.3.1/thumb/v6-m\libgcc.a(_dvmd_tls.o)
                                                  c:/program files (x86)/gnu tools arm embedded/7 2018-q2-update/bin/../lib/gcc/arm-none-eabi/7.3.1/thumb/v6-m\libgcc.a(_udivsi3.o)
__aeabi_ldiv0                                     c:/program files (x86)/gnu tools arm embedded/7 2018-q2-update/bin/../lib/gcc/arm-none-eabi/7.3.1/thumb/v6-m\libgcc.a(_dvmd_tls.o)
__aeabi_ui2d                                      c:/program files (x86)/gnu tools arm embedded/7 2018-q2-update/bin/../lib/gcc/arm-none-eabi/7.3.1/thumb/v6-m\libgcc.a(floatunsidf.o)
                                                  build/pca9685.o
__aeabi_uidiv                                     c:/program files (x86)/gnu tools arm embedded/7 2018-q2-update/bin/../lib/gcc/arm-none-eabi/7.3.1/thumb/v6-m\libgcc.a(_udivsi3.o)
                                                  build/system_stm32f0xx.o
                                                  build/stm32f0xx_hal_dma.o
                                                  build/stm32f0xx_hal.o
                                                  build/stm32f0xx_hal_rcc.o
                                                  build/stm32f0xx_hal_uart.o
                                                  build/main.o
__aeabi_uidivmod                                  c:/program files (x86)/gnu tools arm embedded/7 2018-q2-update/bin/../lib/gcc/arm-none-eabi/7.3.1/thumb/v6-m\libgcc.a(_udivsi3.o)
                                                  c:/program files (x86)/gnu tools arm embedded/7 2018-q2-update/bin/../lib/gcc/arm-none-eabi/7.3.1/thumb/v6-m\libgcc.a(divdf3.o)
__bss_end__                                       c:/program files (x86)/gnu tools arm embedded/7 2018-q2-update/bin/../lib/gcc/arm-none-eabi/7.3.1/../../../../arm-none-eabi/lib/thumb/v6-m/crt0.o
__bss_start__                                     c:/program files (x86)/gnu tools arm embedded/7 2018-q2-update/bin/../lib/gcc/arm-none-eabi/7.3.1/../../../../arm-none-eabi/lib/thumb/v6-m/crt0.o
__call_exitprocs                                  c:/program files (x86)/gnu tools arm embedded/7 2018-q2-update/bin/../lib/gcc/arm-none-eabi/7.3.1/../../../../arm-none-eabi/lib/thumb/v6-m\libc_nano.a(lib_a-exit.o)
__clzsi2                                          c:/program files (x86)/gnu tools arm embedded/7 2018-q2-update/bin/../lib/gcc/arm-none-eabi/7.3.1/thumb/v6-m\libgcc.a(_clzsi2.o)
                                                  c:/program files (x86)/gnu tools arm embedded/7 2018-q2-update/bin/../lib/gcc/arm-none-eabi/7.3.1/thumb/v6-m\libgcc.a(floatunsidf.o)
                                                  c:/program files (x86)/gnu tools arm embedded/7 2018-q2-update/bin/../lib/gcc/arm-none-eabi/7.3.1/thumb/v6-m\libgcc.a(subdf3.o)
                                                  c:/program files (x86)/gnu tools arm embedded/7 2018-q2-update/bin/../lib/gcc/arm-none-eabi/7.3.1/thumb/v6-m\libgcc.a(divdf3.o)
                                                  c:/program files (x86)/gnu tools arm embedded/7 2018-q2-update/bin/../lib/gcc/arm-none-eabi/7.3.1/thumb/v6-m\libgcc.a(adddf3.o)
__deregister_frame_info                           c:/program files (x86)/gnu tools arm embedded/7 2018-q2-update/bin/../lib/gcc/arm-none-eabi/7.3.1/thumb/v6-m/crtbegin.o
__dso_handle                                      c:/program files (x86)/gnu tools arm embedded/7 2018-q2-update/bin/../lib/gcc/arm-none-eabi/7.3.1/thumb/v6-m/crtbegin.o
__eqdf2                                           c:/program files (x86)/gnu tools arm embedded/7 2018-q2-update/bin/../lib/gcc/arm-none-eabi/7.3.1/thumb/v6-m\libgcc.a(eqdf2.o)
                                                  c:/program files (x86)/gnu tools arm embedded/7 2018-q2-update/bin/../lib/gcc/arm-none-eabi/7.3.1/thumb/v6-m\libgcc.a(_arm_cmpdf2.o)
__fixunsdfsi                                      c:/program files (x86)/gnu tools arm embedded/7 2018-q2-update/bin/../lib/gcc/arm-none-eabi/7.3.1/thumb/v6-m\libgcc.a(_fixunsdfsi.o)
__gedf2                                           c:/program files (x86)/gnu tools arm embedded/7 2018-q2-update/bin/../lib/gcc/arm-none-eabi/7.3.1/thumb/v6-m\libgcc.a(gedf2.o)
                                                  c:/program files (x86)/gnu tools arm embedded/7 2018-q2-update/bin/../lib/gcc/arm-none-eabi/7.3.1/thumb/v6-m\libgcc.a(_arm_cmpdf2.o)
__gtdf2                                           c:/program files (x86)/gnu tools arm embedded/7 2018-q2-update/bin/../lib/gcc/arm-none-eabi/7.3.1/thumb/v6-m\libgcc.a(gedf2.o)
__init_array_end                                  c:/program files (x86)/gnu tools arm embedded/7 2018-q2-update/bin/../lib/gcc/arm-none-eabi/7.3.1/../../../../arm-none-eabi/lib/thumb/v6-m\libc_nano.a(lib_a-init.o)
__init_array_start                                c:/program files (x86)/gnu tools arm embedded/7 2018-q2-update/bin/../lib/gcc/arm-none-eabi/7.3.1/../../../../arm-none-eabi/lib/thumb/v6-m\libc_nano.a(lib_a-init.o)
__ledf2                                           c:/program files (x86)/gnu tools arm embedded/7 2018-q2-update/bin/../lib/gcc/arm-none-eabi/7.3.1/thumb/v6-m\libgcc.a(ledf2.o)
                                                  c:/program files (x86)/gnu tools arm embedded/7 2018-q2-update/bin/../lib/gcc/arm-none-eabi/7.3.1/thumb/v6-m\libgcc.a(_arm_cmpdf2.o)
__libc_fini_array                                 c:/program files (x86)/gnu tools arm embedded/7 2018-q2-update/bin/../lib/gcc/arm-none-eabi/7.3.1/../../../../arm-none-eabi/lib/thumb/v6-m/crt0.o
__libc_init_array                                 c:/program files (x86)/gnu tools arm embedded/7 2018-q2-update/bin/../lib/gcc/arm-none-eabi/7.3.1/../../../../arm-none-eabi/lib/thumb/v6-m\libc_nano.a(lib_a-init.o)
                                                  build/startup_stm32f030xc.o
                                                  c:/program files (x86)/gnu tools arm embedded/7 2018-q2-update/bin/../lib/gcc/arm-none-eabi/7.3.1/../../../../arm-none-eabi/lib/thumb/v6-m/crt0.o
__ltdf2                                           c:/program files (x86)/gnu tools arm embedded/7 2018-q2-update/bin/../lib/gcc/arm-none-eabi/7.3.1/thumb/v6-m\libgcc.a(ledf2.o)
__nedf2                                           c:/program files (x86)/gnu tools arm embedded/7 2018-q2-update/bin/../lib/gcc/arm-none-eabi/7.3.1/thumb/v6-m\libgcc.a(eqdf2.o)
__preinit_array_end                               c:/program files (x86)/gnu tools arm embedded/7 2018-q2-update/bin/../lib/gcc/arm-none-eabi/7.3.1/../../../../arm-none-eabi/lib/thumb/v6-m\libc_nano.a(lib_a-init.o)
__preinit_array_start                             c:/program files (x86)/gnu tools arm embedded/7 2018-q2-update/bin/../lib/gcc/arm-none-eabi/7.3.1/../../../../arm-none-eabi/lib/thumb/v6-m\libc_nano.a(lib_a-init.o)
__register_frame_info                             c:/program files (x86)/gnu tools arm embedded/7 2018-q2-update/bin/../lib/gcc/arm-none-eabi/7.3.1/thumb/v6-m/crtbegin.o
__sf_fake_stderr                                  c:/program files (x86)/gnu tools arm embedded/7 2018-q2-update/bin/../lib/gcc/arm-none-eabi/7.3.1/../../../../arm-none-eabi/lib/thumb/v6-m\libc_nano.a(lib_a-impure.o)
__sf_fake_stdin                                   c:/program files (x86)/gnu tools arm embedded/7 2018-q2-update/bin/../lib/gcc/arm-none-eabi/7.3.1/../../../../arm-none-eabi/lib/thumb/v6-m\libc_nano.a(lib_a-impure.o)
__sf_fake_stdout                                  c:/program files (x86)/gnu tools arm embedded/7 2018-q2-update/bin/../lib/gcc/arm-none-eabi/7.3.1/../../../../arm-none-eabi/lib/thumb/v6-m\libc_nano.a(lib_a-impure.o)
__stack                                           c:/program files (x86)/gnu tools arm embedded/7 2018-q2-update/bin/../lib/gcc/arm-none-eabi/7.3.1/../../../../arm-none-eabi/lib/thumb/v6-m/crt0.o
__udivsi3                                         c:/program files (x86)/gnu tools arm embedded/7 2018-q2-update/bin/../lib/gcc/arm-none-eabi/7.3.1/thumb/v6-m\libgcc.a(_udivsi3.o)
_ebss                                             build/startup_stm32f030xc.o
_edata                                            build/startup_stm32f030xc.o
_estack                                           build/startup_stm32f030xc.o
_exit                                             c:/program files (x86)/gnu tools arm embedded/7 2018-q2-update/bin/../lib/gcc/arm-none-eabi/7.3.1/../../../../arm-none-eabi/lib/thumb/v6-m\libnosys.a(_exit.o)
                                                  c:/program files (x86)/gnu tools arm embedded/7 2018-q2-update/bin/../lib/gcc/arm-none-eabi/7.3.1/../../../../arm-none-eabi/lib/thumb/v6-m\libc_nano.a(lib_a-exit.o)
_fini                                             c:/program files (x86)/gnu tools arm embedded/7 2018-q2-update/bin/../lib/gcc/arm-none-eabi/7.3.1/thumb/v6-m/crti.o
_global_impure_ptr                                c:/program files (x86)/gnu tools arm embedded/7 2018-q2-update/bin/../lib/gcc/arm-none-eabi/7.3.1/../../../../arm-none-eabi/lib/thumb/v6-m\libc_nano.a(lib_a-impure.o)
                                                  c:/program files (x86)/gnu tools arm embedded/7 2018-q2-update/bin/../lib/gcc/arm-none-eabi/7.3.1/../../../../arm-none-eabi/lib/thumb/v6-m\libc_nano.a(lib_a-exit.o)
_impure_ptr                                       c:/program files (x86)/gnu tools arm embedded/7 2018-q2-update/bin/../lib/gcc/arm-none-eabi/7.3.1/../../../../arm-none-eabi/lib/thumb/v6-m\libc_nano.a(lib_a-impure.o)
_init                                             c:/program files (x86)/gnu tools arm embedded/7 2018-q2-update/bin/../lib/gcc/arm-none-eabi/7.3.1/thumb/v6-m/crti.o
                                                  c:/program files (x86)/gnu tools arm embedded/7 2018-q2-update/bin/../lib/gcc/arm-none-eabi/7.3.1/../../../../arm-none-eabi/lib/thumb/v6-m\libc_nano.a(lib_a-init.o)
_mainCRTStartup                                   c:/program files (x86)/gnu tools arm embedded/7 2018-q2-update/bin/../lib/gcc/arm-none-eabi/7.3.1/../../../../arm-none-eabi/lib/thumb/v6-m/crt0.o
_sbss                                             build/startup_stm32f030xc.o
_sdata                                            build/startup_stm32f030xc.o
_sidata                                           build/startup_stm32f030xc.o
_start                                            c:/program files (x86)/gnu tools arm embedded/7 2018-q2-update/bin/../lib/gcc/arm-none-eabi/7.3.1/../../../../arm-none-eabi/lib/thumb/v6-m/crt0.o
aShowDate                                         build/rtc.o
aShowTime                                         build/rtc.o
atexit                                            c:/program files (x86)/gnu tools arm embedded/7 2018-q2-update/bin/../lib/gcc/arm-none-eabi/7.3.1/../../../../arm-none-eabi/lib/thumb/v6-m/crt0.o
debugPrint                                        build/rtc.o
exit                                              c:/program files (x86)/gnu tools arm embedded/7 2018-q2-update/bin/../lib/gcc/arm-none-eabi/7.3.1/../../../../arm-none-eabi/lib/thumb/v6-m\libc_nano.a(lib_a-exit.o)
                                                  c:/program files (x86)/gnu tools arm embedded/7 2018-q2-update/bin/../lib/gcc/arm-none-eabi/7.3.1/../../../../arm-none-eabi/lib/thumb/v6-m/crt0.o
g_pfnVectors                                      build/startup_stm32f030xc.o
hardware_init_hook                                c:/program files (x86)/gnu tools arm embedded/7 2018-q2-update/bin/../lib/gcc/arm-none-eabi/7.3.1/../../../../arm-none-eabi/lib/thumb/v6-m/crt0.o
hi2c2                                             build/i2c.o
hrtc                                              build/rtc.o
huart2                                            build/usart.o
i2c_master_read                                   build/i2c.o
                                                  build/pca9685.o
i2c_master_write                                  build/i2c.o
                                                  build/pca9685.o
main                                              build/main.o
                                                  build/startup_stm32f030xc.o
                                                  c:/program files (x86)/gnu tools arm embedded/7 2018-q2-update/bin/../lib/gcc/arm-none-eabi/7.3.1/../../../../arm-none-eabi/lib/thumb/v6-m/crt0.o
memset                                            c:/program files (x86)/gnu tools arm embedded/7 2018-q2-update/bin/../lib/gcc/arm-none-eabi/7.3.1/../../../../arm-none-eabi/lib/thumb/v6-m\libc_nano.a(lib_a-memset.o)
                                                  c:/program files (x86)/gnu tools arm embedded/7 2018-q2-update/bin/../lib/gcc/arm-none-eabi/7.3.1/../../../../arm-none-eabi/lib/thumb/v6-m/crt0.o
pFlash                                            build/stm32f0xx_hal_flash.o
                                                  build/stm32f0xx_hal_flash_ex.o
pca9685_init                                      build/pca9685.o
                                                  build/main.o
pca9685_set_frequency                             build/pca9685.o
pca9685_set_output_enable                         build/pca9685.o
pca9685_set_pin                                   build/pca9685.o
                                                  build/main.o
pca9685_set_pwm                                   build/pca9685.o
set_OutputEnable_PCA9685                          build/gpio.o
                                                  build/pca9685.o
software_init_hook                                c:/program files (x86)/gnu tools arm embedded/7 2018-q2-update/bin/../lib/gcc/arm-none-eabi/7.3.1/../../../../arm-none-eabi/lib/thumb/v6-m/crt0.o
strlen                                            c:/program files (x86)/gnu tools arm embedded/7 2018-q2-update/bin/../lib/gcc/arm-none-eabi/7.3.1/../../../../arm-none-eabi/lib/thumb/v6-m\libc_nano.a(lib_a-strlen.o)
                                                  build/usart.o
uwTick                                            build/stm32f0xx_hal.o
